Archive member included to satisfy reference by file (symbol)

app/libapp.a(main.c.obj)      (--whole-archive)
app/libapp.a(dbus_app_layer.c.obj)
                              (--whole-archive)
app/libapp.a(spi_abstraction.c.obj)
                              (--whole-archive)
app/libapp.a(dbus_config.c.obj)
                              (--whole-archive)
zephyr/libzephyr.a(validate_libc.c.obj)
                              (--whole-archive)
zephyr/libzephyr.a(heap.c.obj)
                              (--whole-archive)
zephyr/libzephyr.a(cbprintf_packaged.c.obj)
                              (--whole-archive)
zephyr/libzephyr.a(clock.c.obj)
                              (--whole-archive)
zephyr/libzephyr.a(printk.c.obj)
                              (--whole-archive)
zephyr/libzephyr.a(sem.c.obj)
                              (--whole-archive)
zephyr/libzephyr.a(thread_entry.c.obj)
                              (--whole-archive)
zephyr/libzephyr.a(cbprintf_complete.c.obj)
                              (--whole-archive)
zephyr/libzephyr.a(assert.c.obj)
                              (--whole-archive)
zephyr/libzephyr.a(mpsc_pbuf.c.obj)
                              (--whole-archive)
zephyr/libzephyr.a(dec.c.obj)
                              (--whole-archive)
zephyr/libzephyr.a(hex.c.obj)
                              (--whole-archive)
zephyr/libzephyr.a(rb.c.obj)  (--whole-archive)
zephyr/libzephyr.a(timeutil.c.obj)
                              (--whole-archive)
zephyr/libzephyr.a(bitarray.c.obj)
                              (--whole-archive)
zephyr/libzephyr.a(ring_buffer.c.obj)
                              (--whole-archive)
zephyr/libzephyr.a(last_section_id.c.obj)
                              (--whole-archive)
zephyr/libzephyr.a(configs.c.obj)
                              (--whole-archive)
zephyr/libzephyr.a(soc.c.obj)
                              (--whole-archive)
zephyr/libzephyr.a(flexspi_clock_setup.c.obj)
                              (--whole-archive)
zephyr/libzephyr.a(log_core.c.obj)
                              (--whole-archive)
zephyr/libzephyr.a(log_mgmt.c.obj)
                              (--whole-archive)
zephyr/libzephyr.a(log_cache.c.obj)
                              (--whole-archive)
zephyr/libzephyr.a(log_msg.c.obj)
                              (--whole-archive)
zephyr/libzephyr.a(log_output.c.obj)
                              (--whole-archive)
zephyr/libzephyr.a(log_backend_uart.c.obj)
                              (--whole-archive)
zephyr/libzephyr.a(mem_attr.c.obj)
                              (--whole-archive)
zephyr/libzephyr.a(tracing_none.c.obj)
                              (--whole-archive)
zephyr/arch/common/libarch__common.a(sw_isr_common.c.obj)
                              (--whole-archive)
zephyr/arch/arch/arm/core/libarch__arm__core.a(fatal.c.obj)
                              (--whole-archive)
zephyr/arch/arch/arm/core/libarch__arm__core.a(nmi.c.obj)
                              (--whole-archive)
zephyr/arch/arch/arm/core/libarch__arm__core.a(nmi_on_reset.S.obj)
                              (--whole-archive)
zephyr/arch/arch/arm/core/libarch__arm__core.a(tls.c.obj)
                              (--whole-archive)
zephyr/arch/arch/arm/core/cortex_m/libarch__arm__core__cortex_m.a(exc_exit.c.obj)
                              (--whole-archive)
zephyr/arch/arch/arm/core/cortex_m/libarch__arm__core__cortex_m.a(fault.c.obj)
                              (--whole-archive)
zephyr/arch/arch/arm/core/cortex_m/libarch__arm__core__cortex_m.a(fault_s.S.obj)
                              (--whole-archive)
zephyr/arch/arch/arm/core/cortex_m/libarch__arm__core__cortex_m.a(fpu.c.obj)
                              (--whole-archive)
zephyr/arch/arch/arm/core/cortex_m/libarch__arm__core__cortex_m.a(reset.S.obj)
                              (--whole-archive)
zephyr/arch/arch/arm/core/cortex_m/libarch__arm__core__cortex_m.a(scb.c.obj)
                              (--whole-archive)
zephyr/arch/arch/arm/core/cortex_m/libarch__arm__core__cortex_m.a(thread_abort.c.obj)
                              (--whole-archive)
zephyr/arch/arch/arm/core/cortex_m/libarch__arm__core__cortex_m.a(vector_table.S.obj)
                              (--whole-archive)
zephyr/arch/arch/arm/core/cortex_m/libarch__arm__core__cortex_m.a(swap_helper.S.obj)
                              (--whole-archive)
zephyr/arch/arch/arm/core/cortex_m/libarch__arm__core__cortex_m.a(irq_manage.c.obj)
                              (--whole-archive)
zephyr/arch/arch/arm/core/cortex_m/libarch__arm__core__cortex_m.a(prep_c.c.obj)
                              (--whole-archive)
zephyr/arch/arch/arm/core/cortex_m/libarch__arm__core__cortex_m.a(thread.c.obj)
                              (--whole-archive)
zephyr/arch/arch/arm/core/cortex_m/libarch__arm__core__cortex_m.a(cpu_idle.c.obj)
                              (--whole-archive)
zephyr/arch/arch/arm/core/cortex_m/libarch__arm__core__cortex_m.a(irq_init.c.obj)
[...]
Memory Configuration

Name             Origin             Length             Attributes
FLASH            0x0000000018000000 0x0000000004000000 xr
RAM              0x0000000010040000 0x00000000000f0000 xw
SMU1             0x0000000041380000 0x000000000007f800 rw
SMU2             0x00000000443c0000 0x0000000000023000 rw
IDT_LIST         0x00000000ffff7fff 0x0000000000008000 xw
*default*        0x0000000000000000 0xffffffffffffffff

Linker script and memory map

                0x00000000180080c8                vfprintf = __l_vfprintf
                0x0000000000000000                vfscanf = __l_vfscanf
LOAD zephyr/CMakeFiles/zephyr_final.dir/misc/empty_file.c.obj
LOAD zephyr/CMakeFiles/zephyr_final.dir/isr_tables.c.obj
LOAD zephyr/CMakeFiles/offsets.dir/./arch/arm/core/offsets/offsets.c.obj
LOAD app/libapp.a
LOAD zephyr/libzephyr.a
LOAD zephyr/arch/common/libarch__common.a
LOAD zephyr/arch/arch/arm/core/libarch__arm__core.a
LOAD zephyr/arch/arch/arm/core/cortex_m/libarch__arm__core__cortex_m.a
LOAD zephyr/arch/arch/arm/core/cortex_m/cmse/libarch__arm__core__cortex_m__cmse.a
LOAD zephyr/arch/arch/arm/core/mpu/libarch__arm__core__mpu.a
LOAD zephyr/lib/libc/picolibc/liblib__libc__picolibc.a
LOAD zephyr/lib/libc/common/liblib__libc__common.a
LOAD zephyr/boards/nxp/frdm_rw612/libboards__nxp__frdm_rw612.a
LOAD zephyr/drivers/interrupt_controller/libdrivers__interrupt_controller.a
LOAD zephyr/drivers/clock_control/libdrivers__clock_control.a
LOAD zephyr/drivers/console/libdrivers__console.a
LOAD zephyr/drivers/gpio/libdrivers__gpio.a
LOAD zephyr/drivers/pinctrl/libdrivers__pinctrl.a
LOAD zephyr/drivers/reset/libdrivers__reset.a
LOAD zephyr/drivers/serial/libdrivers__serial.a
LOAD zephyr/drivers/spi/libdrivers__spi.a
LOAD zephyr/drivers/timer/libdrivers__timer.a
LOAD modules/hal_nxp/libmodules__hal_nxp.a
LOAD zephyr/kernel/libkernel.a
LOAD zephyr/arch/common/libisr_tables.a
LOAD /home/wis3re/zephyr-sdk-0.17.4/arm-zephyr-eabi/bin/../lib/gcc/../../picolibc/arm-zephyr-eabi/lib/thumb/v8-m.main/nofp/libc.a
LOAD /home/wis3re/zephyr-sdk-0.17.4/arm-zephyr-eabi/bin/../lib/gcc/arm-zephyr-eabi/12.2.0/thumb/v8-m.main/nofp/libgcc.a
                0x0000000000000020                _region_min_align = 0x20

.rel.plt        0x0000000018000000        0x0
 *(SORT_BY_ALIGNMENT(.rel.plt))
                [!provide]                        PROVIDE (__rel_iplt_start = .)
 *(SORT_BY_ALIGNMENT(.rel.iplt))
 .rel.iplt      0x0000000018000000        0x0 zephyr/CMakeFiles/zephyr_final.dir/isr_tables.c.obj
                [!provide]                        PROVIDE (__rel_iplt_end = .)

.rela.plt       0x0000000000000000        0x0
 *(SORT_BY_ALIGNMENT(.rela.plt))
                [!provide]                        PROVIDE (__rela_iplt_start = .)
 *(SORT_BY_ALIGNMENT(.rela.iplt))
                [!provide]                        PROVIDE (__rela_iplt_end = .)

.rel.dyn
 *(SORT_BY_ALIGNMENT(.rel.*))

.rela.dyn
 *(SORT_BY_ALIGNMENT(.rela.*))

/DISCARD/
 *(SORT_BY_ALIGNMENT(.plt))

/DISCARD/
 *(SORT_BY_ALIGNMENT(.iplt))
                0x0000000018000000                __rom_region_start = 0x18000000

rom_start       0x0000000018000000     0x1644
                0x0000000018000000                __rom_start_address = .
 FILL mask 0x00
                0x0000000018000400                . = (. + (0x400 - (. - __rom_start_address)))
 *fill*         0x0000000018000000      0x400 00
 *(SORT_BY_ALIGNMENT(.flash_conf))
 .flash_conf    0x0000000018000400      0xc00 zephyr/boards/nxp/frdm_rw612/libboards__nxp__frdm_rw612.a(W25Q512JVFIQ_FCB.c.obj)
                0x0000000018000400                flexspi_config
                0x0000000018001000                . = (. + (0x1000 - (. - __rom_start_address)))
 *(SORT_BY_ALIGNMENT(.boot_hdr.ivt))
 .boot_hdr.ivt  0x0000000018001000       0x40 zephyr/libzephyr.a(soc.c.obj)
                0x0000000018001000                image_vector_table
                0x0000000018001300                . = (. + (0x1300 - (. - __rom_start_address)))
 *fill*         0x0000000018001040      0x2c0 00
                0x0000000018001300                . = ALIGN (0x4)
                0x0000000018001300                . = ALIGN (0x80)
                0x0000000018001400                . = ALIGN (0x400)
 *fill*         0x0000000018001300      0x100 00
                0x0000000018001400                _vector_start = .
 *(SORT_BY_ALIGNMENT(.exc_vector_table))
 *(SORT_BY_ALIGNMENT(.exc_vector_table.*))
 .exc_vector_table._vector_table_section
                0x0000000018001400       0x40 zephyr/arch/arch/arm/core/cortex_m/libarch__arm__core__cortex_m.a(vector_table.S.obj)
                0x0000000018001400                _vector_table
 *(SORT_BY_ALIGNMENT(.vectors))
                0x0000000018001644                _vector_end = .
                0x0000000018001440                . = ALIGN (0x4)
 *(SORT_BY_ALIGNMENT(.gnu.linkonce.irq_vector_table*))
 .gnu.linkonce.irq_vector_table
                0x0000000018001440      0x204 zephyr/CMakeFiles/zephyr_final.dir/isr_tables.c.obj
                0x0000000018001440                _irq_vector_table
                0x0000000018001644                _vector_end = .

text            0x0000000018001648     0x8a38
                0x0000000018001648                __text_region_start = .
 *(SORT_BY_ALIGNMENT(.text))
 .text          0x0000000018001648       0xa0 modules/hal_nxp/libmodules__hal_nxp.a(fsl_memcpy.S.obj)
                0x0000000018001648                memcpy
 .text          0x00000000180016e8       0x30 /home/wis3re/zephyr-sdk-0.17.4/arm-zephyr-eabi/bin/../lib/gcc/arm-zephyr-eabi/12.2.0/thumb/v8-m.main/nofp/libgcc.a(_aeabi_uldivmod.o)
                0x00000000180016e8                __aeabi_uldivmod
 .text          0x0000000018001718        0x4 /home/wis3re/zephyr-sdk-0.17.4/arm-zephyr-eabi/bin/../lib/gcc/arm-zephyr-eabi/12.2.0/thumb/v8-m.main/nofp/libgcc.a(_dvmd_tls.o)
                0x0000000018001718                __aeabi_ldiv0
                0x0000000018001718                __aeabi_idiv0
 .text          0x000000001800171c       0x10 /home/wis3re/zephyr-sdk-0.17.4/arm-zephyr-eabi/bin/../lib/gcc/../../picolibc/arm-zephyr-eabi/lib/thumb/v8-m.main/nofp/libc.a(strlen.S.o)
                0x000000001800171c                strlen
 .text          0x000000001800172c      0x29c /home/wis3re/zephyr-sdk-0.17.4/arm-zephyr-eabi/bin/../lib/gcc/arm-zephyr-eabi/12.2.0/thumb/v8-m.main/nofp/libgcc.a(_udivmoddi4.o)
                0x000000001800172c                __udivmoddi4
 *(SORT_BY_ALIGNMENT(.text.*))
 .text.transceive
                0x00000000180019c8      0x3c0 zephyr/drivers/spi/libdrivers__spi.a(spi_mcux_flexcomm.c.obj)
 .text.my_test_service_handler
                0x0000000018001d88       0x38 app/libapp.a(main.c.obj)
                0x0000000018001d88                my_test_service_handler
 .text.main     0x0000000018001dc0      0x124 app/libapp.a(main.c.obj)
                0x0000000018001dc0                main
 .text.dbal_connection_sm.constprop.0
                0x0000000018001ee4       0x64 app/libapp.a(dbus_app_layer.c.obj)
 .text.dbal_clear_retry_counters.constprop.0
                0x0000000018001f48       0x10 app/libapp.a(dbus_app_layer.c.obj)
 .text.dbal_clear_msgs_to_repeat.constprop.0
                0x0000000018001f58       0x60 app/libapp.a(dbus_app_layer.c.obj)
 .text.dbal_tx_thread_entry
                0x0000000018001fb8       0x64 app/libapp.a(dbus_app_layer.c.obj)
                0x0000000018001fb8                dbal_tx_thread_entry
 .text.dbal_io_dbus_handler_send.constprop.0.isra.0
                0x000000001800201c      0x160 app/libapp.a(dbus_app_layer.c.obj)
 .text.dbal_msg_timer_cb
                0x000000001800217c      0x100 app/libapp.a(dbus_app_layer.c.obj)
                0x000000001800217c                dbal_msg_timer_cb
 .text.dbal_con_msg_timer_cb
                0x000000001800227c       0x94 app/libapp.a(dbus_app_layer.c.obj)
                0x000000001800227c                dbal_con_msg_timer_cb
 .text.dbal_register_service_handler
                0x0000000018002310       0x44 app/libapp.a(dbus_app_layer.c.obj)
                0x0000000018002310                dbal_register_service_handler
 .text.dbal_init
                0x0000000018002354       0xd4 app/libapp.a(dbus_app_layer.c.obj)
                0x0000000018002354                dbal_init
 .text.dbal_send_cmd_response
                0x0000000018002428       0x2c app/libapp.a(dbus_app_layer.c.obj)
                0x0000000018002428                dbal_send_cmd_response
 .text.dbal_send_event
                0x0000000018002454       0x2c app/libapp.a(dbus_app_layer.c.obj)
                0x0000000018002454                dbal_send_event
 .text.dbal_send_ack_nack
                0x0000000018002480       0x44 app/libapp.a(dbus_app_layer.c.obj)
                0x0000000018002480                dbal_send_ack_nack
 .text.dbal_spi_rx_callback
                0x00000000180024c4      0x13c app/libapp.a(dbus_app_layer.c.obj)
 .text.dbal_rx_thread_entry
                0x0000000018002600       0x50 app/libapp.a(dbus_app_layer.c.obj)
                0x0000000018002600                dbal_rx_thread_entry
 .text.spi_abstraction_init
                0x0000000018002650       0xb0 app/libapp.a(spi_abstraction.c.obj)
                0x0000000018002650                spi_abstraction_init
 .text.spi_abstraction_send
                0x0000000018002700       0xf0 app/libapp.a(spi_abstraction.c.obj)
                0x0000000018002700                spi_abstraction_send
 .text.spi_abstraction_register_rx_callback
                0x00000000180027f0       0x34 app/libapp.a(spi_abstraction.c.obj)
                0x00000000180027f0                spi_abstraction_register_rx_callback
 .text.spi_abstraction_set_rx_msg_queue
                0x0000000018002824       0x34 app/libapp.a(spi_abstraction.c.obj)
                0x0000000018002824                spi_abstraction_set_rx_msg_queue
 .text.cbvprintf_package
                0x0000000018002858      0x3a4 zephyr/libzephyr.a(cbprintf_packaged.c.obj)
                0x0000000018002858                cbvprintf_package
 .text.cbprintf_package_convert
                0x0000000018002bfc      0x3d0 zephyr/libzephyr.a(cbprintf_packaged.c.obj)
                0x0000000018002bfc                cbprintf_package_convert
 .text.__printk_hook_install
                0x0000000018002fcc        0xc zephyr/libzephyr.a(printk.c.obj)
                0x0000000018002fcc                __printk_hook_install
 .text.z_thread_entry
                0x0000000018002fd8       0x34 zephyr/libzephyr.a(thread_entry.c.obj)
                0x0000000018002fd8                z_thread_entry
 .text.soc_early_init_hook
                0x000000001800300c       0x24 zephyr/libzephyr.a(soc.c.obj)
                0x000000001800300c                soc_early_init_hook
 .text.activate_foreach_backend
                0x0000000018003030       0x64 zephyr/libzephyr.a(log_core.c.obj)
 .text.enable_logger
                0x0000000018003094       0x5c zephyr/libzephyr.a(log_core.c.obj)
 .text.log_process_thread_timer_expiry_fn
                0x00000000180030f0        0xc zephyr/libzephyr.a(log_core.c.obj)
 .text.z_log_init
                0x00000000180030fc       0x94 zephyr/libzephyr.a(log_core.c.obj)
 .text.log_format_func_t_get
                0x0000000018003190        0xc zephyr/libzephyr.a(log_core.c.obj)
                0x0000000018003190                log_format_func_t_get
 .text.log_set_timestamp_func
                0x000000001800319c       0x20 zephyr/libzephyr.a(log_core.c.obj)
                0x000000001800319c                log_set_timestamp_func
 .text.z_log_notify_backend_enabled
                0x00000000180031bc       0x1c zephyr/libzephyr.a(log_core.c.obj)
                0x00000000180031bc                z_log_notify_backend_enabled
 .text.z_log_dropped
                0x00000000180031d8       0x3c zephyr/libzephyr.a(log_core.c.obj)
                0x00000000180031d8                z_log_dropped
 .text.z_log_dropped_read_and_clear
                0x0000000018003214       0x18 zephyr/libzephyr.a(log_core.c.obj)
                0x0000000018003214                z_log_dropped_read_and_clear
 .text.dropped_notify
                0x000000001800322c       0x30 zephyr/libzephyr.a(log_core.c.obj)
                0x000000001800322c                dropped_notify
 .text.z_log_msg_init
                0x000000001800325c       0x20 zephyr/libzephyr.a(log_core.c.obj)
                0x000000001800325c                z_log_msg_init
 .text.log_core_init
                0x000000001800327c       0x54 zephyr/libzephyr.a(log_core.c.obj)
                0x000000001800327c                log_core_init
 .text.z_log_msg_alloc
                0x00000000180032d0       0x10 zephyr/libzephyr.a(log_core.c.obj)
                0x00000000180032d0                z_log_msg_alloc
 .text.z_log_msg_local_claim
                0x00000000180032e0        0xc zephyr/libzephyr.a(log_core.c.obj)
                0x00000000180032e0                z_log_msg_local_claim
 .text.z_log_msg_free
                0x00000000180032ec       0x10 zephyr/libzephyr.a(log_core.c.obj)
                0x00000000180032ec                z_log_msg_free
 .text.z_log_msg_pending
                0x00000000180032fc        0xc zephyr/libzephyr.a(log_core.c.obj)
                0x00000000180032fc                z_log_msg_pending
 .text.z_impl_log_process
                0x0000000018003308       0xa4 zephyr/libzephyr.a(log_core.c.obj)
                0x0000000018003308                z_impl_log_process
 .text.z_impl_log_panic
                0x00000000180033ac       0x44 zephyr/libzephyr.a(log_core.c.obj)
                0x00000000180033ac                z_impl_log_panic
 .text.log_process_thread_func
                0x00000000180033f0       0xa4 zephyr/libzephyr.a(log_core.c.obj)
 .text.z_log_msg_post_finalize
                0x0000000018003494       0x78 zephyr/libzephyr.a(log_core.c.obj)
 .text.z_log_msg_commit
                0x000000001800350c       0x24 zephyr/libzephyr.a(log_core.c.obj)
                0x000000001800350c                z_log_msg_commit
 .text.log_source_name_get
                0x0000000018003530       0x1c zephyr/libzephyr.a(log_mgmt.c.obj)
                0x0000000018003530                log_source_name_get
 .text.z_impl_z_log_msg_static_create
                0x000000001800354c      0x108 zephyr/libzephyr.a(log_msg.c.obj)
                0x000000001800354c                z_impl_z_log_msg_static_create
 .text.z_log_msg_runtime_vcreate
                0x0000000018003654       0xa0 zephyr/libzephyr.a(log_msg.c.obj)
                0x0000000018003654                z_log_msg_runtime_vcreate
 .text.log_msg_get_source_id
                0x00000000180036f4       0x18 zephyr/libzephyr.a(log_msg.c.obj)
                0x00000000180036f4                log_msg_get_source_id
 .text.print_formatted
                0x000000001800370c       0x24 zephyr/libzephyr.a(log_output.c.obj)
 .text.newline_print
                0x0000000018003730       0x1c zephyr/libzephyr.a(log_output.c.obj)
 .text.log_output_process
                0x000000001800374c      0x2d4 zephyr/libzephyr.a(log_output.c.obj)
                0x000000001800374c                log_output_process
 .text.log_output_dropped_process
                0x0000000018003a20       0x58 zephyr/libzephyr.a(log_output.c.obj)
                0x0000000018003a20                log_output_dropped_process
 .text.log_output_timestamp_freq_set
                0x0000000018003a78       0x2c zephyr/libzephyr.a(log_output.c.obj)
                0x0000000018003a78                log_output_timestamp_freq_set
 .text.char_out
                0x0000000018003aa4       0x24 zephyr/libzephyr.a(log_backend_uart.c.obj)
 .text.mem_attr_get_regions
                0x0000000018003ac8        0xc zephyr/libzephyr.a(mem_attr.c.obj)
                0x0000000018003ac8                mem_attr_get_regions
 .text.z_arm_fatal_error
                0x0000000018003ad4       0xb8 zephyr/arch/arch/arm/core/libarch__arm__core.a(fatal.c.obj)
                0x0000000018003ad4                z_arm_fatal_error
 .text.z_SysNmiOnReset
                0x0000000018003b8c        0x8 zephyr/arch/arch/arm/core/libarch__arm__core.a(nmi_on_reset.S.obj)
                0x0000000018003b8c                z_SysNmiOnReset
 .text.arch_tls_stack_setup
                0x0000000018003b94       0x40 zephyr/arch/arch/arm/core/libarch__arm__core.a(tls.c.obj)
                0x0000000018003b94                arch_tls_stack_setup
 .text._HandlerModeExit
                0x0000000018003bd4       0x20 zephyr/arch/arch/arm/core/cortex_m/libarch__arm__core__cortex_m.a(exc_exit.c.obj)
                0x0000000018003bd4                z_arm_exc_exit
                0x0000000018003bd4                z_arm_int_exit
 .text.mem_manage_fault.constprop.0
                0x0000000018003bf4       0xd0 zephyr/arch/arch/arm/core/cortex_m/libarch__arm__core__cortex_m.a(fault.c.obj)
 .text.usage_fault.constprop.0
                0x0000000018003cc4       0xbc zephyr/arch/arch/arm/core/cortex_m/libarch__arm__core__cortex_m.a(fault.c.obj)
 .text.secure_fault.constprop.0
                0x0000000018003d80       0xec zephyr/arch/arch/arm/core/cortex_m/libarch__arm__core__cortex_m.a(fault.c.obj)
 .text.bus_fault.constprop.0
                0x0000000018003e6c       0xd0 zephyr/arch/arch/arm/core/cortex_m/libarch__arm__core__cortex_m.a(fault.c.obj)
 .text.z_arm_fault
                0x0000000018003f3c      0x214 zephyr/arch/arch/arm/core/cortex_m/libarch__arm__core__cortex_m.a(fault.c.obj)
                0x0000000018003f3c                z_arm_fault
 .text.z_arm_fault_init
                0x0000000018004150       0x20 zephyr/arch/arch/arm/core/cortex_m/libarch__arm__core__cortex_m.a(fault.c.obj)
                0x0000000018004150                z_arm_fault_init
 .text.__fault  0x0000000018004170       0x14 zephyr/arch/arch/arm/core/cortex_m/libarch__arm__core__cortex_m.a(fault_s.S.obj)
                0x0000000018004170                z_arm_secure_fault
                0x0000000018004170                z_arm_bus_fault
                0x0000000018004170                z_arm_usage_fault
                0x0000000018004170                z_arm_mpu_fault
                0x0000000018004170                z_arm_exc_spurious
                0x0000000018004170                z_arm_debug_monitor
                0x0000000018004170                z_arm_hard_fault
 .text._reset_section
                0x0000000018004184       0x38 zephyr/arch/arch/arm/core/cortex_m/libarch__arm__core__cortex_m.a(reset.S.obj)
                0x0000000018004184                z_arm_reset
                0x0000000018004184                __start
 .text.z_impl_k_thread_abort
                0x00000000180041bc       0x2c zephyr/arch/arch/arm/core/cortex_m/libarch__arm__core__cortex_m.a(thread_abort.c.obj)
                0x00000000180041bc                z_impl_k_thread_abort
 .text.z_arm_pendsv
                0x00000000180041e8       0x60 zephyr/arch/arch/arm/core/cortex_m/libarch__arm__core__cortex_m.a(swap_helper.S.obj)
                0x00000000180041e8                z_arm_pendsv
 .text.z_arm_svc
                0x0000000018004248       0x24 zephyr/arch/arch/arm/core/cortex_m/libarch__arm__core__cortex_m.a(swap_helper.S.obj)
                0x0000000018004248                z_arm_svc
 .text.arm_irq_enable
                0x000000001800426c       0x1c zephyr/arch/arch/arm/core/cortex_m/libarch__arm__core__cortex_m.a(irq_manage.c.obj)
                0x000000001800426c                arm_irq_enable
 .text.arm_irq_priority_set
                0x0000000018004288       0x2c zephyr/arch/arch/arm/core/cortex_m/libarch__arm__core__cortex_m.a(irq_manage.c.obj)
                0x0000000018004288                arm_irq_priority_set
 .text.relocate_vector_table
                0x00000000180042b4       0x1c zephyr/arch/arch/arm/core/cortex_m/libarch__arm__core__cortex_m.a(prep_c.c.obj)
                0x00000000180042b4                relocate_vector_table
 .text.z_prep_c
                0x00000000180042d0       0x38 zephyr/arch/arch/arm/core/cortex_m/libarch__arm__core__cortex_m.a(prep_c.c.obj)
                0x00000000180042d0                z_prep_c
 .text.arch_new_thread
                0x0000000018004308       0x38 zephyr/arch/arch/arm/core/cortex_m/libarch__arm__core__cortex_m.a(thread.c.obj)
                0x0000000018004308                arch_new_thread
 .text.arch_switch_to_main_thread
                0x0000000018004340       0x40 zephyr/arch/arch/arm/core/cortex_m/libarch__arm__core__cortex_m.a(thread.c.obj)
                0x0000000018004340                arch_switch_to_main_thread
 .text.z_arm_cpu_idle_init
                0x0000000018004380        0xc zephyr/arch/arch/arm/core/cortex_m/libarch__arm__core__cortex_m.a(cpu_idle.c.obj)
                0x0000000018004380                z_arm_cpu_idle_init
 .text.z_arm_interrupt_init
                0x000000001800438c       0x18 zephyr/arch/arch/arm/core/cortex_m/libarch__arm__core__cortex_m.a(irq_init.c.obj)
                0x000000001800438c                z_arm_interrupt_init
 .text._isr_wrapper
                0x00000000180043a4       0x24 zephyr/arch/arch/arm/core/cortex_m/libarch__arm__core__cortex_m.a(isr_wrapper.c.obj)
                0x00000000180043a4                _isr_wrapper
 .text.z_arm_configure_static_mpu_regions
                0x00000000180043c8       0x38 zephyr/arch/arch/arm/core/mpu/libarch__arm__core__mpu.a(arm_core_mpu.c.obj)
                0x00000000180043c8                z_arm_configure_static_mpu_regions
 .text.region_init
                0x0000000018004400       0x78 zephyr/arch/arch/arm/core/mpu/libarch__arm__core__mpu.a(arm_mpu.c.obj)
 .text.region_allocate_and_init
                0x0000000018004478       0x70 zephyr/arch/arch/arm/core/mpu/libarch__arm__core__mpu.a(arm_mpu.c.obj)
 .text.mpu_configure_region
                0x00000000180044e8       0x6c zephyr/arch/arch/arm/core/mpu/libarch__arm__core__mpu.a(arm_mpu.c.obj)
 .text.mpu_configure_regions_and_partition.constprop.0
                0x0000000018004554      0x164 zephyr/arch/arch/arm/core/mpu/libarch__arm__core__mpu.a(arm_mpu.c.obj)
 .text.arm_core_mpu_enable
                0x00000000180046b8       0x18 zephyr/arch/arch/arm/core/mpu/libarch__arm__core__mpu.a(arm_mpu.c.obj)
                0x00000000180046b8                arm_core_mpu_enable
 .text.arm_core_mpu_disable
                0x00000000180046d0       0x14 zephyr/arch/arch/arm/core/mpu/libarch__arm__core__mpu.a(arm_mpu.c.obj)
                0x00000000180046d0                arm_core_mpu_disable
 .text.arm_core_mpu_configure_static_mpu_regions
                0x00000000180046e4       0x14 zephyr/arch/arch/arm/core/mpu/libarch__arm__core__mpu.a(arm_mpu.c.obj)
                0x00000000180046e4                arm_core_mpu_configure_static_mpu_regions
 .text.arm_core_mpu_mark_areas_for_dynamic_regions
                0x00000000180046f8       0xb8 zephyr/arch/arch/arm/core/mpu/libarch__arm__core__mpu.a(arm_mpu.c.obj)
                0x00000000180046f8                arm_core_mpu_mark_areas_for_dynamic_regions
 .text.z_arm_mpu_init
                0x00000000180047b0      0x164 zephyr/arch/arch/arm/core/mpu/libarch__arm__core__mpu.a(arm_mpu.c.obj)
                0x00000000180047b0                z_arm_mpu_init
 .text.cbvprintf
                0x0000000018004914       0x38 zephyr/lib/libc/picolibc/liblib__libc__picolibc.a(cbprintf.c.obj)
                0x0000000018004914                cbvprintf
 .text.z_impl_zephyr_fputc
                0x000000001800494c       0x10 zephyr/lib/libc/picolibc/liblib__libc__picolibc.a(stdio.c.obj)
                0x000000001800494c                z_impl_zephyr_fputc
 .text.__stdout_hook_install
                0x000000001800495c       0x18 zephyr/lib/libc/picolibc/liblib__libc__picolibc.a(stdio.c.obj)
                0x000000001800495c                __stdout_hook_install
 .text.malloc_prepare
                0x0000000018004974       0x24 zephyr/lib/libc/common/liblib__libc__common.a(malloc.c.obj)
 .text.nxp_pint_isr
                0x0000000018004998       0x38 zephyr/drivers/interrupt_controller/libdrivers__interrupt_controller.a(intc_nxp_pint.c.obj)
 .text.intc_nxp_pint_init
                0x00000000180049d0       0xd0 zephyr/drivers/interrupt_controller/libdrivers__interrupt_controller.a(intc_nxp_pint.c.obj)
 .text.nxp_pint_pin_enable
                0x0000000018004aa0       0x88 zephyr/drivers/interrupt_controller/libdrivers__interrupt_controller.a(intc_nxp_pint.c.obj)
                0x0000000018004aa0                nxp_pint_pin_enable
 .text.nxp_pint_pin_disable
                0x0000000018004b28       0x34 zephyr/drivers/interrupt_controller/libdrivers__interrupt_controller.a(intc_nxp_pint.c.obj)
                0x0000000018004b28                nxp_pint_pin_disable
 .text.nxp_pint_pin_set_callback
                0x0000000018004b5c       0x2c zephyr/drivers/interrupt_controller/libdrivers__interrupt_controller.a(intc_nxp_pint.c.obj)
                0x0000000018004b5c                nxp_pint_pin_set_callback
 .text.mcux_lpc_syscon_clock_control_configure
                0x0000000018004b88       0xb4 zephyr/drivers/clock_control/libdrivers__clock_control.a(clock_control_mcux_syscon.c.obj)
 .text.uart_console_init
                0x0000000018004c3c       0x28 zephyr/drivers/console/libdrivers__console.a(uart_console.c.obj)
 .text.console_out
                0x0000000018004c64       0x28 zephyr/drivers/console/libdrivers__console.a(uart_console.c.obj)
 .text.gpio_mcux_lpc_pin_interrupt_configure
                0x0000000018004c8c      0x130 zephyr/drivers/gpio/libdrivers__gpio.a(gpio_mcux_lpc.c.obj)
 .text.pinctrl_configure_pins
                0x0000000018004dbc      0x27c zephyr/drivers/pinctrl/libdrivers__pinctrl.a(pinctrl_mci_io_mux.c.obj)
                0x0000000018004dbc                pinctrl_configure_pins
 .text.mcux_flexcomm_uart_configure
                0x0000000018005038       0xb4 zephyr/drivers/serial/libdrivers__serial.a(uart_mcux_flexcomm.c.obj)
 .text.mcux_flexcomm_init
                0x00000000180050ec       0xd0 zephyr/drivers/serial/libdrivers__serial.a(uart_mcux_flexcomm.c.obj)
 .text.spi_mcux_transfer_next_packet
                0x00000000180051bc       0xac zephyr/drivers/spi/libdrivers__spi.a(spi_mcux_flexcomm.c.obj)
 .text.spi_mcux_transfer_callback
                0x0000000018005268      0x138 zephyr/drivers/spi/libdrivers__spi.a(spi_mcux_flexcomm.c.obj)
 .text.spi_mcux_init
                0x00000000180053a0       0x74 zephyr/drivers/spi/libdrivers__spi.a(spi_mcux_flexcomm.c.obj)
 .text.mcux_lpc_ostick_get_compensated_timer_value
                0x0000000018005414        0xc zephyr/drivers/timer/libdrivers__timer.a(mcux_os_timer.c.obj)
 .text.mcux_lpc_ostick_isr
                0x0000000018005420       0x4c zephyr/drivers/timer/libdrivers__timer.a(mcux_os_timer.c.obj)
                0x0000000018005420                mcux_lpc_ostick_isr
 .text.sys_clock_driver_init
                0x000000001800546c       0x4c zephyr/drivers/timer/libdrivers__timer.a(mcux_os_timer.c.obj)
 .text.sys_clock_set_timeout
                0x00000000180054b8       0x90 zephyr/drivers/timer/libdrivers__timer.a(mcux_os_timer.c.obj)
                0x00000000180054b8                sys_clock_set_timeout
 .text.sys_clock_elapsed
                0x0000000018005548       0x30 zephyr/drivers/timer/libdrivers__timer.a(mcux_os_timer.c.obj)
                0x0000000018005548                sys_clock_elapsed
 .text.FLEXCOMM_GetInstance
                0x0000000018005578       0x24 modules/hal_nxp/libmodules__hal_nxp.a(fsl_flexcomm.c.obj)
                0x0000000018005578                FLEXCOMM_GetInstance
 .text.FLEXCOMM_Init
                0x000000001800559c       0x70 modules/hal_nxp/libmodules__hal_nxp.a(fsl_flexcomm.c.obj)
                0x000000001800559c                FLEXCOMM_Init
 .text.FLEXCOMM_SetIRQHandler
                0x000000001800560c       0x20 modules/hal_nxp/libmodules__hal_nxp.a(fsl_flexcomm.c.obj)
                0x000000001800560c                FLEXCOMM_SetIRQHandler
 .text.GPIO_PortInit
                0x000000001800562c       0x24 modules/hal_nxp/libmodules__hal_nxp.a(fsl_gpio.c.obj)
                0x000000001800562c                GPIO_PortInit
 .text.OSTIMER_GetInstance
                0x0000000018005650       0x14 modules/hal_nxp/libmodules__hal_nxp.a(fsl_ostimer.c.obj)
 .text.OSTIMER_EnableInterrupt.constprop.0
                0x0000000018005664       0x20 modules/hal_nxp/libmodules__hal_nxp.a(fsl_ostimer.c.obj)
 .text.OSTIMER_SetMatchRawValue
                0x0000000018005684       0x80 modules/hal_nxp/libmodules__hal_nxp.a(fsl_ostimer.c.obj)
                0x0000000018005684                OSTIMER_SetMatchRawValue
 .text.PINT_GetInstance
                0x0000000018005704       0x14 modules/hal_nxp/libmodules__hal_nxp.a(fsl_pint.c.obj)
 .text.PINT_Init
                0x0000000018005718       0x4c modules/hal_nxp/libmodules__hal_nxp.a(fsl_pint.c.obj)
                0x0000000018005718                PINT_Init
 .text.PINT_PinInterruptConfig
                0x0000000018005764       0x48 modules/hal_nxp/libmodules__hal_nxp.a(fsl_pint.c.obj)
                0x0000000018005764                PINT_PinInterruptConfig
 .text.SPI_GetInstance
                0x00000000180057ac       0x24 modules/hal_nxp/libmodules__hal_nxp.a(fsl_spi.c.obj)
                0x00000000180057ac                SPI_GetInstance
 .text.SPI_MasterTransferHandleIRQ
                0x00000000180057d0      0x23c modules/hal_nxp/libmodules__hal_nxp.a(fsl_spi.c.obj)
                0x00000000180057d0                SPI_MasterTransferHandleIRQ
 .text.SPI_SetDummyData
                0x0000000018005a0c       0x14 modules/hal_nxp/libmodules__hal_nxp.a(fsl_spi.c.obj)
                0x0000000018005a0c                SPI_SetDummyData
 .text.SPI_MasterGetDefaultConfig
                0x0000000018005a20       0x20 modules/hal_nxp/libmodules__hal_nxp.a(fsl_spi.c.obj)
                0x0000000018005a20                SPI_MasterGetDefaultConfig
 .text.SPI_SlaveInit
                0x0000000018005a40       0xcc modules/hal_nxp/libmodules__hal_nxp.a(fsl_spi.c.obj)
                0x0000000018005a40                SPI_SlaveInit
 .text.SPI_MasterInit
                0x0000000018005b0c      0x11c modules/hal_nxp/libmodules__hal_nxp.a(fsl_spi.c.obj)
                0x0000000018005b0c                SPI_MasterInit
 .text.SPI_MasterTransferCreateHandle
                0x0000000018005c28       0x98 modules/hal_nxp/libmodules__hal_nxp.a(fsl_spi.c.obj)
                0x0000000018005c28                SPI_MasterTransferCreateHandle
 .text.USART_SetRxTimeoutConfig
                0x0000000018005cc0       0x38 modules/hal_nxp/libmodules__hal_nxp.a(fsl_usart.c.obj)
                0x0000000018005cc0                USART_SetRxTimeoutConfig
 .text.getT3PllMciIrcClkFreq
                0x0000000018005cf8       0x30 modules/hal_nxp/libmodules__hal_nxp.a(system_RW612.c.obj)
 .text.SystemCoreClockUpdate
                0x0000000018005d28      0x11c modules/hal_nxp/libmodules__hal_nxp.a(system_RW612.c.obj)
                0x0000000018005d28                SystemCoreClockUpdate
 .text.SystemInit
                0x0000000018005e44       0x90 modules/hal_nxp/libmodules__hal_nxp.a(system_RW612.c.obj)
                0x0000000018005e44                SystemInit
 .text.CLOCK_GetLpOscFreq
                0x0000000018005ed4       0x20 modules/hal_nxp/libmodules__hal_nxp.a(fsl_clock.c.obj)
 .text.CLOCK_DelayUs
                0x0000000018005ef4       0x28 modules/hal_nxp/libmodules__hal_nxp.a(fsl_clock.c.obj)
 .text.CLOCK_GetTcpuFvcoFreq
                0x0000000018005f1c       0x6c modules/hal_nxp/libmodules__hal_nxp.a(fsl_clock.c.obj)
 .text.CLOCK_GetT3PllMciIrcClkFreq
                0x0000000018005f88       0x30 modules/hal_nxp/libmodules__hal_nxp.a(fsl_clock.c.obj)
                0x0000000018005f88                CLOCK_GetT3PllMciIrcClkFreq
 .text.CLOCK_GetMainPllClkFreq
                0x0000000018005fb8       0x1c modules/hal_nxp/libmodules__hal_nxp.a(fsl_clock.c.obj)
 .text.CLOCK_EnableClock
                0x0000000018005fd4       0xb0 modules/hal_nxp/libmodules__hal_nxp.a(fsl_clock.c.obj)
                0x0000000018005fd4                CLOCK_EnableClock
 .text.CLOCK_DisableClock
                0x0000000018006084       0xa4 modules/hal_nxp/libmodules__hal_nxp.a(fsl_clock.c.obj)
                0x0000000018006084                CLOCK_DisableClock
 .text.CLOCK_AttachClk
                0x0000000018006128       0x84 modules/hal_nxp/libmodules__hal_nxp.a(fsl_clock.c.obj)
                0x0000000018006128                CLOCK_AttachClk
 .text.CLOCK_GetAvPllCh1Freq
                0x00000000180061ac       0x30 modules/hal_nxp/libmodules__hal_nxp.a(fsl_clock.c.obj)
                0x00000000180061ac                CLOCK_GetAvPllCh1Freq
 .text.CLOCK_GetAudioPllClkFreq
                0x00000000180061dc       0x1c modules/hal_nxp/libmodules__hal_nxp.a(fsl_clock.c.obj)
 .text.CLOCK_GetMainClkFreq
                0x00000000180061f8       0x9c modules/hal_nxp/libmodules__hal_nxp.a(fsl_clock.c.obj)
                0x00000000180061f8                CLOCK_GetMainClkFreq
 .text.CLOCK_GetFRGClock
                0x0000000018006294       0x94 modules/hal_nxp/libmodules__hal_nxp.a(fsl_clock.c.obj)
                0x0000000018006294                CLOCK_GetFRGClock
 .text.CLOCK_SetFRGClock
                0x0000000018006328       0x38 modules/hal_nxp/libmodules__hal_nxp.a(fsl_clock.c.obj)
                0x0000000018006328                CLOCK_SetFRGClock
 .text.CLOCK_GetFlexCommClkFreq
                0x0000000018006360       0x54 modules/hal_nxp/libmodules__hal_nxp.a(fsl_clock.c.obj)
                0x0000000018006360                CLOCK_GetFlexCommClkFreq
 .text.CLOCK_DeinitTcpuRefClk
                0x00000000180063b4       0x38 modules/hal_nxp/libmodules__hal_nxp.a(fsl_clock.c.obj)
                0x00000000180063b4                CLOCK_DeinitTcpuRefClk
 .text.CLOCK_InitTcpuRefClk
                0x00000000180063ec       0xd8 modules/hal_nxp/libmodules__hal_nxp.a(fsl_clock.c.obj)
                0x00000000180063ec                CLOCK_InitTcpuRefClk
 .text.CLOCK_DeinitT3RefClk
                0x00000000180064c4       0x30 modules/hal_nxp/libmodules__hal_nxp.a(fsl_clock.c.obj)
                0x00000000180064c4                CLOCK_DeinitT3RefClk
 .text.CLOCK_InitT3RefClk
                0x00000000180064f4       0x4c modules/hal_nxp/libmodules__hal_nxp.a(fsl_clock.c.obj)
                0x00000000180064f4                CLOCK_InitT3RefClk
 .text.POWER_EnableWakeup
                0x0000000018006540       0xfc modules/hal_nxp/libmodules__hal_nxp.a(fsl_power.c.obj)
                0x0000000018006540                POWER_EnableWakeup
 .text.POWER_InitPowerConfig
                0x000000001800663c       0x7c modules/hal_nxp/libmodules__hal_nxp.a(fsl_power.c.obj)
                0x000000001800663c                POWER_InitPowerConfig
 .text.RESET_SetPeripheralReset
                0x00000000180066b8       0x68 modules/hal_nxp/libmodules__hal_nxp.a(fsl_reset.c.obj)
                0x00000000180066b8                RESET_SetPeripheralReset
 .text.RESET_ClearPeripheralReset
                0x0000000018006720       0x74 modules/hal_nxp/libmodules__hal_nxp.a(fsl_reset.c.obj)
                0x0000000018006720                RESET_ClearPeripheralReset
 .text.k_sys_fatal_error_handler
                0x0000000018006794       0x20 zephyr/kernel/libkernel.a(fatal.c.obj)
                0x0000000018006794                k_sys_fatal_error_handler
 .text.z_fatal_error
                0x00000000180067b4       0xe8 zephyr/kernel/libkernel.a(fatal.c.obj)
                0x00000000180067b4                z_fatal_error
 .text.z_sys_init_run_level
                0x000000001800689c       0x30 zephyr/kernel/libkernel.a(init.c.obj)
 .text.bg_thread_main
                0x00000000180068cc       0xc0 zephyr/kernel/libkernel.a(init.c.obj)
 .text.z_bss_zero
                0x000000001800698c       0x18 zephyr/kernel/libkernel.a(init.c.obj)
                0x000000001800698c                z_bss_zero
 .text.z_init_cpu
                0x00000000180069a4       0x68 zephyr/kernel/libkernel.a(init.c.obj)
                0x00000000180069a4                z_init_cpu
 .text.z_cstart
                0x0000000018006a0c       0xf8 zephyr/kernel/libkernel.a(init.c.obj)
                0x0000000018006a0c                z_cstart
 .text.z_impl_k_msgq_get
                0x0000000018006b04       0xc4 zephyr/kernel/libkernel.a(msg_q.c.obj)
                0x0000000018006b04                z_impl_k_msgq_get
 .text.adjust_owner_prio
                0x0000000018006bc8       0x6c zephyr/kernel/libkernel.a(mutex.c.obj)
 .text.z_impl_k_mutex_lock
                0x0000000018006c34      0x224 zephyr/kernel/libkernel.a(mutex.c.obj)
                0x0000000018006c34                z_impl_k_mutex_lock
 .text.z_impl_k_mutex_unlock
                0x0000000018006e58      0x114 zephyr/kernel/libkernel.a(mutex.c.obj)
                0x0000000018006e58                z_impl_k_mutex_unlock
 .text.z_impl_k_sem_give
                0x0000000018006f6c       0x74 zephyr/kernel/libkernel.a(sem.c.obj)
                0x0000000018006f6c                z_impl_k_sem_give
 .text.z_impl_k_sem_take
                0x0000000018006fe0       0x4c zephyr/kernel/libkernel.a(sem.c.obj)
                0x0000000018006fe0                z_impl_k_sem_take
 .text.z_setup_new_thread
                0x000000001800702c       0xc4 zephyr/kernel/libkernel.a(thread.c.obj)
                0x000000001800702c                z_setup_new_thread
 .text.z_impl_k_thread_create
                0x00000000180070f0       0x58 zephyr/kernel/libkernel.a(thread.c.obj)
                0x00000000180070f0                z_impl_k_thread_create
 .text.z_dummy_thread_init
                0x0000000018007148       0x20 zephyr/kernel/libkernel.a(thread.c.obj)
                0x0000000018007148                z_dummy_thread_init
 .text.z_swap_irqlock
                0x0000000018007168       0x30 zephyr/kernel/libkernel.a(sched.c.obj)
 .text.ready_thread
                0x0000000018007198       0x84 zephyr/kernel/libkernel.a(sched.c.obj)
 .text.unready_thread
                0x000000001800721c       0x54 zephyr/kernel/libkernel.a(sched.c.obj)
 .text.add_thread_timeout
                0x0000000018007270       0x1c zephyr/kernel/libkernel.a(sched.c.obj)
 .text.move_thread_to_end_of_prio_q
                0x000000001800728c       0x90 zephyr/kernel/libkernel.a(sched.c.obj)
                0x000000001800728c                move_thread_to_end_of_prio_q
 .text.z_pend_curr
                0x000000001800731c       0x44 zephyr/kernel/libkernel.a(sched.c.obj)
                0x000000001800731c                z_pend_curr
 .text.z_thread_prio_set
                0x0000000018007360       0xe4 zephyr/kernel/libkernel.a(sched.c.obj)
                0x0000000018007360                z_thread_prio_set
 .text.z_reschedule
                0x0000000018007444       0x24 zephyr/kernel/libkernel.a(sched.c.obj)
                0x0000000018007444                z_reschedule
 .text.z_reschedule_irqlock
                0x0000000018007468       0x28 zephyr/kernel/libkernel.a(sched.c.obj)
                0x0000000018007468                z_reschedule_irqlock
 .text.k_sched_lock
                0x0000000018007490       0x28 zephyr/kernel/libkernel.a(sched.c.obj)
                0x0000000018007490                k_sched_lock
 .text.k_sched_unlock
                0x00000000180074b8       0xa0 zephyr/kernel/libkernel.a(sched.c.obj)
                0x00000000180074b8                k_sched_unlock
 .text.z_sched_init
                0x0000000018007558       0x10 zephyr/kernel/libkernel.a(sched.c.obj)
                0x0000000018007558                z_sched_init
 .text.z_impl_k_yield
                0x0000000018007568       0x88 zephyr/kernel/libkernel.a(sched.c.obj)
                0x0000000018007568                z_impl_k_yield
 .text.z_tick_sleep
                0x00000000180075f0       0xb4 zephyr/kernel/libkernel.a(sched.c.obj)
 .text.z_impl_k_wakeup
                0x00000000180076a4       0x48 zephyr/kernel/libkernel.a(sched.c.obj)
                0x00000000180076a4                z_impl_k_wakeup
 .text.z_impl_k_sched_current_thread_query
                0x00000000180076ec        0xc zephyr/kernel/libkernel.a(sched.c.obj)
                0x00000000180076ec                z_impl_k_sched_current_thread_query
 .text.z_thread_abort
                0x00000000180076f8      0x140 zephyr/kernel/libkernel.a(sched.c.obj)
                0x00000000180076f8                z_thread_abort
 .text.z_sched_wait
                0x0000000018007838       0x24 zephyr/kernel/libkernel.a(sched.c.obj)
                0x0000000018007838                z_sched_wait
 .text.slice_timeout
                0x000000001800785c       0x20 zephyr/kernel/libkernel.a(timeslicing.c.obj)
 .text.thread_is_sliceable
                0x000000001800787c       0x3c zephyr/kernel/libkernel.a(timeslicing.c.obj)
                0x000000001800787c                thread_is_sliceable
 .text.z_reset_time_slice
                0x00000000180078b8       0x50 zephyr/kernel/libkernel.a(timeslicing.c.obj)
                0x00000000180078b8                z_reset_time_slice
 .text.z_time_slice
                0x0000000018007908       0x60 zephyr/kernel/libkernel.a(timeslicing.c.obj)
                0x0000000018007908                z_time_slice
 .text.z_data_copy
                0x0000000018007968       0x38 zephyr/kernel/libkernel.a(xip.c.obj)
                0x0000000018007968                z_data_copy
 .text.first    0x00000000180079a0       0x10 zephyr/kernel/libkernel.a(timeout.c.obj)
 .text.elapsed  0x00000000180079b0       0x14 zephyr/kernel/libkernel.a(timeout.c.obj)
 .text.remove_timeout
                0x00000000180079c4       0x38 zephyr/kernel/libkernel.a(timeout.c.obj)
 .text.z_add_timeout
                0x00000000180079fc      0x120 zephyr/kernel/libkernel.a(timeout.c.obj)
                0x00000000180079fc                z_add_timeout
 .text.sys_clock_announce
                0x0000000018007b1c       0xbc zephyr/kernel/libkernel.a(timeout.c.obj)
                0x0000000018007b1c                sys_clock_announce
 .text.sys_clock_tick_get
                0x0000000018007bd8       0x30 zephyr/kernel/libkernel.a(timeout.c.obj)
                0x0000000018007bd8                sys_clock_tick_get
 .text.z_timer_expiration_handler
                0x0000000018007c08      0x110 zephyr/kernel/libkernel.a(timer.c.obj)
                0x0000000018007c08                z_timer_expiration_handler
 .text.z_impl_k_timer_start
                0x0000000018007d18       0x70 zephyr/kernel/libkernel.a(timer.c.obj)
                0x0000000018007d18                z_impl_k_timer_start
 .text.k_thread_system_pool_assign
                0x0000000018007d88        0xc zephyr/kernel/libkernel.a(mempool.c.obj)
                0x0000000018007d88                k_thread_system_pool_assign
 .text.boot_banner
                0x0000000018007d94        0xc zephyr/kernel/libkernel.a(banner.c.obj)
                0x0000000018007d94                boot_banner
 .text.statics_init
                0x0000000018007da0       0x24 zephyr/kernel/libkernel.a(kheap.c.obj)
 .text.k_sys_work_q_init
                0x0000000018007dc4       0x2c zephyr/kernel/libkernel.a(system_work_q.c.obj)
 .text.work_queue_main
                0x0000000018007df0      0x14c zephyr/kernel/libkernel.a(work.c.obj)
 .text.submit_to_queue_locked
                0x0000000018007f3c       0xb8 zephyr/kernel/libkernel.a(work.c.obj)
 .text.k_work_queue_start
                0x0000000018007ff4       0x80 zephyr/kernel/libkernel.a(work.c.obj)
                0x0000000018007ff4                k_work_queue_start
 .text.snprintf
                0x0000000018008074       0x54 /home/wis3re/zephyr-sdk-0.17.4/arm-zephyr-eabi/bin/../lib/gcc/../../picolibc/arm-zephyr-eabi/lib/thumb/v8-m.main/nofp/libc.a(libc_tinystdio_snprintf.c.o)
                0x0000000018008074                snprintf
 .text.__l_vfprintf
                0x00000000180080c8      0x4b4 /home/wis3re/zephyr-sdk-0.17.4/arm-zephyr-eabi/bin/../lib/gcc/../../picolibc/arm-zephyr-eabi/lib/thumb/v8-m.main/nofp/libc.a(libc_tinystdio_vflprintf.c.o)
                0x00000000180080c8                __l_vfprintf
 .text._OffsetAbsSyms
                0x000000001800857c        0x2 zephyr/CMakeFiles/offsets.dir/./arch/arm/core/offsets/offsets.c.obj
                0x000000001800857c                _OffsetAbsSyms
 .text.calculate_crc8
                0x000000001800857e       0x30 app/libapp.a(dbus_app_layer.c.obj)
 .text.chunk_field
                0x00000000180085ae       0x16 zephyr/libzephyr.a(heap.c.obj)
 .text.chunk_set
                0x00000000180085c4       0x16 zephyr/libzephyr.a(heap.c.obj)
 .text.chunk_size
                0x00000000180085da        0xc zephyr/libzephyr.a(heap.c.obj)
 .text.set_chunk_used
                0x00000000180085e6       0x30 zephyr/libzephyr.a(heap.c.obj)
 .text.set_chunk_size
                0x0000000018008616        0x8 zephyr/libzephyr.a(heap.c.obj)
 .text.bucket_idx
                0x000000001800861e       0x1e zephyr/libzephyr.a(heap.c.obj)
 .text.free_list_add
                0x000000001800863c       0x84 zephyr/libzephyr.a(heap.c.obj)
 .text.sys_heap_init
                0x00000000180086c0       0xb0 zephyr/libzephyr.a(heap.c.obj)
                0x00000000180086c0                sys_heap_init
 .text.cbpprintf_external
                0x0000000018008770       0x62 zephyr/libzephyr.a(cbprintf_packaged.c.obj)
                0x0000000018008770                cbpprintf_external
 .text.is_ptr   0x00000000180087d2       0x4a zephyr/libzephyr.a(cbprintf_packaged.c.obj)
                0x00000000180087d2                is_ptr
 .text.arch_printk_char_out
                0x000000001800881c        0x4 zephyr/libzephyr.a(printk.c.obj)
                0x000000001800881c                arch_printk_char_out
 .text.printk   0x0000000018008820       0x1a zephyr/libzephyr.a(printk.c.obj)
                0x0000000018008820                printk
 .text.free_space
                0x000000001800883a       0x26 zephyr/libzephyr.a(mpsc_pbuf.c.obj)
 .text.get_usage
                0x0000000018008860       0x22 zephyr/libzephyr.a(mpsc_pbuf.c.obj)
 .text.idx_inc  0x0000000018008882       0x1c zephyr/libzephyr.a(mpsc_pbuf.c.obj)
 .text.rd_idx_inc
                0x000000001800889e       0x18 zephyr/libzephyr.a(mpsc_pbuf.c.obj)
 .text.add_skip_item
                0x00000000180088b6       0x3e zephyr/libzephyr.a(mpsc_pbuf.c.obj)
 .text.drop_item_locked
                0x00000000180088f4      0x100 zephyr/libzephyr.a(mpsc_pbuf.c.obj)
 .text.post_drop_action
                0x00000000180089f4       0x36 zephyr/libzephyr.a(mpsc_pbuf.c.obj)
 .text.max_utilization_update
                0x0000000018008a2a       0x1a zephyr/libzephyr.a(mpsc_pbuf.c.obj)
 .text.mpsc_pbuf_init
                0x0000000018008a44       0x42 zephyr/libzephyr.a(mpsc_pbuf.c.obj)
                0x0000000018008a44                mpsc_pbuf_init
 .text.mpsc_pbuf_alloc
                0x0000000018008a86       0xfe zephyr/libzephyr.a(mpsc_pbuf.c.obj)
                0x0000000018008a86                mpsc_pbuf_alloc
 .text.mpsc_pbuf_commit
                0x0000000018008b84       0x3e zephyr/libzephyr.a(mpsc_pbuf.c.obj)
                0x0000000018008b84                mpsc_pbuf_commit
 .text.mpsc_pbuf_claim
                0x0000000018008bc2       0xa8 zephyr/libzephyr.a(mpsc_pbuf.c.obj)
                0x0000000018008bc2                mpsc_pbuf_claim
 .text.mpsc_pbuf_free
                0x0000000018008c6a       0x76 zephyr/libzephyr.a(mpsc_pbuf.c.obj)
                0x0000000018008c6a                mpsc_pbuf_free
 .text.mpsc_pbuf_is_pending
                0x0000000018008ce0       0x32 zephyr/libzephyr.a(mpsc_pbuf.c.obj)
                0x0000000018008ce0                mpsc_pbuf_is_pending
 .text._ConfigAbsSyms
                0x0000000018008d12        0x2 zephyr/libzephyr.a(configs.c.obj)
                0x0000000018008d12                _ConfigAbsSyms
 .text.soc_reset_hook
                0x0000000018008d14        0x4 zephyr/libzephyr.a(soc.c.obj)
                0x0000000018008d14                soc_reset_hook
 .text.log_msg_generic_get_wlen
                0x0000000018008d18       0x20 zephyr/libzephyr.a(log_core.c.obj)
 .text.dummy_timestamp
                0x0000000018008d38        0x4 zephyr/libzephyr.a(log_core.c.obj)
 .text.default_get_timestamp
                0x0000000018008d3c        0x4 zephyr/libzephyr.a(log_core.c.obj)
 .text.atomic_inc
                0x0000000018008d40       0x12 zephyr/libzephyr.a(log_core.c.obj)
 .text.z_log_vprintk
                0x0000000018008d52       0x1c zephyr/libzephyr.a(log_core.c.obj)
                0x0000000018008d52                z_log_vprintk
 .text.z_log_notify_drop
                0x0000000018008d6e        0x6 zephyr/libzephyr.a(log_core.c.obj)
 .text.z_log_get_tag
                0x0000000018008d74        0x4 zephyr/libzephyr.a(log_core.c.obj)
                0x0000000018008d74                z_log_get_tag
 .text.log_backend_enable
                0x0000000018008d78       0x12 zephyr/libzephyr.a(log_mgmt.c.obj)
                0x0000000018008d78                log_backend_enable
 .text.z_cbprintf_cpy
                0x0000000018008d8a       0x2e zephyr/libzephyr.a(log_msg.c.obj)
 .text.z_log_msg_finalize
                0x0000000018008db8       0x32 zephyr/libzephyr.a(log_msg.c.obj)
                0x0000000018008db8                z_log_msg_finalize
 .text.z_log_msg_simple_create
                0x0000000018008dea       0x6e zephyr/libzephyr.a(log_msg.c.obj)
 .text.z_impl_z_log_msg_simple_create_0
                0x0000000018008e58       0x12 zephyr/libzephyr.a(log_msg.c.obj)
                0x0000000018008e58                z_impl_z_log_msg_simple_create_0
 .text.z_impl_z_log_msg_simple_create_1
                0x0000000018008e6a       0x14 zephyr/libzephyr.a(log_msg.c.obj)
                0x0000000018008e6a                z_impl_z_log_msg_simple_create_1
 .text.z_impl_z_log_msg_simple_create_2
                0x0000000018008e7e       0x18 zephyr/libzephyr.a(log_msg.c.obj)
                0x0000000018008e7e                z_impl_z_log_msg_simple_create_2
 .text.log_output_write
                0x0000000018008e96       0x1c zephyr/libzephyr.a(log_output.c.obj)
 .text.log_output_flush
                0x0000000018008eb2       0x1a zephyr/libzephyr.a(log_output.c.obj)
 .text.out_func
                0x0000000018008ecc       0x2e zephyr/libzephyr.a(log_output.c.obj)
 .text.cr_out_func
                0x0000000018008efa       0x1c zephyr/libzephyr.a(log_output.c.obj)
 .text.log_output_msg_process
                0x0000000018008f16       0x6a zephyr/libzephyr.a(log_output.c.obj)
                0x0000000018008f16                log_output_msg_process
 .text.format_set
                0x0000000018008f80        0xc zephyr/libzephyr.a(log_backend_uart.c.obj)
 .text.log_backend_uart_init
                0x0000000018008f8c        0xc zephyr/libzephyr.a(log_backend_uart.c.obj)
 .text.panic    0x0000000018008f98       0x32 zephyr/libzephyr.a(log_backend_uart.c.obj)
 .text.dropped  0x0000000018008fca        0xa zephyr/libzephyr.a(log_backend_uart.c.obj)
 .text.process  0x0000000018008fd4       0x1e zephyr/libzephyr.a(log_backend_uart.c.obj)
 .text.z_do_kernel_oops
                0x0000000018008ff2        0x8 zephyr/arch/arch/arm/core/libarch__arm__core.a(fatal.c.obj)
                0x0000000018008ff2                z_do_kernel_oops
 .text.z_arm_nmi
                0x0000000018008ffa        0xe zephyr/arch/arch/arm/core/libarch__arm__core.a(nmi.c.obj)
                0x0000000018008ffa                z_arm_nmi
 .text.z_log_msg_simple_create_0.constprop.0
                0x0000000018009008        0x8 zephyr/arch/arch/arm/core/cortex_m/libarch__arm__core__cortex_m.a(fault.c.obj)
 .text.z_irq_spurious
                0x0000000018009010        0x8 zephyr/arch/arch/arm/core/cortex_m/libarch__arm__core__cortex_m.a(irq_manage.c.obj)
                0x0000000018009010                z_irq_spurious
 .text.configure_builtin_stack_guard
                0x0000000018009018        0x8 zephyr/arch/arch/arm/core/cortex_m/libarch__arm__core__cortex_m.a(thread.c.obj)
                0x0000000018009018                configure_builtin_stack_guard
 .text.arch_coprocessors_disable
                0x0000000018009020        0x6 zephyr/arch/arch/arm/core/cortex_m/libarch__arm__core__cortex_m.a(thread.c.obj)
                0x0000000018009020                arch_coprocessors_disable
 .text.arch_irq_unlock_outlined
                0x0000000018009026        0xe zephyr/arch/arch/arm/core/cortex_m/libarch__arm__core__cortex_m.a(thread.c.obj)
                0x0000000018009026                arch_irq_unlock_outlined
 .text.arch_cpu_idle
                0x0000000018009034       0x1a zephyr/arch/arch/arm/core/cortex_m/libarch__arm__core__cortex_m.a(cpu_idle.c.obj)
                0x0000000018009034                arch_cpu_idle
 .text.arm_cmse_mpu_region_get
                0x000000001800904e       0x12 zephyr/arch/arch/arm/core/cortex_m/cmse/libarch__arm__core__cortex_m__cmse.a(arm_core_cmse.c.obj)
                0x000000001800904e                arm_cmse_mpu_region_get
 .text.cbputc   0x0000000018009060        0xc zephyr/lib/libc/picolibc/liblib__libc__picolibc.a(cbprintf.c.obj)
 .text.picolibc_put
                0x000000001800906c        0xa zephyr/lib/libc/picolibc/liblib__libc__picolibc.a(stdio.c.obj)
 .text.board_early_init_hook
                0x0000000018009076       0x14 zephyr/boards/nxp/frdm_rw612/libboards__nxp__frdm_rw612.a(init.c.obj)
                0x0000000018009076                board_early_init_hook
 .text.mcux_lpc_syscon_clock_control_on
                0x000000001800908a        0x4 zephyr/drivers/clock_control/libdrivers__clock_control.a(clock_control_mcux_syscon.c.obj)
 .text.mcux_lpc_syscon_clock_control_set_subsys_rate
                0x000000001800908e        0x6 zephyr/drivers/clock_control/libdrivers__clock_control.a(clock_control_mcux_syscon.c.obj)
 .text.mcux_lpc_syscon_clock_control_get_subsys_rate
                0x0000000018009094       0x6e zephyr/drivers/clock_control/libdrivers__clock_control.a(clock_control_mcux_syscon.c.obj)
 .text.mcux_lpc_syscon_clock_control_off
                0x0000000018009102        0x4 zephyr/drivers/clock_control/libdrivers__clock_control.a(clock_control_mcux_syscon.c.obj)
 .text.gpio_mcux_lpc_port_get_raw
                0x0000000018009106       0x14 zephyr/drivers/gpio/libdrivers__gpio.a(gpio_mcux_lpc.c.obj)
 .text.gpio_mcux_lpc_port_set_masked_raw
                0x000000001800911a       0x20 zephyr/drivers/gpio/libdrivers__gpio.a(gpio_mcux_lpc.c.obj)
 .text.gpio_mcux_lpc_port_set_bits_raw
                0x000000001800913a       0x12 zephyr/drivers/gpio/libdrivers__gpio.a(gpio_mcux_lpc.c.obj)
 .text.gpio_mcux_lpc_port_clear_bits_raw
                0x000000001800914c       0x12 zephyr/drivers/gpio/libdrivers__gpio.a(gpio_mcux_lpc.c.obj)
 .text.gpio_mcux_lpc_port_toggle_bits
                0x000000001800915e       0x12 zephyr/drivers/gpio/libdrivers__gpio.a(gpio_mcux_lpc.c.obj)
 .text.gpio_mcux_lpc_manage_cb
                0x0000000018009170       0x52 zephyr/drivers/gpio/libdrivers__gpio.a(gpio_mcux_lpc.c.obj)
 .text.gpio_mcux_lpc_configure
                0x00000000180091c2       0x8a zephyr/drivers/gpio/libdrivers__gpio.a(gpio_mcux_lpc.c.obj)
 .text.gpio_fire_callbacks.isra.0
                0x000000001800924c       0x2a zephyr/drivers/gpio/libdrivers__gpio.a(gpio_mcux_lpc.c.obj)
 .text.gpio_mcux_lpc_pint_cb
                0x0000000018009276       0x14 zephyr/drivers/gpio/libdrivers__gpio.a(gpio_mcux_lpc.c.obj)
 .text.gpio_mcux_lpc_init.isra.0
                0x000000001800928a       0x2a zephyr/drivers/gpio/libdrivers__gpio.a(gpio_mcux_lpc.c.obj)
 .text.lpc_gpio_init_0
                0x00000000180092b4        0xa zephyr/drivers/gpio/libdrivers__gpio.a(gpio_mcux_lpc.c.obj)
 .text.lpc_gpio_init_1
                0x00000000180092be        0xa zephyr/drivers/gpio/libdrivers__gpio.a(gpio_mcux_lpc.c.obj)
 .text.pinctrl_lookup_state
                0x00000000180092c8       0x26 zephyr/drivers/pinctrl/libdrivers__pinctrl.a(common.c.obj)
                0x00000000180092c8                pinctrl_lookup_state
 .text.reset_nxp_rstctl_status
                0x00000000180092ee       0x22 zephyr/drivers/reset/libdrivers__reset.a(reset_nxp_rstctl.c.obj)
 .text.reset_nxp_rstctl_line_assert
                0x0000000018009310       0x14 zephyr/drivers/reset/libdrivers__reset.a(reset_nxp_rstctl.c.obj)
 .text.reset_nxp_rstctl_line_deassert
                0x0000000018009324       0x14 zephyr/drivers/reset/libdrivers__reset.a(reset_nxp_rstctl.c.obj)
 .text.reset_nxp_rstctl_line_toggle
                0x0000000018009338       0x2c zephyr/drivers/reset/libdrivers__reset.a(reset_nxp_rstctl.c.obj)
 .text.USART_GetStatusFlags
                0x0000000018009364       0x24 zephyr/drivers/serial/libdrivers__serial.a(uart_mcux_flexcomm.c.obj)
 .text.mcux_flexcomm_poll_in
                0x0000000018009388       0x20 zephyr/drivers/serial/libdrivers__serial.a(uart_mcux_flexcomm.c.obj)
 .text.mcux_flexcomm_poll_out
                0x00000000180093a8       0x22 zephyr/drivers/serial/libdrivers__serial.a(uart_mcux_flexcomm.c.obj)
 .text.mcux_flexcomm_err_check
                0x00000000180093ca       0x32 zephyr/drivers/serial/libdrivers__serial.a(uart_mcux_flexcomm.c.obj)
 .text.mcux_flexcomm_fifo_fill
                0x00000000180093fc       0x32 zephyr/drivers/serial/libdrivers__serial.a(uart_mcux_flexcomm.c.obj)
 .text.mcux_flexcomm_fifo_read
                0x000000001800942e       0x32 zephyr/drivers/serial/libdrivers__serial.a(uart_mcux_flexcomm.c.obj)
 .text.mcux_flexcomm_irq_tx_complete
                0x0000000018009460        0xc zephyr/drivers/serial/libdrivers__serial.a(uart_mcux_flexcomm.c.obj)
 .text.mcux_flexcomm_irq_tx_ready
                0x000000001800946c       0x22 zephyr/drivers/serial/libdrivers__serial.a(uart_mcux_flexcomm.c.obj)
 .text.mcux_flexcomm_irq_rx_disable
                0x000000001800948e       0x10 zephyr/drivers/serial/libdrivers__serial.a(uart_mcux_flexcomm.c.obj)
 .text.mcux_flexcomm_irq_rx_full
                0x000000001800949e       0x10 zephyr/drivers/serial/libdrivers__serial.a(uart_mcux_flexcomm.c.obj)
 .text.mcux_flexcomm_irq_update
                0x00000000180094ae        0x4 zephyr/drivers/serial/libdrivers__serial.a(uart_mcux_flexcomm.c.obj)
 .text.mcux_flexcomm_irq_callback_set
                0x00000000180094b2        0x8 zephyr/drivers/serial/libdrivers__serial.a(uart_mcux_flexcomm.c.obj)
 .text.mcux_flexcomm_uart_config_get
                0x00000000180094ba       0x10 zephyr/drivers/serial/libdrivers__serial.a(uart_mcux_flexcomm.c.obj)
 .text.mcux_flexcomm_isr
                0x00000000180094ca        0xc zephyr/drivers/serial/libdrivers__serial.a(uart_mcux_flexcomm.c.obj)
 .text.mcux_flexcomm_irq_config_func_0
                0x00000000180094d6       0x16 zephyr/drivers/serial/libdrivers__serial.a(uart_mcux_flexcomm.c.obj)
 .text.mcux_flexcomm_irq_err_disable
                0x00000000180094ec       0x12 zephyr/drivers/serial/libdrivers__serial.a(uart_mcux_flexcomm.c.obj)
 .text.mcux_flexcomm_irq_tx_enable
                0x00000000180094fe       0x10 zephyr/drivers/serial/libdrivers__serial.a(uart_mcux_flexcomm.c.obj)
 .text.mcux_flexcomm_irq_tx_disable
                0x000000001800950e       0x10 zephyr/drivers/serial/libdrivers__serial.a(uart_mcux_flexcomm.c.obj)
 .text.mcux_flexcomm_irq_rx_enable
                0x000000001800951e       0x10 zephyr/drivers/serial/libdrivers__serial.a(uart_mcux_flexcomm.c.obj)
 .text.mcux_flexcomm_irq_err_enable
                0x000000001800952e       0x12 zephyr/drivers/serial/libdrivers__serial.a(uart_mcux_flexcomm.c.obj)
 .text.mcux_flexcomm_irq_is_pending
                0x0000000018009540       0x2c zephyr/drivers/serial/libdrivers__serial.a(uart_mcux_flexcomm.c.obj)
 .text.spi_context_get_next_buf
                0x000000001800956c       0x2c zephyr/drivers/spi/libdrivers__spi.a(spi_mcux_flexcomm.c.obj)
 .text.spi_mcux_config_func_0
                0x0000000018009598       0x16 zephyr/drivers/spi/libdrivers__spi.a(spi_mcux_flexcomm.c.obj)
 .text.spi_mcux_isr
                0x00000000180095ae        0xc zephyr/drivers/spi/libdrivers__spi.a(spi_mcux_flexcomm.c.obj)
 .text.spi_context_unlock_unconditionally.part.0
                0x00000000180095ba        0xa zephyr/drivers/spi/libdrivers__spi.a(spi_mcux_flexcomm.c.obj)
 .text.spi_context_complete
                0x00000000180095c4       0x38 zephyr/drivers/spi/libdrivers__spi.a(spi_mcux_flexcomm.c.obj)
 .text.spi_mcux_release
                0x00000000180095fc       0x12 zephyr/drivers/spi/libdrivers__spi.a(spi_mcux_flexcomm.c.obj)
 .text.spi_mcux_transceive_async
                0x000000001800960e       0x16 zephyr/drivers/spi/libdrivers__spi.a(spi_mcux_flexcomm.c.obj)
 .text.spi_mcux_transceive
                0x0000000018009624       0x12 zephyr/drivers/spi/libdrivers__spi.a(spi_mcux_flexcomm.c.obj)
 .text.sys_clock_cycle_get_32
                0x0000000018009636        0x8 zephyr/drivers/timer/libdrivers__timer.a(mcux_os_timer.c.obj)
                0x0000000018009636                sys_clock_cycle_get_32
 .text.INPUTMUX_Init
                0x000000001800963e        0x8 modules/hal_nxp/libmodules__hal_nxp.a(fsl_inputmux.c.obj)
                0x000000001800963e                INPUTMUX_Init
 .text.INPUTMUX_AttachSignal
                0x0000000018009646        0xe modules/hal_nxp/libmodules__hal_nxp.a(fsl_inputmux.c.obj)
                0x0000000018009646                INPUTMUX_AttachSignal
 .text.INPUTMUX_Deinit
                0x0000000018009654        0x8 modules/hal_nxp/libmodules__hal_nxp.a(fsl_inputmux.c.obj)
                0x0000000018009654                INPUTMUX_Deinit
 .text.GPIO_SetPinInterruptConfig
                0x000000001800965c       0x36 modules/hal_nxp/libmodules__hal_nxp.a(fsl_gpio.c.obj)
                0x000000001800965c                GPIO_SetPinInterruptConfig
 .text.GPIO_PinEnableInterrupt
                0x0000000018009692       0x36 modules/hal_nxp/libmodules__hal_nxp.a(fsl_gpio.c.obj)
                0x0000000018009692                GPIO_PinEnableInterrupt
 .text.GPIO_PinDisableInterrupt
                0x00000000180096c8       0x3a modules/hal_nxp/libmodules__hal_nxp.a(fsl_gpio.c.obj)
                0x00000000180096c8                GPIO_PinDisableInterrupt
 .text.OSTIMER_HandleIRQ
                0x0000000018009702       0x10 modules/hal_nxp/libmodules__hal_nxp.a(fsl_ostimer.c.obj)
                0x0000000018009702                OSTIMER_HandleIRQ
 .text.OSTIMER_Init
                0x0000000018009712       0x16 modules/hal_nxp/libmodules__hal_nxp.a(fsl_ostimer.c.obj)
                0x0000000018009712                OSTIMER_Init
 .text.OSTIMER_GetCurrentTimerValue
                0x0000000018009728       0x20 modules/hal_nxp/libmodules__hal_nxp.a(fsl_ostimer.c.obj)
                0x0000000018009728                OSTIMER_GetCurrentTimerValue
 .text.OSTIMER_SetMatchValue
                0x0000000018009748       0x10 modules/hal_nxp/libmodules__hal_nxp.a(fsl_ostimer.c.obj)
                0x0000000018009748                OSTIMER_SetMatchValue
 .text.PINT_PinInterruptClrStatus
                0x0000000018009758       0x16 modules/hal_nxp/libmodules__hal_nxp.a(fsl_pint.c.obj)
                0x0000000018009758                PINT_PinInterruptClrStatus
 .text.SPI_SlaveTransferHandleIRQ
                0x000000001800976e        0x4 modules/hal_nxp/libmodules__hal_nxp.a(fsl_spi.c.obj)
 .text.SPI_SlaveGetDefaultConfig
                0x0000000018009772       0x16 modules/hal_nxp/libmodules__hal_nxp.a(fsl_spi.c.obj)
                0x0000000018009772                SPI_SlaveGetDefaultConfig
 .text.SPI_MasterSetBaud
                0x0000000018009788       0x44 modules/hal_nxp/libmodules__hal_nxp.a(fsl_spi.c.obj)
                0x0000000018009788                SPI_MasterSetBaud
 .text.SPI_MasterTransferNonBlocking
                0x00000000180097cc       0x82 modules/hal_nxp/libmodules__hal_nxp.a(fsl_spi.c.obj)
                0x00000000180097cc                SPI_MasterTransferNonBlocking
 .text.USART_Deinit
                0x000000001800984e       0x2e modules/hal_nxp/libmodules__hal_nxp.a(fsl_usart.c.obj)
                0x000000001800984e                USART_Deinit
 .text.USART_GetDefaultConfig
                0x000000001800987c       0x1e modules/hal_nxp/libmodules__hal_nxp.a(fsl_usart.c.obj)
                0x000000001800987c                USART_GetDefaultConfig
 .text.USART_SetBaudRate
                0x000000001800989a       0xb6 modules/hal_nxp/libmodules__hal_nxp.a(fsl_usart.c.obj)
                0x000000001800989a                USART_SetBaudRate
 .text.USART_Init
                0x0000000018009950      0x140 modules/hal_nxp/libmodules__hal_nxp.a(fsl_usart.c.obj)
                0x0000000018009950                USART_Init
 .text.USART_Enable9bitMode
                0x0000000018009a90       0x1e modules/hal_nxp/libmodules__hal_nxp.a(fsl_usart.c.obj)
                0x0000000018009a90                USART_Enable9bitMode
 .text.SystemInitHook
                0x0000000018009aae        0x2 modules/hal_nxp/libmodules__hal_nxp.a(system_RW612.c.obj)
                0x0000000018009aae                SystemInitHook
 .text.CLOCK_Delay
                0x0000000018009ab0        0xa modules/hal_nxp/libmodules__hal_nxp.a(fsl_clock.c.obj)
 .text.CLOCK_GetTcpuMciClkFreq
                0x0000000018009aba        0xe modules/hal_nxp/libmodules__hal_nxp.a(fsl_clock.c.obj)
                0x0000000018009aba                CLOCK_GetTcpuMciClkFreq
 .text.CLOCK_SetClkDiv
                0x0000000018009ac8       0x38 modules/hal_nxp/libmodules__hal_nxp.a(fsl_clock.c.obj)
                0x0000000018009ac8                CLOCK_SetClkDiv
 .text.RESET_PeripheralReset
                0x0000000018009b00       0x12 modules/hal_nxp/libmodules__hal_nxp.a(fsl_reset.c.obj)
                0x0000000018009b00                RESET_PeripheralReset
 .text.z_device_state_init
                0x0000000018009b12        0x2 zephyr/kernel/libkernel.a(device.c.obj)
                0x0000000018009b12                z_device_state_init
 .text.z_impl_device_is_ready
                0x0000000018009b14       0x16 zephyr/kernel/libkernel.a(device.c.obj)
                0x0000000018009b14                z_impl_device_is_ready
 .text.arch_system_halt
                0x0000000018009b2a       0x10 zephyr/kernel/libkernel.a(fatal.c.obj)
                0x0000000018009b2a                arch_system_halt
 .text.do_device_init
                0x0000000018009b3a       0x2e zephyr/kernel/libkernel.a(init.c.obj)
 .text.z_early_memset
                0x0000000018009b68        0x4 zephyr/kernel/libkernel.a(init.c.obj)
                0x0000000018009b68                z_early_memset
 .text.z_early_memcpy
                0x0000000018009b6c        0x4 zephyr/kernel/libkernel.a(init.c.obj)
                0x0000000018009b6c                z_early_memcpy
 .text.idle     0x0000000018009b70       0x16 zephyr/kernel/libkernel.a(idle.c.obj)
                0x0000000018009b70                idle
 .text.unpend_thread_no_timeout
                0x0000000018009b86       0x1a zephyr/kernel/libkernel.a(msg_q.c.obj)
 .text.z_impl_k_mutex_init
                0x0000000018009ba0        0xe zephyr/kernel/libkernel.a(mutex.c.obj)
                0x0000000018009ba0                z_impl_k_mutex_init
 .text.z_impl_k_sem_init
                0x0000000018009bae       0x20 zephyr/kernel/libkernel.a(sem.c.obj)
                0x0000000018009bae                z_impl_k_sem_init
 .text.k_is_in_isr
                0x0000000018009bce        0xc zephyr/kernel/libkernel.a(thread.c.obj)
                0x0000000018009bce                k_is_in_isr
 .text.z_impl_k_thread_name_set
                0x0000000018009bda        0x6 zephyr/kernel/libkernel.a(thread.c.obj)
                0x0000000018009bda                z_impl_k_thread_name_set
 .text.k_thread_name_get
                0x0000000018009be0        0x4 zephyr/kernel/libkernel.a(thread.c.obj)
                0x0000000018009be0                k_thread_name_get
 .text.sys_dlist_remove
                0x0000000018009be4       0x10 zephyr/kernel/libkernel.a(sched.c.obj)
 .text.unpend_thread_no_timeout
                0x0000000018009bf4       0x14 zephyr/kernel/libkernel.a(sched.c.obj)
 .text.add_to_waitq_locked
                0x0000000018009c08       0x50 zephyr/kernel/libkernel.a(sched.c.obj)
 .text.z_ready_thread
                0x0000000018009c58       0x1e zephyr/kernel/libkernel.a(sched.c.obj)
                0x0000000018009c58                z_ready_thread
 .text.z_unpend_thread_no_timeout
                0x0000000018009c76       0x22 zephyr/kernel/libkernel.a(sched.c.obj)
                0x0000000018009c76                z_unpend_thread_no_timeout
 .text.z_sched_wake_thread
                0x0000000018009c98       0x3a zephyr/kernel/libkernel.a(sched.c.obj)
                0x0000000018009c98                z_sched_wake_thread
 .text.z_thread_timeout
                0x0000000018009cd2        0x8 zephyr/kernel/libkernel.a(sched.c.obj)
                0x0000000018009cd2                z_thread_timeout
 .text.z_unpend1_no_timeout
                0x0000000018009cda       0x2c zephyr/kernel/libkernel.a(sched.c.obj)
                0x0000000018009cda                z_unpend1_no_timeout
 .text.z_unpend_thread
                0x0000000018009d06       0x10 zephyr/kernel/libkernel.a(sched.c.obj)
                0x0000000018009d06                z_unpend_thread
 .text.z_impl_k_sleep
                0x0000000018009d16       0x34 zephyr/kernel/libkernel.a(sched.c.obj)
                0x0000000018009d16                z_impl_k_sleep
 .text.z_sched_wake
                0x0000000018009d4a       0x44 zephyr/kernel/libkernel.a(sched.c.obj)
                0x0000000018009d4a                z_sched_wake
 .text.next_timeout
                0x0000000018009d8e       0x2e zephyr/kernel/libkernel.a(timeout.c.obj)
 .text.z_abort_timeout
                0x0000000018009dbc       0x50 zephyr/kernel/libkernel.a(timeout.c.obj)
                0x0000000018009dbc                z_abort_timeout
 .text.sys_clock_tick_get_32
                0x0000000018009e0c        0x8 zephyr/kernel/libkernel.a(timeout.c.obj)
                0x0000000018009e0c                sys_clock_tick_get_32
 .text.z_impl_k_uptime_ticks
                0x0000000018009e14        0x4 zephyr/kernel/libkernel.a(timeout.c.obj)
                0x0000000018009e14                z_impl_k_uptime_ticks
 .text.k_timer_init
                0x0000000018009e18       0x18 zephyr/kernel/libkernel.a(timer.c.obj)
                0x0000000018009e18                k_timer_init
 .text.z_impl_k_timer_stop
                0x0000000018009e30       0x38 zephyr/kernel/libkernel.a(timer.c.obj)
                0x0000000018009e30                z_impl_k_timer_stop
 .text.signal_poll_event
                0x0000000018009e68       0x86 zephyr/kernel/libkernel.a(poll.c.obj)
 .text.z_handle_obj_poll_events
                0x0000000018009eee       0x3e zephyr/kernel/libkernel.a(poll.c.obj)
                0x0000000018009eee                z_handle_obj_poll_events
 .text.k_heap_init
                0x0000000018009f2c       0x10 zephyr/kernel/libkernel.a(kheap.c.obj)
                0x0000000018009f2c                k_heap_init
 .text.flag_test_and_clear
                0x0000000018009f3c       0x16 zephyr/kernel/libkernel.a(work.c.obj)
 .text.notify_queue_locked.isra.0
                0x0000000018009f52        0xe zephyr/kernel/libkernel.a(work.c.obj)
 .text.z_work_submit_to_queue
                0x0000000018009f60       0x26 zephyr/kernel/libkernel.a(work.c.obj)
                0x0000000018009f60                z_work_submit_to_queue
 .text.memset   0x0000000018009f86       0x10 /home/wis3re/zephyr-sdk-0.17.4/arm-zephyr-eabi/bin/../lib/gcc/../../picolibc/arm-zephyr-eabi/lib/thumb/v8-m.main/nofp/libc.a(memset.c.o)
                0x0000000018009f86                memset
 .text.strnlen  0x0000000018009f96       0x18 /home/wis3re/zephyr-sdk-0.17.4/arm-zephyr-eabi/bin/../lib/gcc/../../picolibc/arm-zephyr-eabi/lib/thumb/v8-m.main/nofp/libc.a(libc_string_strnlen.c.o)
                0x0000000018009f96                strnlen
 .text.__ultoa_invert
                0x0000000018009fae       0xac /home/wis3re/zephyr-sdk-0.17.4/arm-zephyr-eabi/bin/../lib/gcc/../../picolibc/arm-zephyr-eabi/lib/thumb/v8-m.main/nofp/libc.a(libc_tinystdio_vflprintf.c.o)
 .text.__file_str_put
                0x000000001800a05a       0x10 /home/wis3re/zephyr-sdk-0.17.4/arm-zephyr-eabi/bin/../lib/gcc/../../picolibc/arm-zephyr-eabi/lib/thumb/v8-m.main/nofp/libc.a(libc_tinystdio_filestrput.c.o)
                0x000000001800a05a                __file_str_put
 *(SORT_BY_ALIGNMENT(.TEXT.*))
 *fill*         0x000000001800a06a        0x2 
 .TEXT.__aeabi_read_tp
                0x000000001800a06c        0xc zephyr/arch/arch/arm/core/cortex_m/libarch__arm__core__cortex_m.a(__aeabi_read_tp.S.obj)
                0x000000001800a06c                __aeabi_read_tp
 .TEXT.__aeabi_read_tp.__stub
                0x000000001800a078        0x8 linker stubs
 *(SORT_BY_ALIGNMENT(.gnu.linkonce.t.*))
 *(SORT_BY_ALIGNMENT(.glue_7t))
 .glue_7t       0x000000001800a080        0x0 linker stubs
 *(SORT_BY_ALIGNMENT(.glue_7))
 .glue_7        0x000000001800a080        0x0 linker stubs
 *(SORT_BY_ALIGNMENT(.vfp11_veneer))
 .vfp11_veneer  0x000000001800a080        0x0 linker stubs
 *(SORT_BY_ALIGNMENT(.v4_bx))
 .v4_bx         0x000000001800a080        0x0 linker stubs
                0x000000001800a080                . = ALIGN (0x4)
                0x000000001800a080                __text_region_end = .

.ARM.exidx      0x000000001800a080        0x8
                0x000000001800a080                __exidx_start = .
 *(SORT_BY_ALIGNMENT(.ARM.exidx*) SORT_BY_ALIGNMENT(gnu.linkonce.armexidx.*))
 .ARM.exidx     0x000000001800a080        0x8 /home/wis3re/zephyr-sdk-0.17.4/arm-zephyr-eabi/bin/../lib/gcc/arm-zephyr-eabi/12.2.0/thumb/v8-m.main/nofp/libgcc.a(_udivmoddi4.o)
                0x000000001800a088                __exidx_end = .
                0x000000001800a088                __rodata_region_start = .

initlevel       0x000000001800a088       0x78
                0x000000001800a088                __init_start = .
                0x000000001800a088                __init_EARLY_start = .
 *(SORT_BY_NAME(SORT_BY_ALIGNMENT(.z_init_EARLY_P_?_*)))
 *(SORT_BY_NAME(SORT_BY_ALIGNMENT(.z_init_EARLY_P_??_*)))
 *(SORT_BY_NAME(SORT_BY_ALIGNMENT(.z_init_EARLY_P_???_*)))
                0x000000001800a088                __init_PRE_KERNEL_1_start = .
 *(SORT_BY_NAME(SORT_BY_ALIGNMENT(.z_init_PRE_KERNEL_1_P_?_*)))
 *(SORT_BY_NAME(SORT_BY_ALIGNMENT(.z_init_PRE_KERNEL_1_P_??_*)))
 .z_init_PRE_KERNEL_1_P_30_SUB_00026_
                0x000000001800a088        0x8 zephyr/drivers/clock_control/libdrivers__clock_control.a(clock_control_mcux_syscon.c.obj)
 .z_init_PRE_KERNEL_1_P_30_SUB_00028_
                0x000000001800a090        0x8 zephyr/drivers/clock_control/libdrivers__clock_control.a(clock_control_mcux_syscon.c.obj)
 .z_init_PRE_KERNEL_1_P_30_SUB_0_
                0x000000001800a098        0x8 zephyr/kernel/libkernel.a(kheap.c.obj)
 .z_init_PRE_KERNEL_1_P_35_SUB_00034_
                0x000000001800a0a0        0x8 zephyr/drivers/reset/libdrivers__reset.a(reset_nxp_rstctl.c.obj)
 .z_init_PRE_KERNEL_1_P_35_SUB_00099_
                0x000000001800a0a8        0x8 zephyr/drivers/reset/libdrivers__reset.a(reset_nxp_rstctl.c.obj)
 .z_init_PRE_KERNEL_1_P_40_SUB_00019_
                0x000000001800a0b0        0x8 zephyr/drivers/gpio/libdrivers__gpio.a(gpio_mcux_lpc.c.obj)
 .z_init_PRE_KERNEL_1_P_40_SUB_00048_
                0x000000001800a0b8        0x8 zephyr/drivers/interrupt_controller/libdrivers__interrupt_controller.a(intc_nxp_pint.c.obj)
 .z_init_PRE_KERNEL_1_P_40_SUB_00069_
                0x000000001800a0c0        0x8 zephyr/drivers/gpio/libdrivers__gpio.a(gpio_mcux_lpc.c.obj)
 .z_init_PRE_KERNEL_1_P_50_SUB_00040_
                0x000000001800a0c8        0x8 zephyr/drivers/serial/libdrivers__serial.a(uart_mcux_flexcomm.c.obj)
 .z_init_PRE_KERNEL_1_P_60_SUB_0_
                0x000000001800a0d0        0x8 zephyr/drivers/console/libdrivers__console.a(uart_console.c.obj)
 *(SORT_BY_NAME(SORT_BY_ALIGNMENT(.z_init_PRE_KERNEL_1_P_???_*)))
                0x000000001800a0d8                __init_PRE_KERNEL_2_start = .
 *(SORT_BY_NAME(SORT_BY_ALIGNMENT(.z_init_PRE_KERNEL_2_P_?_*)))
 .z_init_PRE_KERNEL_2_P_0_SUB_0_
                0x000000001800a0d8        0x8 zephyr/drivers/timer/libdrivers__timer.a(mcux_os_timer.c.obj)
 *(SORT_BY_NAME(SORT_BY_ALIGNMENT(.z_init_PRE_KERNEL_2_P_??_*)))
 *(SORT_BY_NAME(SORT_BY_ALIGNMENT(.z_init_PRE_KERNEL_2_P_???_*)))
                0x000000001800a0e0                __init_POST_KERNEL_start = .
 *(SORT_BY_NAME(SORT_BY_ALIGNMENT(.z_init_POST_KERNEL_P_?_*)))
 .z_init_POST_KERNEL_P_0_SUB_0_
                0x000000001800a0e0        0x8 zephyr/libzephyr.a(log_core.c.obj)
 *(SORT_BY_NAME(SORT_BY_ALIGNMENT(.z_init_POST_KERNEL_P_??_*)))
 .z_init_POST_KERNEL_P_35_SUB_0_
                0x000000001800a0e8        0x8 zephyr/lib/libc/common/liblib__libc__common.a(malloc.c.obj)
 .z_init_POST_KERNEL_P_40_SUB_0_
                0x000000001800a0f0        0x8 zephyr/kernel/libkernel.a(system_work_q.c.obj)
 .z_init_POST_KERNEL_P_50_SUB_00038_
                0x000000001800a0f8        0x8 zephyr/drivers/spi/libdrivers__spi.a(spi_mcux_flexcomm.c.obj)
 *(SORT_BY_NAME(SORT_BY_ALIGNMENT(.z_init_POST_KERNEL_P_???_*)))
                0x000000001800a100                __init_APPLICATION_start = .
 *(SORT_BY_NAME(SORT_BY_ALIGNMENT(.z_init_APPLICATION_P_?_*)))
 *(SORT_BY_NAME(SORT_BY_ALIGNMENT(.z_init_APPLICATION_P_??_*)))
 *(SORT_BY_NAME(SORT_BY_ALIGNMENT(.z_init_APPLICATION_P_???_*)))
                0x000000001800a100                __init_SMP_start = .
 *(SORT_BY_NAME(SORT_BY_ALIGNMENT(.z_init_SMP_P_?_*)))
 *(SORT_BY_NAME(SORT_BY_ALIGNMENT(.z_init_SMP_P_??_*)))
 *(SORT_BY_NAME(SORT_BY_ALIGNMENT(.z_init_SMP_P_???_*)))
                0x000000001800a100                __init_end = .

device_area     0x000000001800a100      0x120
                0x000000001800a100                _device_list_start = .
 *(SORT_BY_NAME(SORT_BY_ALIGNMENT(._device.static.*_?_*)))
 *(SORT_BY_NAME(SORT_BY_ALIGNMENT(._device.static.*_??_*)))
 ._device.static.1_30_
                0x000000001800a100       0x40 zephyr/drivers/clock_control/libdrivers__clock_control.a(clock_control_mcux_syscon.c.obj)
                0x000000001800a100                __device_dts_ord_28
                0x000000001800a120                __device_dts_ord_26
 ._device.static.1_35_
                0x000000001800a140       0x40 zephyr/drivers/reset/libdrivers__reset.a(reset_nxp_rstctl.c.obj)
                0x000000001800a140                __device_dts_ord_34
                0x000000001800a160                __device_dts_ord_99
 ._device.static.1_40_
                0x000000001800a180       0x20 zephyr/drivers/interrupt_controller/libdrivers__interrupt_controller.a(intc_nxp_pint.c.obj)
                0x000000001800a180                __device_dts_ord_48
 ._device.static.1_40_
                0x000000001800a1a0       0x40 zephyr/drivers/gpio/libdrivers__gpio.a(gpio_mcux_lpc.c.obj)
                0x000000001800a1a0                __device_dts_ord_69
                0x000000001800a1c0                __device_dts_ord_19
 ._device.static.1_50_
                0x000000001800a1e0       0x20 zephyr/drivers/serial/libdrivers__serial.a(uart_mcux_flexcomm.c.obj)
                0x000000001800a1e0                __device_dts_ord_40
 ._device.static.3_50_
                0x000000001800a200       0x20 zephyr/drivers/spi/libdrivers__spi.a(spi_mcux_flexcomm.c.obj)
                0x000000001800a200                __device_dts_ord_38
 *(SORT_BY_NAME(SORT_BY_ALIGNMENT(._device.static.*_???_*)))
 *(SORT_BY_NAME(SORT_BY_ALIGNMENT(._device.static.*_????_*)))
 *(SORT_BY_NAME(SORT_BY_ALIGNMENT(._device.static.*_?????_*)))
                0x000000001800a220                _device_list_end = .

sw_isr_table    0x000000001800a220      0x408
                0x000000001800a220                . = ALIGN (0x4)
 *(SORT_BY_ALIGNMENT(.gnu.linkonce.sw_isr_table*))
 .gnu.linkonce.sw_isr_table
                0x000000001800a220      0x408 zephyr/CMakeFiles/zephyr_final.dir/isr_tables.c.obj
                0x000000001800a220                _sw_isr_table

initlevel_error
                0x000000001800a088        0x0
 *(SORT_BY_NAME(SORT_BY_ALIGNMENT(.z_init_*)))
                0x0000000000000001                ASSERT ((SIZEOF (initlevel_error) == 0x0), Undefined initialization levels used.)

app_shmem_regions
                0x000000001800a628        0x0
                0x000000001800a628                __app_shmem_regions_start = .
 *(SORT_BY_NAME(SORT_BY_ALIGNMENT(.app_regions.*)))
                0x000000001800a628                __app_shmem_regions_end = .

k_p4wq_initparam_area
                0x000000001800a628        0x0
                0x000000001800a628                _k_p4wq_initparam_list_start = .
 *(SORT_BY_NAME(SORT_BY_ALIGNMENT(._k_p4wq_initparam.static.*)))
                0x000000001800a628                _k_p4wq_initparam_list_end = .

_static_thread_data_area
                0x000000001800a628       0x60
                0x000000001800a628                __static_thread_data_list_start = .
 *(SORT_BY_NAME(SORT_BY_ALIGNMENT(.__static_thread_data.static.*)))
 .__static_thread_data.static._k_thread_data_dbal_rx_thread_
                0x000000001800a628       0x30 app/libapp.a(dbus_app_layer.c.obj)
                0x000000001800a628                _k_thread_data_dbal_rx_thread
 .__static_thread_data.static._k_thread_data_dbal_tx_thread_
                0x000000001800a658       0x30 app/libapp.a(dbus_app_layer.c.obj)
                0x000000001800a658                _k_thread_data_dbal_tx_thread
                0x000000001800a688                __static_thread_data_list_end = .

device_deps     0x000000001800a688        0x0
                0x000000001800a688                __device_deps_start = .
 *(SORT_BY_NAME(SORT_BY_ALIGNMENT(.__device_deps_pass2*)))
                0x000000001800a688                __device_deps_end = .

gpio_driver_api_area
                0x000000001800a688       0x24
                0x000000001800a688                _gpio_driver_api_list_start = .
 *(SORT_BY_NAME(SORT_BY_ALIGNMENT(._gpio_driver_api.static.*)))
 ._gpio_driver_api.static.gpio_mcux_lpc_driver_api_
                0x000000001800a688       0x24 zephyr/drivers/gpio/libdrivers__gpio.a(gpio_mcux_lpc.c.obj)
                0x000000001800a6ac                _gpio_driver_api_list_end = .

reset_driver_api_area
                0x000000001800a6ac       0x10
                0x000000001800a6ac                _reset_driver_api_list_start = .
 *(SORT_BY_NAME(SORT_BY_ALIGNMENT(._reset_driver_api.static.*)))
 ._reset_driver_api.static.reset_nxp_rstctl_driver_api_
                0x000000001800a6ac       0x10 zephyr/drivers/reset/libdrivers__reset.a(reset_nxp_rstctl.c.obj)
                0x000000001800a6bc                _reset_driver_api_list_end = .

spi_driver_api_area
                0x000000001800a6bc        0xc
                0x000000001800a6bc                _spi_driver_api_list_start = .
 *(SORT_BY_NAME(SORT_BY_ALIGNMENT(._spi_driver_api.static.*)))
 ._spi_driver_api.static.spi_mcux_driver_api_
                0x000000001800a6bc        0xc zephyr/drivers/spi/libdrivers__spi.a(spi_mcux_flexcomm.c.obj)
                0x000000001800a6c8                _spi_driver_api_list_end = .

shared_irq_driver_api_area
                0x000000001800a6c8        0x0
                0x000000001800a6c8                _shared_irq_driver_api_list_start = .
 *(SORT_BY_NAME(SORT_BY_ALIGNMENT(._shared_irq_driver_api.static.*)))
                0x000000001800a6c8                _shared_irq_driver_api_list_end = .

crypto_driver_api_area
                0x000000001800a6c8        0x0
                0x000000001800a6c8                _crypto_driver_api_list_start = .
 *(SORT_BY_NAME(SORT_BY_ALIGNMENT(._crypto_driver_api.static.*)))
                0x000000001800a6c8                _crypto_driver_api_list_end = .

adc_driver_api_area
                0x000000001800a6c8        0x0
                0x000000001800a6c8                _adc_driver_api_list_start = .
 *(SORT_BY_NAME(SORT_BY_ALIGNMENT(._adc_driver_api.static.*)))
                0x000000001800a6c8                _adc_driver_api_list_end = .

auxdisplay_driver_api_area
                0x000000001800a6c8        0x0
                0x000000001800a6c8                _auxdisplay_driver_api_list_start = .
 *(SORT_BY_NAME(SORT_BY_ALIGNMENT(._auxdisplay_driver_api.static.*)))
                0x000000001800a6c8                _auxdisplay_driver_api_list_end = .

bbram_driver_api_area
                0x000000001800a6c8        0x0
                0x000000001800a6c8                _bbram_driver_api_list_start = .
 *(SORT_BY_NAME(SORT_BY_ALIGNMENT(._bbram_driver_api.static.*)))
                0x000000001800a6c8                _bbram_driver_api_list_end = .

bt_hci_driver_api_area
                0x000000001800a6c8        0x0
                0x000000001800a6c8                _bt_hci_driver_api_list_start = .
 *(SORT_BY_NAME(SORT_BY_ALIGNMENT(._bt_hci_driver_api.static.*)))
                0x000000001800a6c8                _bt_hci_driver_api_list_end = .

can_driver_api_area
                0x000000001800a6c8        0x0
                0x000000001800a6c8                _can_driver_api_list_start = .
 *(SORT_BY_NAME(SORT_BY_ALIGNMENT(._can_driver_api.static.*)))
                0x000000001800a6c8                _can_driver_api_list_end = .

cellular_driver_api_area
                0x000000001800a6c8        0x0
                0x000000001800a6c8                _cellular_driver_api_list_start = .
 *(SORT_BY_NAME(SORT_BY_ALIGNMENT(._cellular_driver_api.static.*)))
                0x000000001800a6c8                _cellular_driver_api_list_end = .

charger_driver_api_area
                0x000000001800a6c8        0x0
                0x000000001800a6c8                _charger_driver_api_list_start = .
 *(SORT_BY_NAME(SORT_BY_ALIGNMENT(._charger_driver_api.static.*)))
                0x000000001800a6c8                _charger_driver_api_list_end = .

clock_control_driver_api_area
                0x000000001800a6c8       0x1c
                0x000000001800a6c8                _clock_control_driver_api_list_start = .
 *(SORT_BY_NAME(SORT_BY_ALIGNMENT(._clock_control_driver_api.static.*)))
 ._clock_control_driver_api.static.mcux_lpc_syscon_api_
                0x000000001800a6c8       0x1c zephyr/drivers/clock_control/libdrivers__clock_control.a(clock_control_mcux_syscon.c.obj)
                0x000000001800a6e4                _clock_control_driver_api_list_end = .

comparator_driver_api_area
                0x000000001800a6e4        0x0
                0x000000001800a6e4                _comparator_driver_api_list_start = .
 *(SORT_BY_NAME(SORT_BY_ALIGNMENT(._comparator_driver_api.static.*)))
                0x000000001800a6e4                _comparator_driver_api_list_end = .

coredump_driver_api_area
                0x000000001800a6e4        0x0
                0x000000001800a6e4                _coredump_driver_api_list_start = .
 *(SORT_BY_NAME(SORT_BY_ALIGNMENT(._coredump_driver_api.static.*)))
                0x000000001800a6e4                _coredump_driver_api_list_end = .

counter_driver_api_area
                0x000000001800a6e4        0x0
                0x000000001800a6e4                _counter_driver_api_list_start = .
 *(SORT_BY_NAME(SORT_BY_ALIGNMENT(._counter_driver_api.static.*)))
                0x000000001800a6e4                _counter_driver_api_list_end = .

dac_driver_api_area
                0x000000001800a6e4        0x0
                0x000000001800a6e4                _dac_driver_api_list_start = .
 *(SORT_BY_NAME(SORT_BY_ALIGNMENT(._dac_driver_api.static.*)))
                0x000000001800a6e4                _dac_driver_api_list_end = .

dai_driver_api_area
                0x000000001800a6e4        0x0
                0x000000001800a6e4                _dai_driver_api_list_start = .
 *(SORT_BY_NAME(SORT_BY_ALIGNMENT(._dai_driver_api.static.*)))
                0x000000001800a6e4                _dai_driver_api_list_end = .

display_driver_api_area
                0x000000001800a6e4        0x0
                0x000000001800a6e4                _display_driver_api_list_start = .
 *(SORT_BY_NAME(SORT_BY_ALIGNMENT(._display_driver_api.static.*)))
                0x000000001800a6e4                _display_driver_api_list_end = .

dma_driver_api_area
                0x000000001800a6e4        0x0
                0x000000001800a6e4                _dma_driver_api_list_start = .
 *(SORT_BY_NAME(SORT_BY_ALIGNMENT(._dma_driver_api.static.*)))
                0x000000001800a6e4                _dma_driver_api_list_end = .

edac_driver_api_area
                0x000000001800a6e4        0x0
                0x000000001800a6e4                _edac_driver_api_list_start = .
 *(SORT_BY_NAME(SORT_BY_ALIGNMENT(._edac_driver_api.static.*)))
                0x000000001800a6e4                _edac_driver_api_list_end = .

eeprom_driver_api_area
                0x000000001800a6e4        0x0
                0x000000001800a6e4                _eeprom_driver_api_list_start = .
 *(SORT_BY_NAME(SORT_BY_ALIGNMENT(._eeprom_driver_api.static.*)))
                0x000000001800a6e4                _eeprom_driver_api_list_end = .

emul_bbram_driver_api_area
                0x000000001800a6e4        0x0
                0x000000001800a6e4                _emul_bbram_driver_api_list_start = .
 *(SORT_BY_NAME(SORT_BY_ALIGNMENT(._emul_bbram_driver_api.static.*)))
                0x000000001800a6e4                _emul_bbram_driver_api_list_end = .

fuel_gauge_emul_driver_api_area
                0x000000001800a6e4        0x0
                0x000000001800a6e4                _fuel_gauge_emul_driver_api_list_start = .
 *(SORT_BY_NAME(SORT_BY_ALIGNMENT(._fuel_gauge_emul_driver_api.static.*)))
                0x000000001800a6e4                _fuel_gauge_emul_driver_api_list_end = .

emul_sensor_driver_api_area
                0x000000001800a6e4        0x0
                0x000000001800a6e4                _emul_sensor_driver_api_list_start = .
 *(SORT_BY_NAME(SORT_BY_ALIGNMENT(._emul_sensor_driver_api.static.*)))
                0x000000001800a6e4                _emul_sensor_driver_api_list_end = .

entropy_driver_api_area
                0x000000001800a6e4        0x0
                0x000000001800a6e4                _entropy_driver_api_list_start = .
 *(SORT_BY_NAME(SORT_BY_ALIGNMENT(._entropy_driver_api.static.*)))
                0x000000001800a6e4                _entropy_driver_api_list_end = .

espi_driver_api_area
                0x000000001800a6e4        0x0
                0x000000001800a6e4                _espi_driver_api_list_start = .
 *(SORT_BY_NAME(SORT_BY_ALIGNMENT(._espi_driver_api.static.*)))
                0x000000001800a6e4                _espi_driver_api_list_end = .

espi_saf_driver_api_area
                0x000000001800a6e4        0x0
                0x000000001800a6e4                _espi_saf_driver_api_list_start = .
 *(SORT_BY_NAME(SORT_BY_ALIGNMENT(._espi_saf_driver_api.static.*)))
                0x000000001800a6e4                _espi_saf_driver_api_list_end = .

flash_driver_api_area
                0x000000001800a6e4        0x0
                0x000000001800a6e4                _flash_driver_api_list_start = .
 *(SORT_BY_NAME(SORT_BY_ALIGNMENT(._flash_driver_api.static.*)))
                0x000000001800a6e4                _flash_driver_api_list_end = .

fpga_driver_api_area
                0x000000001800a6e4        0x0
                0x000000001800a6e4                _fpga_driver_api_list_start = .
 *(SORT_BY_NAME(SORT_BY_ALIGNMENT(._fpga_driver_api.static.*)))
                0x000000001800a6e4                _fpga_driver_api_list_end = .

fuel_gauge_driver_api_area
                0x000000001800a6e4        0x0
                0x000000001800a6e4                _fuel_gauge_driver_api_list_start = .
 *(SORT_BY_NAME(SORT_BY_ALIGNMENT(._fuel_gauge_driver_api.static.*)))
                0x000000001800a6e4                _fuel_gauge_driver_api_list_end = .

gnss_driver_api_area
                0x000000001800a6e4        0x0
                0x000000001800a6e4                _gnss_driver_api_list_start = .
 *(SORT_BY_NAME(SORT_BY_ALIGNMENT(._gnss_driver_api.static.*)))
                0x000000001800a6e4                _gnss_driver_api_list_end = .

haptics_driver_api_area
                0x000000001800a6e4        0x0
                0x000000001800a6e4                _haptics_driver_api_list_start = .
 *(SORT_BY_NAME(SORT_BY_ALIGNMENT(._haptics_driver_api.static.*)))
                0x000000001800a6e4                _haptics_driver_api_list_end = .

hwspinlock_driver_api_area
                0x000000001800a6e4        0x0
                0x000000001800a6e4                _hwspinlock_driver_api_list_start = .
 *(SORT_BY_NAME(SORT_BY_ALIGNMENT(._hwspinlock_driver_api.static.*)))
                0x000000001800a6e4                _hwspinlock_driver_api_list_end = .

i2c_driver_api_area
                0x000000001800a6e4        0x0
                0x000000001800a6e4                _i2c_driver_api_list_start = .
 *(SORT_BY_NAME(SORT_BY_ALIGNMENT(._i2c_driver_api.static.*)))
                0x000000001800a6e4                _i2c_driver_api_list_end = .

i2c_target_driver_api_area
                0x000000001800a6e4        0x0
                0x000000001800a6e4                _i2c_target_driver_api_list_start = .
 *(SORT_BY_NAME(SORT_BY_ALIGNMENT(._i2c_target_driver_api.static.*)))
                0x000000001800a6e4                _i2c_target_driver_api_list_end = .

i2s_driver_api_area
                0x000000001800a6e4        0x0
                0x000000001800a6e4                _i2s_driver_api_list_start = .
 *(SORT_BY_NAME(SORT_BY_ALIGNMENT(._i2s_driver_api.static.*)))
                0x000000001800a6e4                _i2s_driver_api_list_end = .

i3c_driver_api_area
                0x000000001800a6e4        0x0