Archive member included to satisfy reference by file (symbol)

app/libapp.a(main.c.obj)      (--whole-archive)
app/libapp.a(dbus_app_layer.c.obj)
                              (--whole-archive)
app/libapp.a(spi_abstraction.c.obj)
                              (--whole-archive)
app/libapp.a(dbus_config.c.obj)
                              (--whole-archive)
zephyr/libzephyr.a(validate_libc.c.obj)
                              (--whole-archive)
zephyr/libzephyr.a(heap.c.obj)
                              (--whole-archive)
zephyr/libzephyr.a(cbprintf_packaged.c.obj)
                              (--whole-archive)
zephyr/libzephyr.a(clock.c.obj)
                              (--whole-archive)
zephyr/libzephyr.a(printk.c.obj)
                              (--whole-archive)
zephyr/libzephyr.a(sem.c.obj)
                              (--whole-archive)
zephyr/libzephyr.a(thread_entry.c.obj)
                              (--whole-archive)
zephyr/libzephyr.a(cbprintf_complete.c.obj)
                              (--whole-archive)
zephyr/libzephyr.a(assert.c.obj)
                              (--whole-archive)
zephyr/libzephyr.a(dec.c.obj)
                              (--whole-archive)
zephyr/libzephyr.a(hex.c.obj)
                              (--whole-archive)
zephyr/libzephyr.a(rb.c.obj)  (--whole-archive)
zephyr/libzephyr.a(timeutil.c.obj)
                              (--whole-archive)
zephyr/libzephyr.a(bitarray.c.obj)
                              (--whole-archive)
zephyr/libzephyr.a(ring_buffer.c.obj)
                              (--whole-archive)
zephyr/libzephyr.a(last_section_id.c.obj)
                              (--whole-archive)
zephyr/libzephyr.a(configs.c.obj)
                              (--whole-archive)
zephyr/libzephyr.a(soc.c.obj)
                              (--whole-archive)
zephyr/libzephyr.a(flexspi_clock_setup.c.obj)
                              (--whole-archive)
zephyr/libzephyr.a(mem_attr.c.obj)
                              (--whole-archive)
zephyr/libzephyr.a(tracing_none.c.obj)
                              (--whole-archive)
zephyr/arch/common/libarch__common.a(sw_isr_common.c.obj)
                              (--whole-archive)
zephyr/arch/arch/arm/core/libarch__arm__core.a(fatal.c.obj)
                              (--whole-archive)
zephyr/arch/arch/arm/core/libarch__arm__core.a(nmi.c.obj)
                              (--whole-archive)
zephyr/arch/arch/arm/core/libarch__arm__core.a(nmi_on_reset.S.obj)
                              (--whole-archive)
zephyr/arch/arch/arm/core/libarch__arm__core.a(tls.c.obj)
                              (--whole-archive)
zephyr/arch/arch/arm/core/cortex_m/libarch__arm__core__cortex_m.a(exc_exit.c.obj)
                              (--whole-archive)
zephyr/arch/arch/arm/core/cortex_m/libarch__arm__core__cortex_m.a(fault.c.obj)
                              (--whole-archive)
zephyr/arch/arch/arm/core/cortex_m/libarch__arm__core__cortex_m.a(fault_s.S.obj)
                              (--whole-archive)
zephyr/arch/arch/arm/core/cortex_m/libarch__arm__core__cortex_m.a(fpu.c.obj)
                              (--whole-archive)
zephyr/arch/arch/arm/core/cortex_m/libarch__arm__core__cortex_m.a(reset.S.obj)
                              (--whole-archive)
zephyr/arch/arch/arm/core/cortex_m/libarch__arm__core__cortex_m.a(scb.c.obj)
                              (--whole-archive)
zephyr/arch/arch/arm/core/cortex_m/libarch__arm__core__cortex_m.a(thread_abort.c.obj)
                              (--whole-archive)
zephyr/arch/arch/arm/core/cortex_m/libarch__arm__core__cortex_m.a(vector_table.S.obj)
                              (--whole-archive)
zephyr/arch/arch/arm/core/cortex_m/libarch__arm__core__cortex_m.a(swap_helper.S.obj)
                              (--whole-archive)
zephyr/arch/arch/arm/core/cortex_m/libarch__arm__core__cortex_m.a(irq_manage.c.obj)
                              (--whole-archive)
zephyr/arch/arch/arm/core/cortex_m/libarch__arm__core__cortex_m.a(prep_c.c.obj)
                              (--whole-archive)
zephyr/arch/arch/arm/core/cortex_m/libarch__arm__core__cortex_m.a(thread.c.obj)
                              (--whole-archive)
zephyr/arch/arch/arm/core/cortex_m/libarch__arm__core__cortex_m.a(cpu_idle.c.obj)
                              (--whole-archive)
zephyr/arch/arch/arm/core/cortex_m/libarch__arm__core__cortex_m.a(irq_init.c.obj)
                              (--whole-archive)
zephyr/arch/arch/arm/core/cortex_m/libarch__arm__core__cortex_m.a(isr_wrapper.c.obj)
                              (--whole-archive)
zephyr/arch/arch/arm/core/cortex_m/libarch__arm__core__cortex_m.a(__aeabi_read_tp.S.obj)
                              (--whole-archive)
zephyr/arch/arch/arm/core/cortex_m/cmse/libarch__arm__core__cortex_m__cmse.a(arm_core_cmse.c.obj)
                              (--whole-archive)
zephyr/arch/arch/arm/core/mpu/libarch__arm__core__mpu.a(arm_core_mpu.c.obj)
                              (--whole-archive)
[...]
Memory Configuration

Name             Origin             Length             Attributes
FLASH            0x0000000018000000 0x0000000004000000 xr
RAM              0x0000000010040000 0x00000000000f0000 xw
SMU1             0x0000000041380000 0x000000000007f800 rw
SMU2             0x00000000443c0000 0x0000000000023000 rw
IDT_LIST         0x00000000ffff7fff 0x0000000000008000 xw
*default*        0x0000000000000000 0xffffffffffffffff

Linker script and memory map

                0x0000000018006510                vfprintf = __l_vfprintf
                0x0000000000000000                vfscanf = __l_vfscanf
LOAD zephyr/CMakeFiles/zephyr_pre0.dir/misc/empty_file.c.obj
LOAD zephyr/CMakeFiles/offsets.dir/./arch/arm/core/offsets/offsets.c.obj
LOAD app/libapp.a
LOAD zephyr/libzephyr.a
LOAD zephyr/arch/common/libarch__common.a
LOAD zephyr/arch/arch/arm/core/libarch__arm__core.a
LOAD zephyr/arch/arch/arm/core/cortex_m/libarch__arm__core__cortex_m.a
LOAD zephyr/arch/arch/arm/core/cortex_m/cmse/libarch__arm__core__cortex_m__cmse.a
LOAD zephyr/arch/arch/arm/core/mpu/libarch__arm__core__mpu.a
LOAD zephyr/lib/libc/picolibc/liblib__libc__picolibc.a
LOAD zephyr/lib/libc/common/liblib__libc__common.a
LOAD zephyr/boards/nxp/frdm_rw612/libboards__nxp__frdm_rw612.a
LOAD zephyr/drivers/interrupt_controller/libdrivers__interrupt_controller.a
LOAD zephyr/drivers/clock_control/libdrivers__clock_control.a
LOAD zephyr/drivers/console/libdrivers__console.a
LOAD zephyr/drivers/gpio/libdrivers__gpio.a
LOAD zephyr/drivers/pinctrl/libdrivers__pinctrl.a
LOAD zephyr/drivers/reset/libdrivers__reset.a
LOAD zephyr/drivers/serial/libdrivers__serial.a
LOAD zephyr/drivers/spi/libdrivers__spi.a
LOAD zephyr/drivers/timer/libdrivers__timer.a
LOAD modules/hal_nxp/libmodules__hal_nxp.a
LOAD zephyr/kernel/libkernel.a
LOAD zephyr/arch/common/libisr_tables.a
LOAD /home/wis3re/zephyr-sdk-0.17.4/arm-zephyr-eabi/bin/../lib/gcc/../../picolibc/arm-zephyr-eabi/lib/thumb/v8-m.main/nofp/libc.a
LOAD /home/wis3re/zephyr-sdk-0.17.4/arm-zephyr-eabi/bin/../lib/gcc/arm-zephyr-eabi/12.2.0/thumb/v8-m.main/nofp/libgcc.a
                0x0000000000000020                _region_min_align = 0x20

.rel.plt        0x0000000018000000        0x0
 *(SORT_BY_ALIGNMENT(.rel.plt))
                [!provide]                        PROVIDE (__rel_iplt_start = .)
 *(SORT_BY_ALIGNMENT(.rel.iplt))
 .rel.iplt      0x0000000018000000        0x0 app/libapp.a(main.c.obj)
                [!provide]                        PROVIDE (__rel_iplt_end = .)

.rela.plt       0x0000000000000000        0x0
 *(SORT_BY_ALIGNMENT(.rela.plt))
                [!provide]                        PROVIDE (__rela_iplt_start = .)
 *(SORT_BY_ALIGNMENT(.rela.iplt))
                [!provide]                        PROVIDE (__rela_iplt_end = .)

.rel.dyn
 *(SORT_BY_ALIGNMENT(.rel.*))

.rela.dyn
 *(SORT_BY_ALIGNMENT(.rela.*))

/DISCARD/
 *(SORT_BY_ALIGNMENT(.plt))

/DISCARD/
 *(SORT_BY_ALIGNMENT(.iplt))
                0x0000000018000000                __rom_region_start = 0x18000000

rom_start       0x0000000018000000     0x1644
                0x0000000018000000                __rom_start_address = .
 FILL mask 0x00
                0x0000000018000400                . = (. + (0x400 - (. - __rom_start_address)))
 *fill*         0x0000000018000000      0x400 00
 *(SORT_BY_ALIGNMENT(.flash_conf))
 .flash_conf    0x0000000018000400      0xc00 zephyr/boards/nxp/frdm_rw612/libboards__nxp__frdm_rw612.a(W25Q512JVFIQ_FCB.c.obj)
                0x0000000018000400                flexspi_config
                0x0000000018001000                . = (. + (0x1000 - (. - __rom_start_address)))
 *(SORT_BY_ALIGNMENT(.boot_hdr.ivt))
 .boot_hdr.ivt  0x0000000018001000       0x40 zephyr/libzephyr.a(soc.c.obj)
                0x0000000018001000                image_vector_table
                0x0000000018001300                . = (. + (0x1300 - (. - __rom_start_address)))
 *fill*         0x0000000018001040      0x2c0 00
                0x0000000018001300                . = ALIGN (0x4)
                0x0000000018001300                . = ALIGN (0x80)
                0x0000000018001400                . = ALIGN (0x400)
 *fill*         0x0000000018001300      0x100 00
                0x0000000018001400                _vector_start = .
 *(SORT_BY_ALIGNMENT(.exc_vector_table))
 *(SORT_BY_ALIGNMENT(.exc_vector_table.*))
 .exc_vector_table._vector_table_section
                0x0000000018001400       0x40 zephyr/arch/arch/arm/core/cortex_m/libarch__arm__core__cortex_m.a(vector_table.S.obj)
                0x0000000018001400                _vector_table
 *(SORT_BY_ALIGNMENT(.vectors))
                0x0000000018001644                _vector_end = .
                0x0000000018001440                . = ALIGN (0x4)
 *(SORT_BY_ALIGNMENT(.gnu.linkonce.irq_vector_table*))
 .gnu.linkonce.irq_vector_table
                0x0000000018001440      0x204 zephyr/arch/common/libisr_tables.a(isr_tables.c.obj)
                0x0000000018001440                _irq_vector_table
                0x0000000018001644                _vector_end = .

text            0x0000000018001648     0x67c0
                0x0000000018001648                __text_region_start = .
 *(SORT_BY_ALIGNMENT(.text))
 .text          0x0000000018001648       0xa0 modules/hal_nxp/libmodules__hal_nxp.a(fsl_memcpy.S.obj)
                0x0000000018001648                memcpy
 .text          0x00000000180016e8       0x30 /home/wis3re/zephyr-sdk-0.17.4/arm-zephyr-eabi/bin/../lib/gcc/arm-zephyr-eabi/12.2.0/thumb/v8-m.main/nofp/libgcc.a(_aeabi_uldivmod.o)
                0x00000000180016e8                __aeabi_uldivmod
 .text          0x0000000018001718        0x4 /home/wis3re/zephyr-sdk-0.17.4/arm-zephyr-eabi/bin/../lib/gcc/arm-zephyr-eabi/12.2.0/thumb/v8-m.main/nofp/libgcc.a(_dvmd_tls.o)
                0x0000000018001718                __aeabi_ldiv0
                0x0000000018001718                __aeabi_idiv0
 .text          0x000000001800171c      0x29c /home/wis3re/zephyr-sdk-0.17.4/arm-zephyr-eabi/bin/../lib/gcc/arm-zephyr-eabi/12.2.0/thumb/v8-m.main/nofp/libgcc.a(_udivmoddi4.o)
                0x000000001800171c                __udivmoddi4
 *(SORT_BY_ALIGNMENT(.text.*))
 .text.transceive
                0x00000000180019b8      0x2e0 zephyr/drivers/spi/libdrivers__spi.a(spi_mcux_flexcomm.c.obj)
 .text.my_test_service_handler
                0x0000000018001c98       0x38 app/libapp.a(main.c.obj)
                0x0000000018001c98                my_test_service_handler
 .text.main     0x0000000018001cd0       0x84 app/libapp.a(main.c.obj)
                0x0000000018001cd0                main
 .text.dbal_connection_sm.constprop.0
                0x0000000018001d54       0x64 app/libapp.a(dbus_app_layer.c.obj)
 .text.dbal_clear_retry_counters.constprop.0
                0x0000000018001db8       0x10 app/libapp.a(dbus_app_layer.c.obj)
 .text.dbal_clear_msgs_to_repeat.constprop.0
                0x0000000018001dc8       0x60 app/libapp.a(dbus_app_layer.c.obj)
 .text.dbal_tx_thread_entry
                0x0000000018001e28       0x5c app/libapp.a(dbus_app_layer.c.obj)
                0x0000000018001e28                dbal_tx_thread_entry
 .text.dbal_io_dbus_handler_send.constprop.0.isra.0
                0x0000000018001e84      0x154 app/libapp.a(dbus_app_layer.c.obj)
 .text.dbal_msg_timer_cb
                0x0000000018001fd8      0x100 app/libapp.a(dbus_app_layer.c.obj)
                0x0000000018001fd8                dbal_msg_timer_cb
 .text.dbal_con_msg_timer_cb
                0x00000000180020d8       0x94 app/libapp.a(dbus_app_layer.c.obj)
                0x00000000180020d8                dbal_con_msg_timer_cb
 .text.dbal_register_service_handler
                0x000000001800216c       0x44 app/libapp.a(dbus_app_layer.c.obj)
                0x000000001800216c                dbal_register_service_handler
 .text.dbal_init
                0x00000000180021b0       0xd0 app/libapp.a(dbus_app_layer.c.obj)
                0x00000000180021b0                dbal_init
 .text.dbal_send_cmd_response
                0x0000000018002280       0x2c app/libapp.a(dbus_app_layer.c.obj)
                0x0000000018002280                dbal_send_cmd_response
 .text.dbal_send_event
                0x00000000180022ac       0x2c app/libapp.a(dbus_app_layer.c.obj)
                0x00000000180022ac                dbal_send_event
 .text.dbal_send_ack_nack
                0x00000000180022d8       0x44 app/libapp.a(dbus_app_layer.c.obj)
                0x00000000180022d8                dbal_send_ack_nack
 .text.dbal_spi_rx_callback
                0x000000001800231c      0x13c app/libapp.a(dbus_app_layer.c.obj)
 .text.dbal_rx_thread_entry
                0x0000000018002458       0x50 app/libapp.a(dbus_app_layer.c.obj)
                0x0000000018002458                dbal_rx_thread_entry
 .text.spi_rx_timeout_handler
                0x00000000180024a8       0x1c app/libapp.a(spi_abstraction.c.obj)
                0x00000000180024a8                spi_rx_timeout_handler
 .text.spi_transceive.constprop.0
                0x00000000180024c4       0x18 app/libapp.a(spi_abstraction.c.obj)
 .text.spi_transceive_callback
                0x00000000180024dc       0x98 app/libapp.a(spi_abstraction.c.obj)
 .text.spi_abstraction_init
                0x0000000018002574       0x94 app/libapp.a(spi_abstraction.c.obj)
                0x0000000018002574                spi_abstraction_init
 .text.spi_abstraction_register_rx_callback
                0x0000000018002608        0xc app/libapp.a(spi_abstraction.c.obj)
                0x0000000018002608                spi_abstraction_register_rx_callback
 .text.spi_abstraction_set_rx_msg_queue
                0x0000000018002614       0x14 app/libapp.a(spi_abstraction.c.obj)
                0x0000000018002614                spi_abstraction_set_rx_msg_queue
 .text.spi_abstraction_send
                0x0000000018002628       0x34 app/libapp.a(spi_abstraction.c.obj)
                0x0000000018002628                spi_abstraction_send
 .text.char_out
                0x000000001800265c        0xc zephyr/libzephyr.a(printk.c.obj)
 .text.__printk_hook_install
                0x0000000018002668        0xc zephyr/libzephyr.a(printk.c.obj)
                0x0000000018002668                __printk_hook_install
 .text.vprintk  0x0000000018002674       0x30 zephyr/libzephyr.a(printk.c.obj)
                0x0000000018002674                vprintk
 .text.z_thread_entry
                0x00000000180026a4       0x34 zephyr/libzephyr.a(thread_entry.c.obj)
                0x00000000180026a4                z_thread_entry
 .text.soc_early_init_hook
                0x00000000180026d8       0x24 zephyr/libzephyr.a(soc.c.obj)
                0x00000000180026d8                soc_early_init_hook
 .text.mem_attr_get_regions
                0x00000000180026fc        0xc zephyr/libzephyr.a(mem_attr.c.obj)
                0x00000000180026fc                mem_attr_get_regions
 .text.z_arm_fatal_error
                0x0000000018002708       0x60 zephyr/arch/arch/arm/core/libarch__arm__core.a(fatal.c.obj)
                0x0000000018002708                z_arm_fatal_error
 .text.z_SysNmiOnReset
                0x0000000018002768        0x8 zephyr/arch/arch/arm/core/libarch__arm__core.a(nmi_on_reset.S.obj)
                0x0000000018002768                z_SysNmiOnReset
 .text.arch_tls_stack_setup
                0x0000000018002770       0x40 zephyr/arch/arch/arm/core/libarch__arm__core.a(tls.c.obj)
                0x0000000018002770                arch_tls_stack_setup
 .text._HandlerModeExit
                0x00000000180027b0       0x20 zephyr/arch/arch/arm/core/cortex_m/libarch__arm__core__cortex_m.a(exc_exit.c.obj)
                0x00000000180027b0                z_arm_exc_exit
                0x00000000180027b0                z_arm_int_exit
 .text.secure_fault.constprop.0
                0x00000000180027d0       0xd4 zephyr/arch/arch/arm/core/cortex_m/libarch__arm__core__cortex_m.a(fault.c.obj)
 .text.usage_fault.constprop.0
                0x00000000180028a4       0xa8 zephyr/arch/arch/arm/core/cortex_m/libarch__arm__core__cortex_m.a(fault.c.obj)
 .text.bus_fault.constprop.0
                0x000000001800294c       0xb8 zephyr/arch/arch/arm/core/cortex_m/libarch__arm__core__cortex_m.a(fault.c.obj)
 .text.mem_manage_fault.constprop.0
                0x0000000018002a04       0xbc zephyr/arch/arch/arm/core/cortex_m/libarch__arm__core__cortex_m.a(fault.c.obj)
 .text.z_arm_fault
                0x0000000018002ac0      0x1e8 zephyr/arch/arch/arm/core/cortex_m/libarch__arm__core__cortex_m.a(fault.c.obj)
                0x0000000018002ac0                z_arm_fault
 .text.z_arm_fault_init
                0x0000000018002ca8       0x20 zephyr/arch/arch/arm/core/cortex_m/libarch__arm__core__cortex_m.a(fault.c.obj)
                0x0000000018002ca8                z_arm_fault_init
 .text.__fault  0x0000000018002cc8       0x14 zephyr/arch/arch/arm/core/cortex_m/libarch__arm__core__cortex_m.a(fault_s.S.obj)
                0x0000000018002cc8                z_arm_secure_fault
                0x0000000018002cc8                z_arm_bus_fault
                0x0000000018002cc8                z_arm_usage_fault
                0x0000000018002cc8                z_arm_mpu_fault
                0x0000000018002cc8                z_arm_exc_spurious
                0x0000000018002cc8                z_arm_debug_monitor
                0x0000000018002cc8                z_arm_hard_fault
 .text._reset_section
                0x0000000018002cdc       0x38 zephyr/arch/arch/arm/core/cortex_m/libarch__arm__core__cortex_m.a(reset.S.obj)
                0x0000000018002cdc                z_arm_reset
                0x0000000018002cdc                __start
 .text.z_impl_k_thread_abort
                0x0000000018002d14       0x2c zephyr/arch/arch/arm/core/cortex_m/libarch__arm__core__cortex_m.a(thread_abort.c.obj)
                0x0000000018002d14                z_impl_k_thread_abort
 .text.z_arm_pendsv
                0x0000000018002d40       0x60 zephyr/arch/arch/arm/core/cortex_m/libarch__arm__core__cortex_m.a(swap_helper.S.obj)
                0x0000000018002d40                z_arm_pendsv
 .text.z_arm_svc
                0x0000000018002da0       0x24 zephyr/arch/arch/arm/core/cortex_m/libarch__arm__core__cortex_m.a(swap_helper.S.obj)
                0x0000000018002da0                z_arm_svc
 .text.arm_irq_enable
                0x0000000018002dc4       0x1c zephyr/arch/arch/arm/core/cortex_m/libarch__arm__core__cortex_m.a(irq_manage.c.obj)
                0x0000000018002dc4                arm_irq_enable
 .text.arm_irq_priority_set
                0x0000000018002de0       0x2c zephyr/arch/arch/arm/core/cortex_m/libarch__arm__core__cortex_m.a(irq_manage.c.obj)
                0x0000000018002de0                arm_irq_priority_set
 .text.relocate_vector_table
                0x0000000018002e0c       0x1c zephyr/arch/arch/arm/core/cortex_m/libarch__arm__core__cortex_m.a(prep_c.c.obj)
                0x0000000018002e0c                relocate_vector_table
 .text.z_prep_c
                0x0000000018002e28       0x38 zephyr/arch/arch/arm/core/cortex_m/libarch__arm__core__cortex_m.a(prep_c.c.obj)
                0x0000000018002e28                z_prep_c
 .text.arch_new_thread
                0x0000000018002e60       0x38 zephyr/arch/arch/arm/core/cortex_m/libarch__arm__core__cortex_m.a(thread.c.obj)
                0x0000000018002e60                arch_new_thread
 .text.arch_switch_to_main_thread
                0x0000000018002e98       0x40 zephyr/arch/arch/arm/core/cortex_m/libarch__arm__core__cortex_m.a(thread.c.obj)
                0x0000000018002e98                arch_switch_to_main_thread
 .text.z_arm_cpu_idle_init
                0x0000000018002ed8        0xc zephyr/arch/arch/arm/core/cortex_m/libarch__arm__core__cortex_m.a(cpu_idle.c.obj)
                0x0000000018002ed8                z_arm_cpu_idle_init
 .text.z_arm_interrupt_init
                0x0000000018002ee4       0x18 zephyr/arch/arch/arm/core/cortex_m/libarch__arm__core__cortex_m.a(irq_init.c.obj)
                0x0000000018002ee4                z_arm_interrupt_init
 .text._isr_wrapper
                0x0000000018002efc       0x24 zephyr/arch/arch/arm/core/cortex_m/libarch__arm__core__cortex_m.a(isr_wrapper.c.obj)
                0x0000000018002efc                _isr_wrapper
 .text.z_arm_configure_static_mpu_regions
                0x0000000018002f20       0x38 zephyr/arch/arch/arm/core/mpu/libarch__arm__core__mpu.a(arm_core_mpu.c.obj)
                0x0000000018002f20                z_arm_configure_static_mpu_regions
 .text.region_init
                0x0000000018002f58       0x34 zephyr/arch/arch/arm/core/mpu/libarch__arm__core__mpu.a(arm_mpu.c.obj)
 .text.region_allocate_and_init
                0x0000000018002f8c       0x24 zephyr/arch/arch/arm/core/mpu/libarch__arm__core__mpu.a(arm_mpu.c.obj)
 .text.mpu_configure_regions_and_partition.constprop.0
                0x0000000018002fb0      0x148 zephyr/arch/arch/arm/core/mpu/libarch__arm__core__mpu.a(arm_mpu.c.obj)
 .text.arm_core_mpu_enable
                0x00000000180030f8       0x18 zephyr/arch/arch/arm/core/mpu/libarch__arm__core__mpu.a(arm_mpu.c.obj)
                0x00000000180030f8                arm_core_mpu_enable
 .text.arm_core_mpu_disable
                0x0000000018003110       0x14 zephyr/arch/arch/arm/core/mpu/libarch__arm__core__mpu.a(arm_mpu.c.obj)
                0x0000000018003110                arm_core_mpu_disable
 .text.arm_core_mpu_configure_static_mpu_regions
                0x0000000018003124       0x14 zephyr/arch/arch/arm/core/mpu/libarch__arm__core__mpu.a(arm_mpu.c.obj)
                0x0000000018003124                arm_core_mpu_configure_static_mpu_regions
 .text.arm_core_mpu_mark_areas_for_dynamic_regions
                0x0000000018003138       0xb8 zephyr/arch/arch/arm/core/mpu/libarch__arm__core__mpu.a(arm_mpu.c.obj)
                0x0000000018003138                arm_core_mpu_mark_areas_for_dynamic_regions
 .text.z_arm_mpu_init
                0x00000000180031f0      0x11c zephyr/arch/arch/arm/core/mpu/libarch__arm__core__mpu.a(arm_mpu.c.obj)
                0x00000000180031f0                z_arm_mpu_init
 .text.z_impl_zephyr_fputc
                0x000000001800330c       0x10 zephyr/lib/libc/picolibc/liblib__libc__picolibc.a(stdio.c.obj)
                0x000000001800330c                z_impl_zephyr_fputc
 .text.__stdout_hook_install
                0x000000001800331c       0x18 zephyr/lib/libc/picolibc/liblib__libc__picolibc.a(stdio.c.obj)
                0x000000001800331c                __stdout_hook_install
 .text.malloc_prepare
                0x0000000018003334       0x24 zephyr/lib/libc/common/liblib__libc__common.a(malloc.c.obj)
 .text.nxp_pint_isr
                0x0000000018003358       0x38 zephyr/drivers/interrupt_controller/libdrivers__interrupt_controller.a(intc_nxp_pint.c.obj)
 .text.intc_nxp_pint_init
                0x0000000018003390       0xd0 zephyr/drivers/interrupt_controller/libdrivers__interrupt_controller.a(intc_nxp_pint.c.obj)
 .text.nxp_pint_pin_enable
                0x0000000018003460       0x88 zephyr/drivers/interrupt_controller/libdrivers__interrupt_controller.a(intc_nxp_pint.c.obj)
                0x0000000018003460                nxp_pint_pin_enable
 .text.nxp_pint_pin_disable
                0x00000000180034e8       0x34 zephyr/drivers/interrupt_controller/libdrivers__interrupt_controller.a(intc_nxp_pint.c.obj)
                0x00000000180034e8                nxp_pint_pin_disable
 .text.nxp_pint_pin_set_callback
                0x000000001800351c       0x2c zephyr/drivers/interrupt_controller/libdrivers__interrupt_controller.a(intc_nxp_pint.c.obj)
                0x000000001800351c                nxp_pint_pin_set_callback
 .text.mcux_lpc_syscon_clock_control_configure
                0x0000000018003548       0xb4 zephyr/drivers/clock_control/libdrivers__clock_control.a(clock_control_mcux_syscon.c.obj)
 .text.uart_console_init
                0x00000000180035fc       0x28 zephyr/drivers/console/libdrivers__console.a(uart_console.c.obj)
 .text.console_out
                0x0000000018003624       0x28 zephyr/drivers/console/libdrivers__console.a(uart_console.c.obj)
 .text.gpio_mcux_lpc_pin_interrupt_configure
                0x000000001800364c      0x130 zephyr/drivers/gpio/libdrivers__gpio.a(gpio_mcux_lpc.c.obj)
 .text.pinctrl_configure_pins
                0x000000001800377c      0x27c zephyr/drivers/pinctrl/libdrivers__pinctrl.a(pinctrl_mci_io_mux.c.obj)
                0x000000001800377c                pinctrl_configure_pins
 .text.mcux_flexcomm_uart_configure
                0x00000000180039f8       0xb4 zephyr/drivers/serial/libdrivers__serial.a(uart_mcux_flexcomm.c.obj)
 .text.mcux_flexcomm_init
                0x0000000018003aac       0xd0 zephyr/drivers/serial/libdrivers__serial.a(uart_mcux_flexcomm.c.obj)
 .text.mcux_lpc_ostick_get_compensated_timer_value
                0x0000000018003b7c        0xc zephyr/drivers/timer/libdrivers__timer.a(mcux_os_timer.c.obj)
 .text.mcux_lpc_ostick_isr
                0x0000000018003b88       0x4c zephyr/drivers/timer/libdrivers__timer.a(mcux_os_timer.c.obj)
                0x0000000018003b88                mcux_lpc_ostick_isr
 .text.sys_clock_driver_init
                0x0000000018003bd4       0x4c zephyr/drivers/timer/libdrivers__timer.a(mcux_os_timer.c.obj)
 .text.sys_clock_set_timeout
                0x0000000018003c20       0x90 zephyr/drivers/timer/libdrivers__timer.a(mcux_os_timer.c.obj)
                0x0000000018003c20                sys_clock_set_timeout
 .text.sys_clock_elapsed
                0x0000000018003cb0       0x30 zephyr/drivers/timer/libdrivers__timer.a(mcux_os_timer.c.obj)
                0x0000000018003cb0                sys_clock_elapsed
 .text.FLEXCOMM_GetInstance
                0x0000000018003ce0       0x24 modules/hal_nxp/libmodules__hal_nxp.a(fsl_flexcomm.c.obj)
                0x0000000018003ce0                FLEXCOMM_GetInstance
 .text.FLEXCOMM_Init
                0x0000000018003d04       0x70 modules/hal_nxp/libmodules__hal_nxp.a(fsl_flexcomm.c.obj)
                0x0000000018003d04                FLEXCOMM_Init
 .text.FLEXCOMM_SetIRQHandler
                0x0000000018003d74       0x20 modules/hal_nxp/libmodules__hal_nxp.a(fsl_flexcomm.c.obj)
                0x0000000018003d74                FLEXCOMM_SetIRQHandler
 .text.GPIO_PortInit
                0x0000000018003d94       0x24 modules/hal_nxp/libmodules__hal_nxp.a(fsl_gpio.c.obj)
                0x0000000018003d94                GPIO_PortInit
 .text.OSTIMER_GetInstance
                0x0000000018003db8       0x14 modules/hal_nxp/libmodules__hal_nxp.a(fsl_ostimer.c.obj)
 .text.OSTIMER_EnableInterrupt.constprop.0
                0x0000000018003dcc       0x20 modules/hal_nxp/libmodules__hal_nxp.a(fsl_ostimer.c.obj)
 .text.OSTIMER_SetMatchRawValue
                0x0000000018003dec       0x80 modules/hal_nxp/libmodules__hal_nxp.a(fsl_ostimer.c.obj)
                0x0000000018003dec                OSTIMER_SetMatchRawValue
 .text.PINT_GetInstance
                0x0000000018003e6c       0x14 modules/hal_nxp/libmodules__hal_nxp.a(fsl_pint.c.obj)
 .text.PINT_Init
                0x0000000018003e80       0x4c modules/hal_nxp/libmodules__hal_nxp.a(fsl_pint.c.obj)
                0x0000000018003e80                PINT_Init
 .text.PINT_PinInterruptConfig
                0x0000000018003ecc       0x48 modules/hal_nxp/libmodules__hal_nxp.a(fsl_pint.c.obj)
                0x0000000018003ecc                PINT_PinInterruptConfig
 .text.SPI_GetInstance
                0x0000000018003f14       0x24 modules/hal_nxp/libmodules__hal_nxp.a(fsl_spi.c.obj)
                0x0000000018003f14                SPI_GetInstance
 .text.SPI_MasterTransferHandleIRQ
                0x0000000018003f38      0x23c modules/hal_nxp/libmodules__hal_nxp.a(fsl_spi.c.obj)
                0x0000000018003f38                SPI_MasterTransferHandleIRQ
 .text.SPI_SetDummyData
                0x0000000018004174       0x14 modules/hal_nxp/libmodules__hal_nxp.a(fsl_spi.c.obj)
                0x0000000018004174                SPI_SetDummyData
 .text.SPI_MasterGetDefaultConfig
                0x0000000018004188       0x20 modules/hal_nxp/libmodules__hal_nxp.a(fsl_spi.c.obj)
                0x0000000018004188                SPI_MasterGetDefaultConfig
 .text.SPI_SlaveInit
                0x00000000180041a8       0xcc modules/hal_nxp/libmodules__hal_nxp.a(fsl_spi.c.obj)
                0x00000000180041a8                SPI_SlaveInit
 .text.SPI_MasterInit
                0x0000000018004274      0x11c modules/hal_nxp/libmodules__hal_nxp.a(fsl_spi.c.obj)
                0x0000000018004274                SPI_MasterInit
 .text.SPI_MasterTransferCreateHandle
                0x0000000018004390       0x98 modules/hal_nxp/libmodules__hal_nxp.a(fsl_spi.c.obj)
                0x0000000018004390                SPI_MasterTransferCreateHandle
 .text.USART_SetRxTimeoutConfig
                0x0000000018004428       0x38 modules/hal_nxp/libmodules__hal_nxp.a(fsl_usart.c.obj)
                0x0000000018004428                USART_SetRxTimeoutConfig
 .text.getT3PllMciIrcClkFreq
                0x0000000018004460       0x30 modules/hal_nxp/libmodules__hal_nxp.a(system_RW612.c.obj)
 .text.SystemCoreClockUpdate
                0x0000000018004490      0x11c modules/hal_nxp/libmodules__hal_nxp.a(system_RW612.c.obj)
                0x0000000018004490                SystemCoreClockUpdate
 .text.SystemInit
                0x00000000180045ac       0x90 modules/hal_nxp/libmodules__hal_nxp.a(system_RW612.c.obj)
                0x00000000180045ac                SystemInit
 .text.CLOCK_GetLpOscFreq
                0x000000001800463c       0x20 modules/hal_nxp/libmodules__hal_nxp.a(fsl_clock.c.obj)
 .text.CLOCK_DelayUs
                0x000000001800465c       0x28 modules/hal_nxp/libmodules__hal_nxp.a(fsl_clock.c.obj)
 .text.CLOCK_GetTcpuFvcoFreq
                0x0000000018004684       0x6c modules/hal_nxp/libmodules__hal_nxp.a(fsl_clock.c.obj)
 .text.CLOCK_GetT3PllMciIrcClkFreq
                0x00000000180046f0       0x30 modules/hal_nxp/libmodules__hal_nxp.a(fsl_clock.c.obj)
                0x00000000180046f0                CLOCK_GetT3PllMciIrcClkFreq
 .text.CLOCK_GetMainPllClkFreq
                0x0000000018004720       0x1c modules/hal_nxp/libmodules__hal_nxp.a(fsl_clock.c.obj)
 .text.CLOCK_EnableClock
                0x000000001800473c       0xb0 modules/hal_nxp/libmodules__hal_nxp.a(fsl_clock.c.obj)
                0x000000001800473c                CLOCK_EnableClock
 .text.CLOCK_DisableClock
                0x00000000180047ec       0xa4 modules/hal_nxp/libmodules__hal_nxp.a(fsl_clock.c.obj)
                0x00000000180047ec                CLOCK_DisableClock
 .text.CLOCK_AttachClk
                0x0000000018004890       0x84 modules/hal_nxp/libmodules__hal_nxp.a(fsl_clock.c.obj)
                0x0000000018004890                CLOCK_AttachClk
 .text.CLOCK_GetAvPllCh1Freq
                0x0000000018004914       0x30 modules/hal_nxp/libmodules__hal_nxp.a(fsl_clock.c.obj)
                0x0000000018004914                CLOCK_GetAvPllCh1Freq
 .text.CLOCK_GetAudioPllClkFreq
                0x0000000018004944       0x1c modules/hal_nxp/libmodules__hal_nxp.a(fsl_clock.c.obj)
 .text.CLOCK_GetMainClkFreq
                0x0000000018004960       0x9c modules/hal_nxp/libmodules__hal_nxp.a(fsl_clock.c.obj)
                0x0000000018004960                CLOCK_GetMainClkFreq
 .text.CLOCK_GetFRGClock
                0x00000000180049fc       0x94 modules/hal_nxp/libmodules__hal_nxp.a(fsl_clock.c.obj)
                0x00000000180049fc                CLOCK_GetFRGClock
 .text.CLOCK_SetFRGClock
                0x0000000018004a90       0x38 modules/hal_nxp/libmodules__hal_nxp.a(fsl_clock.c.obj)
                0x0000000018004a90                CLOCK_SetFRGClock
 .text.CLOCK_GetFlexCommClkFreq
                0x0000000018004ac8       0x54 modules/hal_nxp/libmodules__hal_nxp.a(fsl_clock.c.obj)
                0x0000000018004ac8                CLOCK_GetFlexCommClkFreq
 .text.CLOCK_DeinitTcpuRefClk
                0x0000000018004b1c       0x38 modules/hal_nxp/libmodules__hal_nxp.a(fsl_clock.c.obj)
                0x0000000018004b1c                CLOCK_DeinitTcpuRefClk
 .text.CLOCK_InitTcpuRefClk
                0x0000000018004b54       0xd8 modules/hal_nxp/libmodules__hal_nxp.a(fsl_clock.c.obj)
                0x0000000018004b54                CLOCK_InitTcpuRefClk
 .text.CLOCK_DeinitT3RefClk
                0x0000000018004c2c       0x30 modules/hal_nxp/libmodules__hal_nxp.a(fsl_clock.c.obj)
                0x0000000018004c2c                CLOCK_DeinitT3RefClk
 .text.CLOCK_InitT3RefClk
                0x0000000018004c5c       0x4c modules/hal_nxp/libmodules__hal_nxp.a(fsl_clock.c.obj)
                0x0000000018004c5c                CLOCK_InitT3RefClk
 .text.POWER_EnableWakeup
                0x0000000018004ca8       0xfc modules/hal_nxp/libmodules__hal_nxp.a(fsl_power.c.obj)
                0x0000000018004ca8                POWER_EnableWakeup
 .text.POWER_InitPowerConfig
                0x0000000018004da4       0x7c modules/hal_nxp/libmodules__hal_nxp.a(fsl_power.c.obj)
                0x0000000018004da4                POWER_InitPowerConfig
 .text.RESET_SetPeripheralReset
                0x0000000018004e20       0x68 modules/hal_nxp/libmodules__hal_nxp.a(fsl_reset.c.obj)
                0x0000000018004e20                RESET_SetPeripheralReset
 .text.RESET_ClearPeripheralReset
                0x0000000018004e88       0x74 modules/hal_nxp/libmodules__hal_nxp.a(fsl_reset.c.obj)
                0x0000000018004e88                RESET_ClearPeripheralReset
 .text.z_fatal_error
                0x0000000018004efc       0x30 zephyr/kernel/libkernel.a(fatal.c.obj)
                0x0000000018004efc                z_fatal_error
 .text.z_sys_init_run_level
                0x0000000018004f2c       0x30 zephyr/kernel/libkernel.a(init.c.obj)
 .text.bg_thread_main
                0x0000000018004f5c       0xc0 zephyr/kernel/libkernel.a(init.c.obj)
 .text.z_bss_zero
                0x000000001800501c       0x18 zephyr/kernel/libkernel.a(init.c.obj)
                0x000000001800501c                z_bss_zero
 .text.z_init_cpu
                0x0000000018005034       0x68 zephyr/kernel/libkernel.a(init.c.obj)
                0x0000000018005034                z_init_cpu
 .text.z_cstart
                0x000000001800509c       0xf4 zephyr/kernel/libkernel.a(init.c.obj)
                0x000000001800509c                z_cstart
 .text.put_msg_in_queue
                0x0000000018005190       0xe0 zephyr/kernel/libkernel.a(msg_q.c.obj)
 .text.z_impl_k_msgq_get
                0x0000000018005270       0xc4 zephyr/kernel/libkernel.a(msg_q.c.obj)
                0x0000000018005270                z_impl_k_msgq_get
 .text.z_impl_k_mutex_lock
                0x0000000018005334       0xf0 zephyr/kernel/libkernel.a(mutex.c.obj)
                0x0000000018005334                z_impl_k_mutex_lock
 .text.z_impl_k_mutex_unlock
                0x0000000018005424       0xa0 zephyr/kernel/libkernel.a(mutex.c.obj)
                0x0000000018005424                z_impl_k_mutex_unlock
 .text.z_impl_k_sem_give
                0x00000000180054c4       0x74 zephyr/kernel/libkernel.a(sem.c.obj)
                0x00000000180054c4                z_impl_k_sem_give
 .text.z_impl_k_sem_take
                0x0000000018005538       0x4c zephyr/kernel/libkernel.a(sem.c.obj)
                0x0000000018005538                z_impl_k_sem_take
 .text.z_setup_new_thread
                0x0000000018005584       0x7c zephyr/kernel/libkernel.a(thread.c.obj)
                0x0000000018005584                z_setup_new_thread
 .text.z_impl_k_thread_create
                0x0000000018005600       0x58 zephyr/kernel/libkernel.a(thread.c.obj)
                0x0000000018005600                z_impl_k_thread_create
 .text.z_dummy_thread_init
                0x0000000018005658       0x20 zephyr/kernel/libkernel.a(thread.c.obj)
                0x0000000018005658                z_dummy_thread_init
 .text.z_swap_irqlock
                0x0000000018005678       0x30 zephyr/kernel/libkernel.a(sched.c.obj)
 .text.ready_thread
                0x00000000180056a8       0x84 zephyr/kernel/libkernel.a(sched.c.obj)
 .text.unready_thread
                0x000000001800572c       0x54 zephyr/kernel/libkernel.a(sched.c.obj)
 .text.add_thread_timeout
                0x0000000018005780       0x1c zephyr/kernel/libkernel.a(sched.c.obj)
 .text.move_thread_to_end_of_prio_q
                0x000000001800579c       0x90 zephyr/kernel/libkernel.a(sched.c.obj)
                0x000000001800579c                move_thread_to_end_of_prio_q
 .text.z_pend_curr
                0x000000001800582c       0x44 zephyr/kernel/libkernel.a(sched.c.obj)
                0x000000001800582c                z_pend_curr
 .text.z_thread_prio_set
                0x0000000018005870       0xe4 zephyr/kernel/libkernel.a(sched.c.obj)
                0x0000000018005870                z_thread_prio_set
 .text.z_reschedule
                0x0000000018005954       0x24 zephyr/kernel/libkernel.a(sched.c.obj)
                0x0000000018005954                z_reschedule
 .text.z_reschedule_irqlock
                0x0000000018005978       0x28 zephyr/kernel/libkernel.a(sched.c.obj)
                0x0000000018005978                z_reschedule_irqlock
 .text.k_sched_lock
                0x00000000180059a0       0x28 zephyr/kernel/libkernel.a(sched.c.obj)
                0x00000000180059a0                k_sched_lock
 .text.k_sched_unlock
                0x00000000180059c8       0x68 zephyr/kernel/libkernel.a(sched.c.obj)
                0x00000000180059c8                k_sched_unlock
 .text.z_sched_init
                0x0000000018005a30       0x10 zephyr/kernel/libkernel.a(sched.c.obj)
                0x0000000018005a30                z_sched_init
 .text.z_impl_k_yield
                0x0000000018005a40       0x88 zephyr/kernel/libkernel.a(sched.c.obj)
                0x0000000018005a40                z_impl_k_yield
 .text.z_tick_sleep
                0x0000000018005ac8       0x78 zephyr/kernel/libkernel.a(sched.c.obj)
 .text.z_impl_k_wakeup
                0x0000000018005b40       0x48 zephyr/kernel/libkernel.a(sched.c.obj)
                0x0000000018005b40                z_impl_k_wakeup
 .text.z_impl_k_sched_current_thread_query
                0x0000000018005b88        0xc zephyr/kernel/libkernel.a(sched.c.obj)
                0x0000000018005b88                z_impl_k_sched_current_thread_query
 .text.z_thread_abort
                0x0000000018005b94      0x140 zephyr/kernel/libkernel.a(sched.c.obj)
                0x0000000018005b94                z_thread_abort
 .text.z_sched_wait
                0x0000000018005cd4       0x24 zephyr/kernel/libkernel.a(sched.c.obj)
                0x0000000018005cd4                z_sched_wait
 .text.slice_timeout
                0x0000000018005cf8       0x20 zephyr/kernel/libkernel.a(timeslicing.c.obj)
 .text.thread_is_sliceable
                0x0000000018005d18       0x3c zephyr/kernel/libkernel.a(timeslicing.c.obj)
                0x0000000018005d18                thread_is_sliceable
 .text.z_reset_time_slice
                0x0000000018005d54       0x50 zephyr/kernel/libkernel.a(timeslicing.c.obj)
                0x0000000018005d54                z_reset_time_slice
 .text.z_time_slice
                0x0000000018005da4       0x60 zephyr/kernel/libkernel.a(timeslicing.c.obj)
                0x0000000018005da4                z_time_slice
 .text.z_data_copy
                0x0000000018005e04       0x38 zephyr/kernel/libkernel.a(xip.c.obj)
                0x0000000018005e04                z_data_copy
 .text.first    0x0000000018005e3c       0x10 zephyr/kernel/libkernel.a(timeout.c.obj)
 .text.elapsed  0x0000000018005e4c       0x14 zephyr/kernel/libkernel.a(timeout.c.obj)
 .text.remove_timeout
                0x0000000018005e60       0x38 zephyr/kernel/libkernel.a(timeout.c.obj)
 .text.z_add_timeout
                0x0000000018005e98      0x120 zephyr/kernel/libkernel.a(timeout.c.obj)
                0x0000000018005e98                z_add_timeout
 .text.sys_clock_announce
                0x0000000018005fb8       0xbc zephyr/kernel/libkernel.a(timeout.c.obj)
                0x0000000018005fb8                sys_clock_announce
 .text.sys_clock_tick_get
                0x0000000018006074       0x30 zephyr/kernel/libkernel.a(timeout.c.obj)
                0x0000000018006074                sys_clock_tick_get
 .text.z_timer_expiration_handler
                0x00000000180060a4      0x110 zephyr/kernel/libkernel.a(timer.c.obj)
                0x00000000180060a4                z_timer_expiration_handler
 .text.z_impl_k_timer_start
                0x00000000180061b4       0x70 zephyr/kernel/libkernel.a(timer.c.obj)
                0x00000000180061b4                z_impl_k_timer_start
 .text.k_thread_system_pool_assign
                0x0000000018006224        0xc zephyr/kernel/libkernel.a(mempool.c.obj)
                0x0000000018006224                k_thread_system_pool_assign
 .text.boot_banner
                0x0000000018006230        0xc zephyr/kernel/libkernel.a(banner.c.obj)
                0x0000000018006230                boot_banner
 .text.statics_init
                0x000000001800623c       0x24 zephyr/kernel/libkernel.a(kheap.c.obj)
 .text.k_sys_work_q_init
                0x0000000018006260       0x2c zephyr/kernel/libkernel.a(system_work_q.c.obj)
 .text.work_queue_main
                0x000000001800628c      0x14c zephyr/kernel/libkernel.a(work.c.obj)
 .text.submit_to_queue_locked
                0x00000000180063d8       0xb8 zephyr/kernel/libkernel.a(work.c.obj)
 .text.k_work_queue_start
                0x0000000018006490       0x80 zephyr/kernel/libkernel.a(work.c.obj)
                0x0000000018006490                k_work_queue_start
 .text.__l_vfprintf
                0x0000000018006510      0x4b4 /home/wis3re/zephyr-sdk-0.17.4/arm-zephyr-eabi/bin/../lib/gcc/../../picolibc/arm-zephyr-eabi/lib/thumb/v8-m.main/nofp/libc.a(libc_tinystdio_vflprintf.c.o)
                0x0000000018006510                __l_vfprintf
 .text._OffsetAbsSyms
                0x00000000180069c4        0x2 zephyr/CMakeFiles/offsets.dir/./arch/arm/core/offsets/offsets.c.obj
                0x00000000180069c4                _OffsetAbsSyms
 .text.calculate_crc8
                0x00000000180069c6       0x30 app/libapp.a(dbus_app_layer.c.obj)
 .text.chunk_field
                0x00000000180069f6       0x16 zephyr/libzephyr.a(heap.c.obj)
 .text.chunk_set
                0x0000000018006a0c       0x16 zephyr/libzephyr.a(heap.c.obj)
 .text.chunk_size
                0x0000000018006a22        0xc zephyr/libzephyr.a(heap.c.obj)
 .text.set_chunk_used
                0x0000000018006a2e       0x30 zephyr/libzephyr.a(heap.c.obj)
 .text.set_chunk_size
                0x0000000018006a5e        0x8 zephyr/libzephyr.a(heap.c.obj)
 .text.bucket_idx
                0x0000000018006a66       0x1e zephyr/libzephyr.a(heap.c.obj)
 .text.free_list_add
                0x0000000018006a84       0x84 zephyr/libzephyr.a(heap.c.obj)
 .text.sys_heap_init
                0x0000000018006b08       0xb0 zephyr/libzephyr.a(heap.c.obj)
                0x0000000018006b08                sys_heap_init
 .text.arch_printk_char_out
                0x0000000018006bb8        0x4 zephyr/libzephyr.a(printk.c.obj)
                0x0000000018006bb8                arch_printk_char_out
 .text.printk   0x0000000018006bbc       0x1a zephyr/libzephyr.a(printk.c.obj)
                0x0000000018006bbc                printk
 .text._ConfigAbsSyms
                0x0000000018006bd6        0x2 zephyr/libzephyr.a(configs.c.obj)
                0x0000000018006bd6                _ConfigAbsSyms
 .text.soc_reset_hook
                0x0000000018006bd8        0x4 zephyr/libzephyr.a(soc.c.obj)
                0x0000000018006bd8                soc_reset_hook
 .text.z_do_kernel_oops
                0x0000000018006bdc        0x8 zephyr/arch/arch/arm/core/libarch__arm__core.a(fatal.c.obj)
                0x0000000018006bdc                z_do_kernel_oops
 .text.z_arm_nmi
                0x0000000018006be4        0xe zephyr/arch/arch/arm/core/libarch__arm__core.a(nmi.c.obj)
                0x0000000018006be4                z_arm_nmi
 .text.z_irq_spurious
                0x0000000018006bf2        0x8 zephyr/arch/arch/arm/core/cortex_m/libarch__arm__core__cortex_m.a(irq_manage.c.obj)
                0x0000000018006bf2                z_irq_spurious
 .text.configure_builtin_stack_guard
                0x0000000018006bfa        0x8 zephyr/arch/arch/arm/core/cortex_m/libarch__arm__core__cortex_m.a(thread.c.obj)
                0x0000000018006bfa                configure_builtin_stack_guard
 .text.arch_coprocessors_disable
                0x0000000018006c02        0x6 zephyr/arch/arch/arm/core/cortex_m/libarch__arm__core__cortex_m.a(thread.c.obj)
                0x0000000018006c02                arch_coprocessors_disable
 .text.arch_irq_unlock_outlined
                0x0000000018006c08        0xe zephyr/arch/arch/arm/core/cortex_m/libarch__arm__core__cortex_m.a(thread.c.obj)
                0x0000000018006c08                arch_irq_unlock_outlined
 .text.arch_cpu_idle
                0x0000000018006c16       0x1a zephyr/arch/arch/arm/core/cortex_m/libarch__arm__core__cortex_m.a(cpu_idle.c.obj)
                0x0000000018006c16                arch_cpu_idle
 .text.arm_cmse_mpu_region_get
                0x0000000018006c30       0x12 zephyr/arch/arch/arm/core/cortex_m/cmse/libarch__arm__core__cortex_m__cmse.a(arm_core_cmse.c.obj)
                0x0000000018006c30                arm_cmse_mpu_region_get
 .text.mpu_configure_region
                0x0000000018006c42       0x32 zephyr/arch/arch/arm/core/mpu/libarch__arm__core__mpu.a(arm_mpu.c.obj)
 .text.picolibc_put
                0x0000000018006c74        0xa zephyr/lib/libc/picolibc/liblib__libc__picolibc.a(stdio.c.obj)
 .text.board_early_init_hook
                0x0000000018006c7e       0x14 zephyr/boards/nxp/frdm_rw612/libboards__nxp__frdm_rw612.a(init.c.obj)
                0x0000000018006c7e                board_early_init_hook
 .text.mcux_lpc_syscon_clock_control_on
                0x0000000018006c92        0x4 zephyr/drivers/clock_control/libdrivers__clock_control.a(clock_control_mcux_syscon.c.obj)
 .text.mcux_lpc_syscon_clock_control_set_subsys_rate
                0x0000000018006c96        0x6 zephyr/drivers/clock_control/libdrivers__clock_control.a(clock_control_mcux_syscon.c.obj)
 .text.mcux_lpc_syscon_clock_control_get_subsys_rate
                0x0000000018006c9c       0x6e zephyr/drivers/clock_control/libdrivers__clock_control.a(clock_control_mcux_syscon.c.obj)
 .text.mcux_lpc_syscon_clock_control_off
                0x0000000018006d0a        0x4 zephyr/drivers/clock_control/libdrivers__clock_control.a(clock_control_mcux_syscon.c.obj)
 .text.gpio_mcux_lpc_port_get_raw
                0x0000000018006d0e       0x14 zephyr/drivers/gpio/libdrivers__gpio.a(gpio_mcux_lpc.c.obj)
 .text.gpio_mcux_lpc_port_set_masked_raw
                0x0000000018006d22       0x20 zephyr/drivers/gpio/libdrivers__gpio.a(gpio_mcux_lpc.c.obj)
 .text.gpio_mcux_lpc_port_set_bits_raw
                0x0000000018006d42       0x12 zephyr/drivers/gpio/libdrivers__gpio.a(gpio_mcux_lpc.c.obj)
 .text.gpio_mcux_lpc_port_clear_bits_raw
                0x0000000018006d54       0x12 zephyr/drivers/gpio/libdrivers__gpio.a(gpio_mcux_lpc.c.obj)
 .text.gpio_mcux_lpc_port_toggle_bits
                0x0000000018006d66       0x12 zephyr/drivers/gpio/libdrivers__gpio.a(gpio_mcux_lpc.c.obj)
 .text.gpio_mcux_lpc_manage_cb
                0x0000000018006d78       0x52 zephyr/drivers/gpio/libdrivers__gpio.a(gpio_mcux_lpc.c.obj)
 .text.gpio_mcux_lpc_configure
                0x0000000018006dca       0x8a zephyr/drivers/gpio/libdrivers__gpio.a(gpio_mcux_lpc.c.obj)
 .text.gpio_fire_callbacks.isra.0
                0x0000000018006e54       0x2a zephyr/drivers/gpio/libdrivers__gpio.a(gpio_mcux_lpc.c.obj)
 .text.gpio_mcux_lpc_pint_cb
                0x0000000018006e7e       0x14 zephyr/drivers/gpio/libdrivers__gpio.a(gpio_mcux_lpc.c.obj)
 .text.gpio_mcux_lpc_init.isra.0
                0x0000000018006e92       0x2a zephyr/drivers/gpio/libdrivers__gpio.a(gpio_mcux_lpc.c.obj)
 .text.lpc_gpio_init_0
                0x0000000018006ebc        0xa zephyr/drivers/gpio/libdrivers__gpio.a(gpio_mcux_lpc.c.obj)
 .text.lpc_gpio_init_1
                0x0000000018006ec6        0xa zephyr/drivers/gpio/libdrivers__gpio.a(gpio_mcux_lpc.c.obj)
 .text.pinctrl_lookup_state
                0x0000000018006ed0       0x26 zephyr/drivers/pinctrl/libdrivers__pinctrl.a(common.c.obj)
                0x0000000018006ed0                pinctrl_lookup_state
 .text.reset_nxp_rstctl_status
                0x0000000018006ef6       0x22 zephyr/drivers/reset/libdrivers__reset.a(reset_nxp_rstctl.c.obj)
 .text.reset_nxp_rstctl_line_assert
                0x0000000018006f18       0x14 zephyr/drivers/reset/libdrivers__reset.a(reset_nxp_rstctl.c.obj)
 .text.reset_nxp_rstctl_line_deassert
                0x0000000018006f2c       0x14 zephyr/drivers/reset/libdrivers__reset.a(reset_nxp_rstctl.c.obj)
 .text.reset_nxp_rstctl_line_toggle
                0x0000000018006f40       0x2c zephyr/drivers/reset/libdrivers__reset.a(reset_nxp_rstctl.c.obj)
 .text.USART_GetStatusFlags
                0x0000000018006f6c       0x24 zephyr/drivers/serial/libdrivers__serial.a(uart_mcux_flexcomm.c.obj)
 .text.mcux_flexcomm_poll_in
                0x0000000018006f90       0x20 zephyr/drivers/serial/libdrivers__serial.a(uart_mcux_flexcomm.c.obj)
 .text.mcux_flexcomm_poll_out
                0x0000000018006fb0       0x22 zephyr/drivers/serial/libdrivers__serial.a(uart_mcux_flexcomm.c.obj)
 .text.mcux_flexcomm_err_check
                0x0000000018006fd2       0x32 zephyr/drivers/serial/libdrivers__serial.a(uart_mcux_flexcomm.c.obj)
 .text.mcux_flexcomm_fifo_fill
                0x0000000018007004       0x32 zephyr/drivers/serial/libdrivers__serial.a(uart_mcux_flexcomm.c.obj)
 .text.mcux_flexcomm_fifo_read
                0x0000000018007036       0x32 zephyr/drivers/serial/libdrivers__serial.a(uart_mcux_flexcomm.c.obj)
 .text.mcux_flexcomm_irq_tx_complete
                0x0000000018007068        0xc zephyr/drivers/serial/libdrivers__serial.a(uart_mcux_flexcomm.c.obj)
 .text.mcux_flexcomm_irq_tx_ready
                0x0000000018007074       0x22 zephyr/drivers/serial/libdrivers__serial.a(uart_mcux_flexcomm.c.obj)
 .text.mcux_flexcomm_irq_rx_disable
                0x0000000018007096       0x10 zephyr/drivers/serial/libdrivers__serial.a(uart_mcux_flexcomm.c.obj)
 .text.mcux_flexcomm_irq_rx_full
                0x00000000180070a6       0x10 zephyr/drivers/serial/libdrivers__serial.a(uart_mcux_flexcomm.c.obj)
 .text.mcux_flexcomm_irq_update
                0x00000000180070b6        0x4 zephyr/drivers/serial/libdrivers__serial.a(uart_mcux_flexcomm.c.obj)
 .text.mcux_flexcomm_irq_callback_set
                0x00000000180070ba        0x8 zephyr/drivers/serial/libdrivers__serial.a(uart_mcux_flexcomm.c.obj)
 .text.mcux_flexcomm_uart_config_get
                0x00000000180070c2       0x10 zephyr/drivers/serial/libdrivers__serial.a(uart_mcux_flexcomm.c.obj)
 .text.mcux_flexcomm_isr
                0x00000000180070d2        0xc zephyr/drivers/serial/libdrivers__serial.a(uart_mcux_flexcomm.c.obj)
 .text.mcux_flexcomm_irq_config_func_0
                0x00000000180070de       0x16 zephyr/drivers/serial/libdrivers__serial.a(uart_mcux_flexcomm.c.obj)
 .text.mcux_flexcomm_irq_err_disable
                0x00000000180070f4       0x12 zephyr/drivers/serial/libdrivers__serial.a(uart_mcux_flexcomm.c.obj)
 .text.mcux_flexcomm_irq_tx_enable
                0x0000000018007106       0x10 zephyr/drivers/serial/libdrivers__serial.a(uart_mcux_flexcomm.c.obj)
 .text.mcux_flexcomm_irq_tx_disable
                0x0000000018007116       0x10 zephyr/drivers/serial/libdrivers__serial.a(uart_mcux_flexcomm.c.obj)
 .text.mcux_flexcomm_irq_rx_enable
                0x0000000018007126       0x10 zephyr/drivers/serial/libdrivers__serial.a(uart_mcux_flexcomm.c.obj)
 .text.mcux_flexcomm_irq_err_enable
                0x0000000018007136       0x12 zephyr/drivers/serial/libdrivers__serial.a(uart_mcux_flexcomm.c.obj)
 .text.mcux_flexcomm_irq_is_pending
                0x0000000018007148       0x2c zephyr/drivers/serial/libdrivers__serial.a(uart_mcux_flexcomm.c.obj)
 .text.spi_context_get_next_buf
                0x0000000018007174       0x2c zephyr/drivers/spi/libdrivers__spi.a(spi_mcux_flexcomm.c.obj)
 .text.spi_mcux_config_func_0
                0x00000000180071a0       0x16 zephyr/drivers/spi/libdrivers__spi.a(spi_mcux_flexcomm.c.obj)
 .text.spi_mcux_isr
                0x00000000180071b6        0xc zephyr/drivers/spi/libdrivers__spi.a(spi_mcux_flexcomm.c.obj)
 .text.spi_context_unlock_unconditionally.part.0
                0x00000000180071c2        0xa zephyr/drivers/spi/libdrivers__spi.a(spi_mcux_flexcomm.c.obj)
 .text.spi_context_complete
                0x00000000180071cc       0x38 zephyr/drivers/spi/libdrivers__spi.a(spi_mcux_flexcomm.c.obj)
 .text.spi_mcux_transfer_next_packet
                0x0000000018007204       0x96 zephyr/drivers/spi/libdrivers__spi.a(spi_mcux_flexcomm.c.obj)
 .text.spi_mcux_transfer_callback
                0x000000001800729a       0xae zephyr/drivers/spi/libdrivers__spi.a(spi_mcux_flexcomm.c.obj)
 .text.spi_mcux_release
                0x0000000018007348       0x12 zephyr/drivers/spi/libdrivers__spi.a(spi_mcux_flexcomm.c.obj)
 .text.spi_mcux_transceive_async
                0x000000001800735a       0x16 zephyr/drivers/spi/libdrivers__spi.a(spi_mcux_flexcomm.c.obj)
 .text.spi_mcux_transceive
                0x0000000018007370       0x12 zephyr/drivers/spi/libdrivers__spi.a(spi_mcux_flexcomm.c.obj)
 .text.spi_mcux_init
                0x0000000018007382       0x56 zephyr/drivers/spi/libdrivers__spi.a(spi_mcux_flexcomm.c.obj)
 .text.INPUTMUX_Init
                0x00000000180073d8        0x8 modules/hal_nxp/libmodules__hal_nxp.a(fsl_inputmux.c.obj)
                0x00000000180073d8                INPUTMUX_Init
 .text.INPUTMUX_AttachSignal
                0x00000000180073e0        0xe modules/hal_nxp/libmodules__hal_nxp.a(fsl_inputmux.c.obj)
                0x00000000180073e0                INPUTMUX_AttachSignal
 .text.INPUTMUX_Deinit
                0x00000000180073ee        0x8 modules/hal_nxp/libmodules__hal_nxp.a(fsl_inputmux.c.obj)
                0x00000000180073ee                INPUTMUX_Deinit
 .text.GPIO_SetPinInterruptConfig
                0x00000000180073f6       0x36 modules/hal_nxp/libmodules__hal_nxp.a(fsl_gpio.c.obj)
                0x00000000180073f6                GPIO_SetPinInterruptConfig
 .text.GPIO_PinEnableInterrupt
                0x000000001800742c       0x36 modules/hal_nxp/libmodules__hal_nxp.a(fsl_gpio.c.obj)
                0x000000001800742c                GPIO_PinEnableInterrupt
 .text.GPIO_PinDisableInterrupt
                0x0000000018007462       0x3a modules/hal_nxp/libmodules__hal_nxp.a(fsl_gpio.c.obj)
                0x0000000018007462                GPIO_PinDisableInterrupt
 .text.OSTIMER_HandleIRQ
                0x000000001800749c       0x10 modules/hal_nxp/libmodules__hal_nxp.a(fsl_ostimer.c.obj)
                0x000000001800749c                OSTIMER_HandleIRQ
 .text.OSTIMER_Init
                0x00000000180074ac       0x16 modules/hal_nxp/libmodules__hal_nxp.a(fsl_ostimer.c.obj)
                0x00000000180074ac                OSTIMER_Init
 .text.OSTIMER_GetCurrentTimerValue
                0x00000000180074c2       0x20 modules/hal_nxp/libmodules__hal_nxp.a(fsl_ostimer.c.obj)
                0x00000000180074c2                OSTIMER_GetCurrentTimerValue
 .text.OSTIMER_SetMatchValue
                0x00000000180074e2       0x10 modules/hal_nxp/libmodules__hal_nxp.a(fsl_ostimer.c.obj)
                0x00000000180074e2                OSTIMER_SetMatchValue
 .text.PINT_PinInterruptClrStatus
                0x00000000180074f2       0x16 modules/hal_nxp/libmodules__hal_nxp.a(fsl_pint.c.obj)
                0x00000000180074f2                PINT_PinInterruptClrStatus
 .text.SPI_SlaveTransferHandleIRQ
                0x0000000018007508        0x4 modules/hal_nxp/libmodules__hal_nxp.a(fsl_spi.c.obj)
 .text.SPI_SlaveGetDefaultConfig
                0x000000001800750c       0x16 modules/hal_nxp/libmodules__hal_nxp.a(fsl_spi.c.obj)
                0x000000001800750c                SPI_SlaveGetDefaultConfig
 .text.SPI_MasterSetBaud
                0x0000000018007522       0x44 modules/hal_nxp/libmodules__hal_nxp.a(fsl_spi.c.obj)
                0x0000000018007522                SPI_MasterSetBaud
 .text.SPI_MasterTransferNonBlocking
                0x0000000018007566       0x82 modules/hal_nxp/libmodules__hal_nxp.a(fsl_spi.c.obj)
                0x0000000018007566                SPI_MasterTransferNonBlocking
 .text.USART_Deinit
                0x00000000180075e8       0x2e modules/hal_nxp/libmodules__hal_nxp.a(fsl_usart.c.obj)
                0x00000000180075e8                USART_Deinit
 .text.USART_GetDefaultConfig
                0x0000000018007616       0x1e modules/hal_nxp/libmodules__hal_nxp.a(fsl_usart.c.obj)
                0x0000000018007616                USART_GetDefaultConfig
 .text.USART_SetBaudRate
                0x0000000018007634       0xb6 modules/hal_nxp/libmodules__hal_nxp.a(fsl_usart.c.obj)
                0x0000000018007634                USART_SetBaudRate
 .text.USART_Init
                0x00000000180076ea      0x140 modules/hal_nxp/libmodules__hal_nxp.a(fsl_usart.c.obj)
                0x00000000180076ea                USART_Init
 .text.USART_Enable9bitMode
                0x000000001800782a       0x1e modules/hal_nxp/libmodules__hal_nxp.a(fsl_usart.c.obj)
                0x000000001800782a                USART_Enable9bitMode
 .text.SystemInitHook
                0x0000000018007848        0x2 modules/hal_nxp/libmodules__hal_nxp.a(system_RW612.c.obj)
                0x0000000018007848                SystemInitHook
 .text.CLOCK_Delay
                0x000000001800784a        0xa modules/hal_nxp/libmodules__hal_nxp.a(fsl_clock.c.obj)
 .text.CLOCK_GetTcpuMciClkFreq
                0x0000000018007854        0xe modules/hal_nxp/libmodules__hal_nxp.a(fsl_clock.c.obj)
                0x0000000018007854                CLOCK_GetTcpuMciClkFreq
 .text.CLOCK_SetClkDiv
                0x0000000018007862       0x38 modules/hal_nxp/libmodules__hal_nxp.a(fsl_clock.c.obj)
                0x0000000018007862                CLOCK_SetClkDiv
 .text.RESET_PeripheralReset
                0x000000001800789a       0x12 modules/hal_nxp/libmodules__hal_nxp.a(fsl_reset.c.obj)
                0x000000001800789a                RESET_PeripheralReset
 .text.z_device_state_init
                0x00000000180078ac        0x2 zephyr/kernel/libkernel.a(device.c.obj)
                0x00000000180078ac                z_device_state_init
 .text.z_impl_device_is_ready
                0x00000000180078ae       0x16 zephyr/kernel/libkernel.a(device.c.obj)
                0x00000000180078ae                z_impl_device_is_ready
 .text.arch_system_halt
                0x00000000180078c4       0x10 zephyr/kernel/libkernel.a(fatal.c.obj)
                0x00000000180078c4                arch_system_halt
 .text.k_sys_fatal_error_handler
                0x00000000180078d4        0x6 zephyr/kernel/libkernel.a(fatal.c.obj)
                0x00000000180078d4                k_sys_fatal_error_handler
 .text.do_device_init
                0x00000000180078da       0x2e zephyr/kernel/libkernel.a(init.c.obj)
 .text.z_early_memset
                0x0000000018007908        0x4 zephyr/kernel/libkernel.a(init.c.obj)
                0x0000000018007908                z_early_memset
 .text.z_early_memcpy
                0x000000001800790c        0x4 zephyr/kernel/libkernel.a(init.c.obj)
                0x000000001800790c                z_early_memcpy
 .text.idle     0x0000000018007910       0x16 zephyr/kernel/libkernel.a(idle.c.obj)
                0x0000000018007910                idle
 .text.unpend_thread_no_timeout
                0x0000000018007926       0x1a zephyr/kernel/libkernel.a(msg_q.c.obj)
 .text.z_impl_k_msgq_put
                0x0000000018007940        0xe zephyr/kernel/libkernel.a(msg_q.c.obj)
                0x0000000018007940                z_impl_k_msgq_put
 .text.adjust_owner_prio.isra.0
                0x000000001800794e       0x10 zephyr/kernel/libkernel.a(mutex.c.obj)
 .text.z_impl_k_mutex_init
                0x000000001800795e        0xe zephyr/kernel/libkernel.a(mutex.c.obj)
                0x000000001800795e                z_impl_k_mutex_init
 .text.k_is_in_isr
                0x000000001800796c        0xc zephyr/kernel/libkernel.a(thread.c.obj)
                0x000000001800796c                k_is_in_isr
 .text.z_impl_k_thread_name_set
                0x0000000018007978        0x6 zephyr/kernel/libkernel.a(thread.c.obj)
                0x0000000018007978                z_impl_k_thread_name_set
 .text.sys_dlist_remove
                0x000000001800797e       0x10 zephyr/kernel/libkernel.a(sched.c.obj)
 .text.unpend_thread_no_timeout
                0x000000001800798e       0x14 zephyr/kernel/libkernel.a(sched.c.obj)
 .text.add_to_waitq_locked
                0x00000000180079a2       0x50 zephyr/kernel/libkernel.a(sched.c.obj)
 .text.z_ready_thread
                0x00000000180079f2       0x1e zephyr/kernel/libkernel.a(sched.c.obj)
                0x00000000180079f2                z_ready_thread
 .text.z_unpend_thread_no_timeout
                0x0000000018007a10       0x22 zephyr/kernel/libkernel.a(sched.c.obj)
                0x0000000018007a10                z_unpend_thread_no_timeout
 .text.z_sched_wake_thread
                0x0000000018007a32       0x3a zephyr/kernel/libkernel.a(sched.c.obj)
                0x0000000018007a32                z_sched_wake_thread
 .text.z_thread_timeout
                0x0000000018007a6c        0x8 zephyr/kernel/libkernel.a(sched.c.obj)
                0x0000000018007a6c                z_thread_timeout
 .text.z_unpend1_no_timeout
                0x0000000018007a74       0x2c zephyr/kernel/libkernel.a(sched.c.obj)
                0x0000000018007a74                z_unpend1_no_timeout
 .text.z_unpend_thread
                0x0000000018007aa0       0x10 zephyr/kernel/libkernel.a(sched.c.obj)
                0x0000000018007aa0                z_unpend_thread
 .text.z_impl_k_sleep
                0x0000000018007ab0       0x34 zephyr/kernel/libkernel.a(sched.c.obj)
                0x0000000018007ab0                z_impl_k_sleep
 .text.z_sched_wake
                0x0000000018007ae4       0x44 zephyr/kernel/libkernel.a(sched.c.obj)
                0x0000000018007ae4                z_sched_wake
 .text.next_timeout
                0x0000000018007b28       0x2e zephyr/kernel/libkernel.a(timeout.c.obj)
 .text.z_abort_timeout
                0x0000000018007b56       0x50 zephyr/kernel/libkernel.a(timeout.c.obj)
                0x0000000018007b56                z_abort_timeout
 .text.sys_clock_tick_get_32
                0x0000000018007ba6        0x8 zephyr/kernel/libkernel.a(timeout.c.obj)
                0x0000000018007ba6                sys_clock_tick_get_32
 .text.z_impl_k_uptime_ticks
                0x0000000018007bae        0x4 zephyr/kernel/libkernel.a(timeout.c.obj)
                0x0000000018007bae                z_impl_k_uptime_ticks
 .text.k_timer_init
                0x0000000018007bb2       0x18 zephyr/kernel/libkernel.a(timer.c.obj)
                0x0000000018007bb2                k_timer_init
 .text.z_impl_k_timer_stop
                0x0000000018007bca       0x38 zephyr/kernel/libkernel.a(timer.c.obj)
                0x0000000018007bca                z_impl_k_timer_stop
 .text.signal_poll_event
                0x0000000018007c02       0x86 zephyr/kernel/libkernel.a(poll.c.obj)
 .text.z_handle_obj_poll_events
                0x0000000018007c88       0x3e zephyr/kernel/libkernel.a(poll.c.obj)
                0x0000000018007c88                z_handle_obj_poll_events
 .text.k_heap_init
                0x0000000018007cc6       0x10 zephyr/kernel/libkernel.a(kheap.c.obj)
                0x0000000018007cc6                k_heap_init
 .text.flag_test_and_clear
                0x0000000018007cd6       0x16 zephyr/kernel/libkernel.a(work.c.obj)
 .text.notify_queue_locked.isra.0
                0x0000000018007cec        0xe zephyr/kernel/libkernel.a(work.c.obj)
 .text.z_work_submit_to_queue
                0x0000000018007cfa       0x26 zephyr/kernel/libkernel.a(work.c.obj)
                0x0000000018007cfa                z_work_submit_to_queue
 .text.memset   0x0000000018007d20       0x10 /home/wis3re/zephyr-sdk-0.17.4/arm-zephyr-eabi/bin/../lib/gcc/../../picolibc/arm-zephyr-eabi/lib/thumb/v8-m.main/nofp/libc.a(memset.c.o)
                0x0000000018007d20                memset
 .text.strnlen  0x0000000018007d30       0x18 /home/wis3re/zephyr-sdk-0.17.4/arm-zephyr-eabi/bin/../lib/gcc/../../picolibc/arm-zephyr-eabi/lib/thumb/v8-m.main/nofp/libc.a(libc_string_strnlen.c.o)
                0x0000000018007d30                strnlen
 .text.__ultoa_invert
                0x0000000018007d48       0xac /home/wis3re/zephyr-sdk-0.17.4/arm-zephyr-eabi/bin/../lib/gcc/../../picolibc/arm-zephyr-eabi/lib/thumb/v8-m.main/nofp/libc.a(libc_tinystdio_vflprintf.c.o)
 *(SORT_BY_ALIGNMENT(.TEXT.*))
 .TEXT.__aeabi_read_tp
                0x0000000018007df4        0xc zephyr/arch/arch/arm/core/cortex_m/libarch__arm__core__cortex_m.a(__aeabi_read_tp.S.obj)
                0x0000000018007df4                __aeabi_read_tp
 .TEXT.__aeabi_read_tp.__stub
                0x0000000018007e00        0x8 linker stubs
 *(SORT_BY_ALIGNMENT(.gnu.linkonce.t.*))
 *(SORT_BY_ALIGNMENT(.glue_7t))
 .glue_7t       0x0000000018007e08        0x0 linker stubs
 *(SORT_BY_ALIGNMENT(.glue_7))
 .glue_7        0x0000000018007e08        0x0 linker stubs
 *(SORT_BY_ALIGNMENT(.vfp11_veneer))
 .vfp11_veneer  0x0000000018007e08        0x0 linker stubs
 *(SORT_BY_ALIGNMENT(.v4_bx))
 .v4_bx         0x0000000018007e08        0x0 linker stubs
                0x0000000018007e08                . = ALIGN (0x4)
                0x0000000018007e08                __text_region_end = .

.ARM.exidx      0x0000000018007e08        0x8
                0x0000000018007e08                __exidx_start = .
 *(SORT_BY_ALIGNMENT(.ARM.exidx*) SORT_BY_ALIGNMENT(gnu.linkonce.armexidx.*))
 .ARM.exidx     0x0000000018007e08        0x8 /home/wis3re/zephyr-sdk-0.17.4/arm-zephyr-eabi/bin/../lib/gcc/arm-zephyr-eabi/12.2.0/thumb/v8-m.main/nofp/libgcc.a(_udivmoddi4.o)
                0x0000000018007e10                __exidx_end = .
                0x0000000018007e10                __rodata_region_start = .

initlevel       0x0000000018007e10       0x70
                0x0000000018007e10                __init_start = .
                0x0000000018007e10                __init_EARLY_start = .
 *(SORT_BY_NAME(SORT_BY_ALIGNMENT(.z_init_EARLY_P_?_*)))
 *(SORT_BY_NAME(SORT_BY_ALIGNMENT(.z_init_EARLY_P_??_*)))
 *(SORT_BY_NAME(SORT_BY_ALIGNMENT(.z_init_EARLY_P_???_*)))
                0x0000000018007e10                __init_PRE_KERNEL_1_start = .
 *(SORT_BY_NAME(SORT_BY_ALIGNMENT(.z_init_PRE_KERNEL_1_P_?_*)))
 *(SORT_BY_NAME(SORT_BY_ALIGNMENT(.z_init_PRE_KERNEL_1_P_??_*)))
 .z_init_PRE_KERNEL_1_P_30_SUB_00026_
                0x0000000018007e10        0x8 zephyr/drivers/clock_control/libdrivers__clock_control.a(clock_control_mcux_syscon.c.obj)
 .z_init_PRE_KERNEL_1_P_30_SUB_00028_
                0x0000000018007e18        0x8 zephyr/drivers/clock_control/libdrivers__clock_control.a(clock_control_mcux_syscon.c.obj)
 .z_init_PRE_KERNEL_1_P_30_SUB_0_
                0x0000000018007e20        0x8 zephyr/kernel/libkernel.a(kheap.c.obj)
 .z_init_PRE_KERNEL_1_P_35_SUB_00034_
                0x0000000018007e28        0x8 zephyr/drivers/reset/libdrivers__reset.a(reset_nxp_rstctl.c.obj)
 .z_init_PRE_KERNEL_1_P_35_SUB_00099_
                0x0000000018007e30        0x8 zephyr/drivers/reset/libdrivers__reset.a(reset_nxp_rstctl.c.obj)
 .z_init_PRE_KERNEL_1_P_40_SUB_00019_
                0x0000000018007e38        0x8 zephyr/drivers/gpio/libdrivers__gpio.a(gpio_mcux_lpc.c.obj)
 .z_init_PRE_KERNEL_1_P_40_SUB_00048_
                0x0000000018007e40        0x8 zephyr/drivers/interrupt_controller/libdrivers__interrupt_controller.a(intc_nxp_pint.c.obj)
 .z_init_PRE_KERNEL_1_P_40_SUB_00069_
                0x0000000018007e48        0x8 zephyr/drivers/gpio/libdrivers__gpio.a(gpio_mcux_lpc.c.obj)
 .z_init_PRE_KERNEL_1_P_50_SUB_00040_
                0x0000000018007e50        0x8 zephyr/drivers/serial/libdrivers__serial.a(uart_mcux_flexcomm.c.obj)
 .z_init_PRE_KERNEL_1_P_60_SUB_0_
                0x0000000018007e58        0x8 zephyr/drivers/console/libdrivers__console.a(uart_console.c.obj)
 *(SORT_BY_NAME(SORT_BY_ALIGNMENT(.z_init_PRE_KERNEL_1_P_???_*)))
                0x0000000018007e60                __init_PRE_KERNEL_2_start = .
 *(SORT_BY_NAME(SORT_BY_ALIGNMENT(.z_init_PRE_KERNEL_2_P_?_*)))
 .z_init_PRE_KERNEL_2_P_0_SUB_0_
                0x0000000018007e60        0x8 zephyr/drivers/timer/libdrivers__timer.a(mcux_os_timer.c.obj)
 *(SORT_BY_NAME(SORT_BY_ALIGNMENT(.z_init_PRE_KERNEL_2_P_??_*)))
 *(SORT_BY_NAME(SORT_BY_ALIGNMENT(.z_init_PRE_KERNEL_2_P_???_*)))
                0x0000000018007e68                __init_POST_KERNEL_start = .
 *(SORT_BY_NAME(SORT_BY_ALIGNMENT(.z_init_POST_KERNEL_P_?_*)))
 *(SORT_BY_NAME(SORT_BY_ALIGNMENT(.z_init_POST_KERNEL_P_??_*)))
 .z_init_POST_KERNEL_P_35_SUB_0_
                0x0000000018007e68        0x8 zephyr/lib/libc/common/liblib__libc__common.a(malloc.c.obj)
 .z_init_POST_KERNEL_P_40_SUB_0_
                0x0000000018007e70        0x8 zephyr/kernel/libkernel.a(system_work_q.c.obj)
 .z_init_POST_KERNEL_P_50_SUB_00038_
                0x0000000018007e78        0x8 zephyr/drivers/spi/libdrivers__spi.a(spi_mcux_flexcomm.c.obj)
 *(SORT_BY_NAME(SORT_BY_ALIGNMENT(.z_init_POST_KERNEL_P_???_*)))
                0x0000000018007e80                __init_APPLICATION_start = .
 *(SORT_BY_NAME(SORT_BY_ALIGNMENT(.z_init_APPLICATION_P_?_*)))
 *(SORT_BY_NAME(SORT_BY_ALIGNMENT(.z_init_APPLICATION_P_??_*)))
 *(SORT_BY_NAME(SORT_BY_ALIGNMENT(.z_init_APPLICATION_P_???_*)))
                0x0000000018007e80                __init_SMP_start = .
 *(SORT_BY_NAME(SORT_BY_ALIGNMENT(.z_init_SMP_P_?_*)))
 *(SORT_BY_NAME(SORT_BY_ALIGNMENT(.z_init_SMP_P_??_*)))
 *(SORT_BY_NAME(SORT_BY_ALIGNMENT(.z_init_SMP_P_???_*)))
                0x0000000018007e80                __init_end = .

device_area     0x0000000018007e80      0x120
                0x0000000018007e80                _device_list_start = .
 *(SORT_BY_NAME(SORT_BY_ALIGNMENT(._device.static.*_?_*)))
 *(SORT_BY_NAME(SORT_BY_ALIGNMENT(._device.static.*_??_*)))
 ._device.static.1_30_
                0x0000000018007e80       0x40 zephyr/drivers/clock_control/libdrivers__clock_control.a(clock_control_mcux_syscon.c.obj)
                0x0000000018007e80                __device_dts_ord_28
                0x0000000018007ea0                __device_dts_ord_26
 ._device.static.1_35_
                0x0000000018007ec0       0x40 zephyr/drivers/reset/libdrivers__reset.a(reset_nxp_rstctl.c.obj)
                0x0000000018007ec0                __device_dts_ord_34
                0x0000000018007ee0                __device_dts_ord_99
 ._device.static.1_40_
                0x0000000018007f00       0x20 zephyr/drivers/interrupt_controller/libdrivers__interrupt_controller.a(intc_nxp_pint.c.obj)
                0x0000000018007f00                __device_dts_ord_48
 ._device.static.1_40_
                0x0000000018007f20       0x40 zephyr/drivers/gpio/libdrivers__gpio.a(gpio_mcux_lpc.c.obj)
                0x0000000018007f20                __device_dts_ord_69
                0x0000000018007f40                __device_dts_ord_19
 ._device.static.1_50_
                0x0000000018007f60       0x20 zephyr/drivers/serial/libdrivers__serial.a(uart_mcux_flexcomm.c.obj)
                0x0000000018007f60                __device_dts_ord_40
 ._device.static.3_50_
                0x0000000018007f80       0x20 zephyr/drivers/spi/libdrivers__spi.a(spi_mcux_flexcomm.c.obj)
                0x0000000018007f80                __device_dts_ord_38
 *(SORT_BY_NAME(SORT_BY_ALIGNMENT(._device.static.*_???_*)))
 *(SORT_BY_NAME(SORT_BY_ALIGNMENT(._device.static.*_????_*)))
 *(SORT_BY_NAME(SORT_BY_ALIGNMENT(._device.static.*_?????_*)))
                0x0000000018007fa0                _device_list_end = .

sw_isr_table    0x0000000018007fa0      0x408
                0x0000000018007fa0                . = ALIGN (0x4)
 *(SORT_BY_ALIGNMENT(.gnu.linkonce.sw_isr_table*))
 .gnu.linkonce.sw_isr_table
                0x0000000018007fa0      0x408 zephyr/arch/common/libisr_tables.a(isr_tables.c.obj)
                0x0000000018007fa0                _sw_isr_table

initlevel_error
                0x0000000018007e10        0x0
 *(SORT_BY_NAME(SORT_BY_ALIGNMENT(.z_init_*)))
                0x0000000000000001                ASSERT ((SIZEOF (initlevel_error) == 0x0), Undefined initialization levels used.)

app_shmem_regions
                0x00000000180083a8        0x0
                0x00000000180083a8                __app_shmem_regions_start = .
 *(SORT_BY_NAME(SORT_BY_ALIGNMENT(.app_regions.*)))
                0x00000000180083a8                __app_shmem_regions_end = .

k_p4wq_initparam_area
                0x00000000180083a8        0x0
                0x00000000180083a8                _k_p4wq_initparam_list_start = .
 *(SORT_BY_NAME(SORT_BY_ALIGNMENT(._k_p4wq_initparam.static.*)))
                0x00000000180083a8                _k_p4wq_initparam_list_end = .

_static_thread_data_area
                0x00000000180083a8       0x60
                0x00000000180083a8                __static_thread_data_list_start = .
 *(SORT_BY_NAME(SORT_BY_ALIGNMENT(.__static_thread_data.static.*)))
 .__static_thread_data.static._k_thread_data_dbal_rx_thread_
                0x00000000180083a8       0x30 app/libapp.a(dbus_app_layer.c.obj)
                0x00000000180083a8                _k_thread_data_dbal_rx_thread
 .__static_thread_data.static._k_thread_data_dbal_tx_thread_
                0x00000000180083d8       0x30 app/libapp.a(dbus_app_layer.c.obj)
                0x00000000180083d8                _k_thread_data_dbal_tx_thread
                0x0000000018008408                __static_thread_data_list_end = .

device_deps     0x0000000018008408        0x0
                0x0000000018008408                __device_deps_start = .
 *(SORT_BY_NAME(SORT_BY_ALIGNMENT(.__device_deps_pass2*)))
                0x0000000018008408                __device_deps_end = .

gpio_driver_api_area
                0x0000000018008408       0x24
                0x0000000018008408                _gpio_driver_api_list_start = .
 *(SORT_BY_NAME(SORT_BY_ALIGNMENT(._gpio_driver_api.static.*)))
 ._gpio_driver_api.static.gpio_mcux_lpc_driver_api_
                0x0000000018008408       0x24 zephyr/drivers/gpio/libdrivers__gpio.a(gpio_mcux_lpc.c.obj)
                0x000000001800842c                _gpio_driver_api_list_end = .

reset_driver_api_area
                0x000000001800842c       0x10
                0x000000001800842c                _reset_driver_api_list_start = .
 *(SORT_BY_NAME(SORT_BY_ALIGNMENT(._reset_driver_api.static.*)))
 ._reset_driver_api.static.reset_nxp_rstctl_driver_api_
                0x000000001800842c       0x10 zephyr/drivers/reset/libdrivers__reset.a(reset_nxp_rstctl.c.obj)
                0x000000001800843c                _reset_driver_api_list_end = .

spi_driver_api_area
                0x000000001800843c        0xc
                0x000000001800843c                _spi_driver_api_list_start = .
 *(SORT_BY_NAME(SORT_BY_ALIGNMENT(._spi_driver_api.static.*)))
 ._spi_driver_api.static.spi_mcux_driver_api_
                0x000000001800843c        0xc zephyr/drivers/spi/libdrivers__spi.a(spi_mcux_flexcomm.c.obj)
                0x0000000018008448                _spi_driver_api_list_end = .

shared_irq_driver_api_area
                0x0000000018008448        0x0
                0x0000000018008448                _shared_irq_driver_api_list_start = .
 *(SORT_BY_NAME(SORT_BY_ALIGNMENT(._shared_irq_driver_api.static.*)))
                0x0000000018008448                _shared_irq_driver_api_list_end = .

crypto_driver_api_area
                0x0000000018008448        0x0
                0x0000000018008448                _crypto_driver_api_list_start = .
 *(SORT_BY_NAME(SORT_BY_ALIGNMENT(._crypto_driver_api.static.*)))
                0x0000000018008448                _crypto_driver_api_list_end = .

adc_driver_api_area
                0x0000000018008448        0x0
                0x0000000018008448                _adc_driver_api_list_start = .
 *(SORT_BY_NAME(SORT_BY_ALIGNMENT(._adc_driver_api.static.*)))
                0x0000000018008448                _adc_driver_api_list_end = .

auxdisplay_driver_api_area
                0x0000000018008448        0x0
                0x0000000018008448                _auxdisplay_driver_api_list_start = .
 *(SORT_BY_NAME(SORT_BY_ALIGNMENT(._auxdisplay_driver_api.static.*)))
                0x0000000018008448                _auxdisplay_driver_api_list_end = .

bbram_driver_api_area
                0x0000000018008448        0x0
                0x0000000018008448                _bbram_driver_api_list_start = .
 *(SORT_BY_NAME(SORT_BY_ALIGNMENT(._bbram_driver_api.static.*)))
                0x0000000018008448                _bbram_driver_api_list_end = .

bt_hci_driver_api_area
                0x0000000018008448        0x0
                0x0000000018008448                _bt_hci_driver_api_list_start = .
 *(SORT_BY_NAME(SORT_BY_ALIGNMENT(._bt_hci_driver_api.static.*)))
                0x0000000018008448                _bt_hci_driver_api_list_end = .

can_driver_api_area
                0x0000000018008448        0x0
                0x0000000018008448                _can_driver_api_list_start = .
 *(SORT_BY_NAME(SORT_BY_ALIGNMENT(._can_driver_api.static.*)))
                0x0000000018008448                _can_driver_api_list_end = .

cellular_driver_api_area
                0x0000000018008448        0x0
                0x0000000018008448                _cellular_driver_api_list_start = .
 *(SORT_BY_NAME(SORT_BY_ALIGNMENT(._cellular_driver_api.static.*)))
                0x0000000018008448                _cellular_driver_api_list_end = .

charger_driver_api_area
                0x0000000018008448        0x0
                0x0000000018008448                _charger_driver_api_list_start = .
 *(SORT_BY_NAME(SORT_BY_ALIGNMENT(._charger_driver_api.static.*)))
                0x0000000018008448                _charger_driver_api_list_end = .

clock_control_driver_api_area
                0x0000000018008448       0x1c
                0x0000000018008448                _clock_control_driver_api_list_start = .
 *(SORT_BY_NAME(SORT_BY_ALIGNMENT(._clock_control_driver_api.static.*)))
 ._clock_control_driver_api.static.mcux_lpc_syscon_api_
                0x0000000018008448       0x1c zephyr/drivers/clock_control/libdrivers__clock_control.a(clock_control_mcux_syscon.c.obj)
                0x0000000018008464                _clock_control_driver_api_list_end = .

comparator_driver_api_area
                0x0000000018008464        0x0
                0x0000000018008464                _comparator_driver_api_list_start = .
 *(SORT_BY_NAME(SORT_BY_ALIGNMENT(._comparator_driver_api.static.*)))
                0x0000000018008464                _comparator_driver_api_list_end = .

coredump_driver_api_area
                0x0000000018008464        0x0
                0x0000000018008464                _coredump_driver_api_list_start = .
 *(SORT_BY_NAME(SORT_BY_ALIGNMENT(._coredump_driver_api.static.*)))
                0x0000000018008464                _coredump_driver_api_list_end = .

counter_driver_api_area
                0x0000000018008464        0x0
                0x0000000018008464                _counter_driver_api_list_start = .
 *(SORT_BY_NAME(SORT_BY_ALIGNMENT(._counter_driver_api.static.*)))
                0x0000000018008464                _counter_driver_api_list_end = .

dac_driver_api_area
                0x0000000018008464        0x0
                0x0000000018008464                _dac_driver_api_list_start = .
 *(SORT_BY_NAME(SORT_BY_ALIGNMENT(._dac_driver_api.static.*)))
                0x0000000018008464                _dac_driver_api_list_end = .

dai_driver_api_area
                0x0000000018008464        0x0
                0x0000000018008464                _dai_driver_api_list_start = .
 *(SORT_BY_NAME(SORT_BY_ALIGNMENT(._dai_driver_api.static.*)))
                0x0000000018008464                _dai_driver_api_list_end = .

display_driver_api_area
                0x0000000018008464        0x0
                0x0000000018008464                _display_driver_api_list_start = .
 *(SORT_BY_NAME(SORT_BY_ALIGNMENT(._display_driver_api.static.*)))
                0x0000000018008464                _display_driver_api_list_end = .

dma_driver_api_area
                0x0000000018008464        0x0
                0x0000000018008464                _dma_driver_api_list_start = .
 *(SORT_BY_NAME(SORT_BY_ALIGNMENT(._dma_driver_api.static.*)))
                0x0000000018008464                _dma_driver_api_list_end = .

edac_driver_api_area
                0x0000000018008464        0x0
                0x0000000018008464                _edac_driver_api_list_start = .
 *(SORT_BY_NAME(SORT_BY_ALIGNMENT(._edac_driver_api.static.*)))
                0x0000000018008464                _edac_driver_api_list_end = .

eeprom_driver_api_area
                0x0000000018008464        0x0
                0x0000000018008464                _eeprom_driver_api_list_start = .
 *(SORT_BY_NAME(SORT_BY_ALIGNMENT(._eeprom_driver_api.static.*)))
                0x0000000018008464                _eeprom_driver_api_list_end = .

emul_bbram_driver_api_area
                0x0000000018008464        0x0
                0x0000000018008464                _emul_bbram_driver_api_list_start = .
 *(SORT_BY_NAME(SORT_BY_ALIGNMENT(._emul_bbram_driver_api.static.*)))
                0x0000000018008464                _emul_bbram_driver_api_list_end = .

fuel_gauge_emul_driver_api_area
                0x0000000018008464        0x0
                0x0000000018008464                _fuel_gauge_emul_driver_api_list_start = .
 *(SORT_BY_NAME(SORT_BY_ALIGNMENT(._fuel_gauge_emul_driver_api.static.*)))
                0x0000000018008464                _fuel_gauge_emul_driver_api_list_end = .

emul_sensor_driver_api_area
                0x0000000018008464        0x0
                0x0000000018008464                _emul_sensor_driver_api_list_start = .
 *(SORT_BY_NAME(SORT_BY_ALIGNMENT(._emul_sensor_driver_api.static.*)))
                0x0000000018008464                _emul_sensor_driver_api_list_end = .

entropy_driver_api_area
                0x0000000018008464        0x0
                0x0000000018008464                _entropy_driver_api_list_start = .
 *(SORT_BY_NAME(SORT_BY_ALIGNMENT(._entropy_driver_api.static.*)))
                0x0000000018008464                _entropy_driver_api_list_end = .

espi_driver_api_area
                0x0000000018008464        0x0
                0x0000000018008464                _espi_driver_api_list_start = .
 *(SORT_BY_NAME(SORT_BY_ALIGNMENT(._espi_driver_api.static.*)))
                0x0000000018008464                _espi_driver_api_list_end = .

espi_saf_driver_api_area
                0x0000000018008464        0x0
                0x0000000018008464                _espi_saf_driver_api_list_start = .
 *(SORT_BY_NAME(SORT_BY_ALIGNMENT(._espi_saf_driver_api.static.*)))
                0x0000000018008464                _espi_saf_driver_api_list_end = .

flash_driver_api_area
                0x0000000018008464        0x0
                0x0000000018008464                _flash_driver_api_list_start = .
 *(SORT_BY_NAME(SORT_BY_ALIGNMENT(._flash_driver_api.static.*)))
                0x0000000018008464                _flash_driver_api_list_end = .

fpga_driver_api_area
                0x0000000018008464        0x0
                0x0000000018008464                _fpga_driver_api_list_start = .
 *(SORT_BY_NAME(SORT_BY_ALIGNMENT(._fpga_driver_api.static.*)))
                0x0000000018008464                _fpga_driver_api_list_end = .

fuel_gauge_driver_api_area
                0x0000000018008464        0x0
                0x0000000018008464                _fuel_gauge_driver_api_list_start = .
 *(SORT_BY_NAME(SORT_BY_ALIGNMENT(._fuel_gauge_driver_api.static.*)))
                0x0000000018008464                _fuel_gauge_driver_api_list_end = .

gnss_driver_api_area
                0x0000000018008464        0x0
                0x0000000018008464                _gnss_driver_api_list_start = .
 *(SORT_BY_NAME(SORT_BY_ALIGNMENT(._gnss_driver_api.static.*)))
                0x0000000018008464                _gnss_driver_api_list_end = .

haptics_driver_api_area
                0x0000000018008464        0x0
                0x0000000018008464                _haptics_driver_api_list_start = .
 *(SORT_BY_NAME(SORT_BY_ALIGNMENT(._haptics_driver_api.static.*)))
                0x0000000018008464                _haptics_driver_api_list_end = .

hwspinlock_driver_api_area
                0x0000000018008464        0x0
                0x0000000018008464                _hwspinlock_driver_api_list_start = .
 *(SORT_BY_NAME(SORT_BY_ALIGNMENT(._hwspinlock_driver_api.static.*)))
                0x0000000018008464                _hwspinlock_driver_api_list_end = .

i2c_driver_api_area
                0x0000000018008464        0x0
                0x0000000018008464                _i2c_driver_api_list_start = .
 *(SORT_BY_NAME(SORT_BY_ALIGNMENT(._i2c_driver_api.static.*)))
                0x0000000018008464                _i2c_driver_api_list_end = .

i2c_target_driver_api_area
                0x0000000018008464        0x0
                0x0000000018008464                _i2c_target_driver_api_list_start = .
 *(SORT_BY_NAME(SORT_BY_ALIGNMENT(._i2c_target_driver_api.static.*)))
                0x0000000018008464                _i2c_target_driver_api_list_end = .

i2s_driver_api_area
                0x0000000018008464        0x0
                0x0000000018008464                _i2s_driver_api_list_start = .
 *(SORT_BY_NAME(SORT_BY_ALIGNMENT(._i2s_driver_api.static.*)))
                0x0000000018008464                _i2s_driver_api_list_end = .

i3c_driver_api_area
                0x0000000018008464        0x0
                0x0000000018008464                _i3c_driver_api_list_start = .
 *(SORT_BY_NAME(SORT_BY_ALIGNMENT(._i3c_driver_api.static.*)))
                0x0000000018008464                _i3c_driver_api_list_end = .

ipm_driver_api_area
                0x0000000018008464        0x0
                0x0000000018008464                _ipm_driver_api_list_start = .
 *(SORT_BY_NAME(SORT_BY_ALIGNMENT(._ipm_driver_api.static.*)))
                0x0000000018008464                _ipm_driver_api_list_end = .

led_driver_api_area
                0x0000000018008464        0x0
                0x0000000018008464                _led_driver_api_list_start = .
 *(SORT_BY_NAME(SORT_BY_ALIGNMENT(._led_driver_api.static.*)))
                0x0000000018008464                _led_driver_api_list_end = .

led_strip_driver_api_area
                0x0000000018008464        0x0
                0x0000000018008464                _led_strip_driver_api_list_start = .
 *(SORT_BY_NAME(SORT_BY_ALIGNMENT(._led_strip_driver_api.static.*)))
                0x0000000018008464                _led_strip_driver_api_list_end = .

lora_driver_api_area
                0x0000000018008464        0x0
                0x0000000018008464                _lora_driver_api_list_start = .
 *(SORT_BY_NAME(SORT_BY_ALIGNMENT(._lora_driver_api.static.*)))
                0x0000000018008464                _lora_driver_api_list_end = .

mbox_driver_api_area
                0x0000000018008464        0x0
                0x0000000018008464                _mbox_driver_api_list_start = .
 *(SORT_BY_NAME(SORT_BY_ALIGNMENT(._mbox_driver_api.static.*)))
                0x0000000018008464                _mbox_driver_api_list_end = .

mdio_driver_api_area
                0x0000000018008464        0x0
                0x0000000018008464                _mdio_driver_api_list_start = .
 *(SORT_BY_NAME(SORT_BY_ALIGNMENT(._mdio_driver_api.static.*)))
                0x0000000018008464                _mdio_driver_api_list_end = .

mipi_dbi_driver_api_area
                0x0000000018008464        0x0
                0x0000000018008464                _mipi_dbi_driver_api_list_start = .
 *(SORT_BY_NAME(SORT_BY_ALIGNMENT(._mipi_dbi_driver_api.static.*)))
                0x0000000018008464                _mipi_dbi_driver_api_list_end = .

mipi_dsi_driver_api_area
                0x0000000018008464        0x0
                0x0000000018008464                _mipi_dsi_driver_api_list_start = .
 *(SORT_BY_NAME(SORT_BY_ALIGNMENT(._mipi_dsi_driver_api.static.*)))
                0x0000000018008464                _mipi_dsi_driver_api_list_end = .

mspi_driver_api_area
                0x0000000018008464        0x0
                0x0000000018008464                _mspi_driver_api_list_start = .
 *(SORT_BY_NAME(SORT_BY_ALIGNMENT(._mspi_driver_api.static.*)))
                0x0000000018008464                _mspi_driver_api_list_end = .

peci_driver_api_area
                0x0000000018008464        0x0
                0x0000000018008464                _peci_driver_api_list_start = .
 *(SORT_BY_NAME(SORT_BY_ALIGNMENT(._peci_driver_api.static.*)))
                0x0000000018008464                _peci_driver_api_list_end = .

ps2_driver_api_area
                0x0000000018008464        0x0
                0x0000000018008464                _ps2_driver_api_list_start = .
 *(SORT_BY_NAME(SORT_BY_ALIGNMENT(._ps2_driver_api.static.*)))
                0x0000000018008464                _ps2_driver_api_list_end = .

ptp_clock_driver_api_area
                0x0000000018008464        0x0
                0x0000000018008464                _ptp_clock_driver_api_list_start = .
 *(SORT_BY_NAME(SORT_BY_ALIGNMENT(._ptp_clock_driver_api.static.*)))
                0x0000000018008464                _ptp_clock_driver_api_list_end = .

pwm_driver_api_area
                0x0000000018008464        0x0
                0x0000000018008464                _pwm_driver_api_list_start = .
 *(SORT_BY_NAME(SORT_BY_ALIGNMENT(._pwm_driver_api.static.*)))
                0x0000000018008464                _pwm_driver_api_list_end = .

regulator_parent_driver_api_area
                0x0000000018008464        0x0
                0x0000000018008464                _regulator_parent_driver_api_list_start = .
 *(SORT_BY_NAME(SORT_BY_ALIGNMENT(._regulator_parent_driver_api.static.*)))
                0x0000000018008464                _regulator_parent_driver_api_list_end = .

regulator_driver_api_area
                0x0000000018008464        0x0
                0x0000000018008464                _regulator_driver_api_list_start = .
 *(SORT_BY_NAME(SORT_BY_ALIGNMENT(._regulator_driver_api.static.*)))
                0x0000000018008464                _regulator_driver_api_list_end = .

retained_mem_driver_api_area
                0x0000000018008464        0x0
                0x0000000018008464                _retained_mem_driver_api_list_start = .
 *(SORT_BY_NAME(SORT_BY_ALIGNMENT(._retained_mem_driver_api.static.*)))
                0x0000000018008464                _retained_mem_driver_api_list_end = .

rtc_driver_api_area
                0x0000000018008464        0x0
                0x0000000018008464                _rtc_driver_api_list_start = .
 *(SORT_BY_NAME(SORT_BY_ALIGNMENT(._rtc_driver_api.static.*)))
                0x0000000018008464                _rtc_driver_api_list_end = .

sdhc_driver_api_area
                0x0000000018008464        0x0
                0x0000000018008464                _sdhc_driver_api_list_start = .
 *(SORT_BY_NAME(SORT_BY_ALIGNMENT(._sdhc_driver_api.static.*)))
                0x0000000018008464                _sdhc_driver_api_list_end = .

sensor_driver_api_area
                0x0000000018008464        0x0
                0x0000000018008464                _sensor_driver_api_list_start = .
 *(SORT_BY_NAME(SORT_BY_ALIGNMENT(._sensor_driver_api.static.*)))
                0x0000000018008464                _sensor_driver_api_list_end = .

smbus_driver_api_area
                0x0000000018008464        0x0
                0x0000000018008464                _smbus_driver_api_list_start = .
 *(SORT_BY_NAME(SORT_BY_ALIGNMENT(._smbus_driver_api.static.*)))
                0x0000000018008464                _smbus_driver_api_list_end = .

stepper_driver_api_area
                0x0000000018008464        0x0
                0x0000000018008464                _stepper_driver_api_list_start = .
 *(SORT_BY_NAME(SORT_BY_ALIGNMENT(._stepper_driver_api.static.*)))
                0x0000000018008464                _stepper_driver_api_list_end = .

syscon_driver_api_area
                0x0000000018008464        0x0
                0x0000000018008464                _syscon_driver_api_list_start = .
 *(SORT_BY_NAME(SORT_BY_ALIGNMENT(._syscon_driver_api.static.*)))
                0x0000000018008464                _syscon_driver_api_list_end = .

tee_driver_api_area
                0x0000000018008464        0x0
                0x0000000018008464                _tee_driver_api_list_start = .
 *(SORT_BY_NAME(SORT_BY_ALIGNMENT(._tee_driver_api.static.*)))
                0x0000000018008464                _tee_driver_api_list_end = .

video_driver_api_area
                0x0000000018008464        0x0
                0x0000000018008464                _video_driver_api_list_start = .
 *(SORT_BY_NAME(SORT_BY_ALIGNMENT(._video_driver_api.static.*)))
                0x0000000018008464                _video_driver_api_list_end = .

virtio_driver_api_area
                0x0000000018008464        0x0
                0x0000000018008464                _virtio_driver_api_list_start = .
 *(SORT_BY_NAME(SORT_BY_ALIGNMENT(._virtio_driver_api.static.*)))
                0x0000000018008464                _virtio_driver_api_list_end = .

w1_driver_api_area
                0x0000000018008464        0x0
                0x0000000018008464                _w1_driver_api_list_start = .
 *(SORT_BY_NAME(SORT_BY_ALIGNMENT(._w1_driver_api.static.*)))
                0x0000000018008464                _w1_driver_api_list_end = .

wdt_driver_api_area
                0x0000000018008464        0x0
                0x0000000018008464                _wdt_driver_api_list_start = .
 *(SORT_BY_NAME(SORT_BY_ALIGNMENT(._wdt_driver_api.static.*)))
                0x0000000018008464                _wdt_driver_api_list_end = .

can_transceiver_driver_api_area
                0x0000000018008464        0x0
                0x0000000018008464                _can_transceiver_driver_api_list_start = .
 *(SORT_BY_NAME(SORT_BY_ALIGNMENT(._can_transceiver_driver_api.static.*)))
                0x0000000018008464                _can_transceiver_driver_api_list_end = .

nrf_clock_control_driver_api_area
                0x0000000018008464        0x0
                0x0000000018008464                _nrf_clock_control_driver_api_list_start = .
 *(SORT_BY_NAME(SORT_BY_ALIGNMENT(._nrf_clock_control_driver_api.static.*)))
                0x0000000018008464                _nrf_clock_control_driver_api_list_end = .

i3c_target_driver_api_area
                0x0000000018008464        0x0
                0x0000000018008464                _i3c_target_driver_api_list_start = .
 *(SORT_BY_NAME(SORT_BY_ALIGNMENT(._i3c_target_driver_api.static.*)))
                0x0000000018008464                _i3c_target_driver_api_list_end = .

its_driver_api_area
                0x0000000018008464        0x0
                0x0000000018008464                _its_driver_api_list_start = .
 *(SORT_BY_NAME(SORT_BY_ALIGNMENT(._its_driver_api.static.*)))
                0x0000000018008464                _its_driver_api_list_end = .

vtd_driver_api_area
                0x0000000018008464        0x0
                0x0000000018008464                _vtd_driver_api_list_start = .
 *(SORT_BY_NAME(SORT_BY_ALIGNMENT(._vtd_driver_api.static.*)))
                0x0000000018008464                _vtd_driver_api_list_end = .

renesas_elc_driver_api_area
                0x0000000018008464        0x0
                0x0000000018008464                _renesas_elc_driver_api_list_start = .
 *(SORT_BY_NAME(SORT_BY_ALIGNMENT(._renesas_elc_driver_api.static.*)))
                0x0000000018008464                _renesas_elc_driver_api_list_end = .

tgpio_driver_api_area
                0x0000000018008464        0x0
                0x0000000018008464                _tgpio_driver_api_list_start = .
 *(SORT_BY_NAME(SORT_BY_ALIGNMENT(._tgpio_driver_api.static.*)))
                0x0000000018008464                _tgpio_driver_api_list_end = .

pcie_ctrl_driver_api_area
                0x0000000018008464        0x0
                0x0000000018008464                _pcie_ctrl_driver_api_list_start = .
 *(SORT_BY_NAME(SORT_BY_ALIGNMENT(._pcie_ctrl_driver_api.static.*)))
                0x0000000018008464                _pcie_ctrl_driver_api_list_end = .

pcie_ep_driver_api_area
                0x0000000018008464        0x0
                0x0000000018008464                _pcie_ep_driver_api_list_start = .
 *(SORT_BY_NAME(SORT_BY_ALIGNMENT(._pcie_ep_driver_api.static.*)))
                0x0000000018008464                _pcie_ep_driver_api_list_end = .

psi5_driver_api_area
                0x0000000018008464        0x0
                0x0000000018008464                _psi5_driver_api_list_start = .
 *(SORT_BY_NAME(SORT_BY_ALIGNMENT(._psi5_driver_api.static.*)))
                0x0000000018008464                _psi5_driver_api_list_end = .

sent_driver_api_area
                0x0000000018008464        0x0
                0x0000000018008464                _sent_driver_api_list_start = .
 *(SORT_BY_NAME(SORT_BY_ALIGNMENT(._sent_driver_api.static.*)))
                0x0000000018008464                _sent_driver_api_list_end = .

svc_driver_api_area