Archive member included to satisfy reference by file (symbol)

app/libapp.a(main.c.obj)      (--whole-archive)
app/libapp.a(dbus_app_layer.c.obj)
                              (--whole-archive)
app/libapp.a(spi_abstraction.c.obj)
                              (--whole-archive)
app/libapp.a(dbus_config.c.obj)
                              (--whole-archive)
zephyr/libzephyr.a(validate_libc.c.obj)
                              (--whole-archive)
zephyr/libzephyr.a(heap.c.obj)
                              (--whole-archive)
zephyr/libzephyr.a(cbprintf_packaged.c.obj)
                              (--whole-archive)
zephyr/libzephyr.a(clock.c.obj)
                              (--whole-archive)
zephyr/libzephyr.a(printk.c.obj)
                              (--whole-archive)
zephyr/libzephyr.a(sem.c.obj)
                              (--whole-archive)
zephyr/libzephyr.a(thread_entry.c.obj)
                              (--whole-archive)
zephyr/libzephyr.a(cbprintf_complete.c.obj)
                              (--whole-archive)
zephyr/libzephyr.a(assert.c.obj)
                              (--whole-archive)
zephyr/libzephyr.a(dec.c.obj)
                              (--whole-archive)
zephyr/libzephyr.a(hex.c.obj)
                              (--whole-archive)
zephyr/libzephyr.a(rb.c.obj)  (--whole-archive)
zephyr/libzephyr.a(timeutil.c.obj)
                              (--whole-archive)
zephyr/libzephyr.a(bitarray.c.obj)
                              (--whole-archive)
zephyr/libzephyr.a(ring_buffer.c.obj)
                              (--whole-archive)
zephyr/libzephyr.a(last_section_id.c.obj)
                              (--whole-archive)
zephyr/libzephyr.a(configs.c.obj)
                              (--whole-archive)
zephyr/libzephyr.a(soc.c.obj)
                              (--whole-archive)
zephyr/libzephyr.a(flexspi_clock_setup.c.obj)
                              (--whole-archive)
zephyr/libzephyr.a(mem_attr.c.obj)
                              (--whole-archive)
zephyr/libzephyr.a(tracing_none.c.obj)
                              (--whole-archive)
zephyr/arch/common/libarch__common.a(sw_isr_common.c.obj)
                              (--whole-archive)
zephyr/arch/arch/arm/core/libarch__arm__core.a(fatal.c.obj)
                              (--whole-archive)
zephyr/arch/arch/arm/core/libarch__arm__core.a(nmi.c.obj)
                              (--whole-archive)
zephyr/arch/arch/arm/core/libarch__arm__core.a(nmi_on_reset.S.obj)
                              (--whole-archive)
zephyr/arch/arch/arm/core/libarch__arm__core.a(tls.c.obj)
                              (--whole-archive)
zephyr/arch/arch/arm/core/cortex_m/libarch__arm__core__cortex_m.a(exc_exit.c.obj)
                              (--whole-archive)
zephyr/arch/arch/arm/core/cortex_m/libarch__arm__core__cortex_m.a(fault.c.obj)
                              (--whole-archive)
zephyr/arch/arch/arm/core/cortex_m/libarch__arm__core__cortex_m.a(fault_s.S.obj)
                              (--whole-archive)
zephyr/arch/arch/arm/core/cortex_m/libarch__arm__core__cortex_m.a(fpu.c.obj)
                              (--whole-archive)
zephyr/arch/arch/arm/core/cortex_m/libarch__arm__core__cortex_m.a(reset.S.obj)
                              (--whole-archive)
zephyr/arch/arch/arm/core/cortex_m/libarch__arm__core__cortex_m.a(scb.c.obj)
                              (--whole-archive)
zephyr/arch/arch/arm/core/cortex_m/libarch__arm__core__cortex_m.a(thread_abort.c.obj)
                              (--whole-archive)
zephyr/arch/arch/arm/core/cortex_m/libarch__arm__core__cortex_m.a(vector_table.S.obj)
                              (--whole-archive)
zephyr/arch/arch/arm/core/cortex_m/libarch__arm__core__cortex_m.a(swap_helper.S.obj)
                              (--whole-archive)
zephyr/arch/arch/arm/core/cortex_m/libarch__arm__core__cortex_m.a(irq_manage.c.obj)
                              (--whole-archive)
zephyr/arch/arch/arm/core/cortex_m/libarch__arm__core__cortex_m.a(prep_c.c.obj)
                              (--whole-archive)
zephyr/arch/arch/arm/core/cortex_m/libarch__arm__core__cortex_m.a(thread.c.obj)
                              (--whole-archive)
zephyr/arch/arch/arm/core/cortex_m/libarch__arm__core__cortex_m.a(cpu_idle.c.obj)
                              (--whole-archive)
zephyr/arch/arch/arm/core/cortex_m/libarch__arm__core__cortex_m.a(irq_init.c.obj)
                              (--whole-archive)
zephyr/arch/arch/arm/core/cortex_m/libarch__arm__core__cortex_m.a(isr_wrapper.c.obj)
                              (--whole-archive)
zephyr/arch/arch/arm/core/cortex_m/libarch__arm__core__cortex_m.a(__aeabi_read_tp.S.obj)
                              (--whole-archive)
zephyr/arch/arch/arm/core/cortex_m/cmse/libarch__arm__core__cortex_m__cmse.a(arm_core_cmse.c.obj)
                              (--whole-archive)
zephyr/arch/arch/arm/core/mpu/libarch__arm__core__mpu.a(arm_core_mpu.c.obj)
                              (--whole-archive)
[...]
Memory Configuration

Name             Origin             Length             Attributes
FLASH            0x0000000018000000 0x0000000004000000 xr
RAM              0x0000000010040000 0x00000000000f0000 xw
SMU1             0x0000000041380000 0x000000000007f800 rw
SMU2             0x00000000443c0000 0x0000000000023000 rw
IDT_LIST         0x00000000ffff7fff 0x0000000000008000 xw
*default*        0x0000000000000000 0xffffffffffffffff

Linker script and memory map

                0x0000000018005fd0                vfprintf = __l_vfprintf
                0x0000000000000000                vfscanf = __l_vfscanf
LOAD zephyr/CMakeFiles/zephyr_pre0.dir/misc/empty_file.c.obj
LOAD zephyr/CMakeFiles/offsets.dir/./arch/arm/core/offsets/offsets.c.obj
LOAD app/libapp.a
LOAD zephyr/libzephyr.a
LOAD zephyr/arch/common/libarch__common.a
LOAD zephyr/arch/arch/arm/core/libarch__arm__core.a
LOAD zephyr/arch/arch/arm/core/cortex_m/libarch__arm__core__cortex_m.a
LOAD zephyr/arch/arch/arm/core/cortex_m/cmse/libarch__arm__core__cortex_m__cmse.a
LOAD zephyr/arch/arch/arm/core/mpu/libarch__arm__core__mpu.a
LOAD zephyr/lib/libc/picolibc/liblib__libc__picolibc.a
LOAD zephyr/lib/libc/common/liblib__libc__common.a
LOAD zephyr/boards/nxp/frdm_rw612/libboards__nxp__frdm_rw612.a
LOAD zephyr/drivers/interrupt_controller/libdrivers__interrupt_controller.a
LOAD zephyr/drivers/clock_control/libdrivers__clock_control.a
LOAD zephyr/drivers/console/libdrivers__console.a
LOAD zephyr/drivers/gpio/libdrivers__gpio.a
LOAD zephyr/drivers/pinctrl/libdrivers__pinctrl.a
LOAD zephyr/drivers/reset/libdrivers__reset.a
LOAD zephyr/drivers/serial/libdrivers__serial.a
LOAD zephyr/drivers/spi/libdrivers__spi.a
LOAD zephyr/drivers/timer/libdrivers__timer.a
LOAD modules/hal_nxp/libmodules__hal_nxp.a
LOAD zephyr/kernel/libkernel.a
LOAD zephyr/arch/common/libisr_tables.a
LOAD /home/wis3re/zephyr-sdk-0.17.4/arm-zephyr-eabi/bin/../lib/gcc/../../picolibc/arm-zephyr-eabi/lib/thumb/v8-m.main/nofp/libc.a
LOAD /home/wis3re/zephyr-sdk-0.17.4/arm-zephyr-eabi/bin/../lib/gcc/arm-zephyr-eabi/12.2.0/thumb/v8-m.main/nofp/libgcc.a
                0x0000000000000020                _region_min_align = 0x20

.rel.plt        0x0000000018000000        0x0
 *(SORT_BY_ALIGNMENT(.rel.plt))
                [!provide]                        PROVIDE (__rel_iplt_start = .)
 *(SORT_BY_ALIGNMENT(.rel.iplt))
 .rel.iplt      0x0000000018000000        0x0 app/libapp.a(main.c.obj)
                [!provide]                        PROVIDE (__rel_iplt_end = .)

.rela.plt       0x0000000000000000        0x0
 *(SORT_BY_ALIGNMENT(.rela.plt))
                [!provide]                        PROVIDE (__rela_iplt_start = .)
 *(SORT_BY_ALIGNMENT(.rela.iplt))
                [!provide]                        PROVIDE (__rela_iplt_end = .)

.rel.dyn
 *(SORT_BY_ALIGNMENT(.rel.*))

.rela.dyn
 *(SORT_BY_ALIGNMENT(.rela.*))

/DISCARD/
 *(SORT_BY_ALIGNMENT(.plt))

/DISCARD/
 *(SORT_BY_ALIGNMENT(.iplt))
                0x0000000018000000                __rom_region_start = 0x18000000

rom_start       0x0000000018000000     0x1644
                0x0000000018000000                __rom_start_address = .
 FILL mask 0x00
                0x0000000018000400                . = (. + (0x400 - (. - __rom_start_address)))
 *fill*         0x0000000018000000      0x400 00
 *(SORT_BY_ALIGNMENT(.flash_conf))
 .flash_conf    0x0000000018000400      0xc00 zephyr/boards/nxp/frdm_rw612/libboards__nxp__frdm_rw612.a(W25Q512JVFIQ_FCB.c.obj)
                0x0000000018000400                flexspi_config
                0x0000000018001000                . = (. + (0x1000 - (. - __rom_start_address)))
 *(SORT_BY_ALIGNMENT(.boot_hdr.ivt))
 .boot_hdr.ivt  0x0000000018001000       0x40 zephyr/libzephyr.a(soc.c.obj)
                0x0000000018001000                image_vector_table
                0x0000000018001300                . = (. + (0x1300 - (. - __rom_start_address)))
 *fill*         0x0000000018001040      0x2c0 00
                0x0000000018001300                . = ALIGN (0x4)
                0x0000000018001300                . = ALIGN (0x80)
                0x0000000018001400                . = ALIGN (0x400)
 *fill*         0x0000000018001300      0x100 00
                0x0000000018001400                _vector_start = .
 *(SORT_BY_ALIGNMENT(.exc_vector_table))
 *(SORT_BY_ALIGNMENT(.exc_vector_table.*))
 .exc_vector_table._vector_table_section
                0x0000000018001400       0x40 zephyr/arch/arch/arm/core/cortex_m/libarch__arm__core__cortex_m.a(vector_table.S.obj)
                0x0000000018001400                _vector_table
 *(SORT_BY_ALIGNMENT(.vectors))
                0x0000000018001644                _vector_end = .
                0x0000000018001440                . = ALIGN (0x4)
 *(SORT_BY_ALIGNMENT(.gnu.linkonce.irq_vector_table*))
 .gnu.linkonce.irq_vector_table
                0x0000000018001440      0x204 zephyr/arch/common/libisr_tables.a(isr_tables.c.obj)
                0x0000000018001440                _irq_vector_table
                0x0000000018001644                _vector_end = .

text            0x0000000018001648     0x6090
                0x0000000018001648                __text_region_start = .
 *(SORT_BY_ALIGNMENT(.text))
 .text          0x0000000018001648       0xa0 modules/hal_nxp/libmodules__hal_nxp.a(fsl_memcpy.S.obj)
                0x0000000018001648                memcpy
 .text          0x00000000180016e8       0x30 /home/wis3re/zephyr-sdk-0.17.4/arm-zephyr-eabi/bin/../lib/gcc/arm-zephyr-eabi/12.2.0/thumb/v8-m.main/nofp/libgcc.a(_aeabi_uldivmod.o)
                0x00000000180016e8                __aeabi_uldivmod
 .text          0x0000000018001718        0x4 /home/wis3re/zephyr-sdk-0.17.4/arm-zephyr-eabi/bin/../lib/gcc/arm-zephyr-eabi/12.2.0/thumb/v8-m.main/nofp/libgcc.a(_dvmd_tls.o)
                0x0000000018001718                __aeabi_ldiv0
                0x0000000018001718                __aeabi_idiv0
 .text          0x000000001800171c      0x29c /home/wis3re/zephyr-sdk-0.17.4/arm-zephyr-eabi/bin/../lib/gcc/arm-zephyr-eabi/12.2.0/thumb/v8-m.main/nofp/libgcc.a(_udivmoddi4.o)
                0x000000001800171c                __udivmoddi4
 *(SORT_BY_ALIGNMENT(.text.*))
 .text.spi_mcux_transceive
                0x00000000180019b8      0x2c8 zephyr/drivers/spi/libdrivers__spi.a(spi_mcux_flexcomm.c.obj)
 .text.my_test_service_handler
                0x0000000018001c80       0x38 app/libapp.a(main.c.obj)
                0x0000000018001c80                my_test_service_handler
 .text.main     0x0000000018001cb8       0x88 app/libapp.a(main.c.obj)
                0x0000000018001cb8                main
 .text.dbal_connection_sm.constprop.0
                0x0000000018001d40       0x64 app/libapp.a(dbus_app_layer.c.obj)
 .text.dbal_clear_retry_counters.constprop.0
                0x0000000018001da4       0x10 app/libapp.a(dbus_app_layer.c.obj)
 .text.dbal_clear_msgs_to_repeat.constprop.0
                0x0000000018001db4       0x60 app/libapp.a(dbus_app_layer.c.obj)
 .text.dbal_tx_thread_entry
                0x0000000018001e14       0x5c app/libapp.a(dbus_app_layer.c.obj)
                0x0000000018001e14                dbal_tx_thread_entry
 .text.dbal_io_dbus_handler_send.constprop.0.isra.0
                0x0000000018001e70      0x154 app/libapp.a(dbus_app_layer.c.obj)
 .text.dbal_msg_timer_cb
                0x0000000018001fc4      0x104 app/libapp.a(dbus_app_layer.c.obj)
                0x0000000018001fc4                dbal_msg_timer_cb
 .text.dbal_con_msg_timer_cb
                0x00000000180020c8       0x94 app/libapp.a(dbus_app_layer.c.obj)
                0x00000000180020c8                dbal_con_msg_timer_cb
 .text.dbal_register_service_handler
                0x000000001800215c       0x44 app/libapp.a(dbus_app_layer.c.obj)
                0x000000001800215c                dbal_register_service_handler
 .text.dbal_init
                0x00000000180021a0       0xd0 app/libapp.a(dbus_app_layer.c.obj)
                0x00000000180021a0                dbal_init
 .text.dbal_send_cmd_response
                0x0000000018002270       0x2c app/libapp.a(dbus_app_layer.c.obj)
                0x0000000018002270                dbal_send_cmd_response
 .text.dbal_send_event
                0x000000001800229c       0x2c app/libapp.a(dbus_app_layer.c.obj)
                0x000000001800229c                dbal_send_event
 .text.dbal_send_ack_nack
                0x00000000180022c8       0x44 app/libapp.a(dbus_app_layer.c.obj)
                0x00000000180022c8                dbal_send_ack_nack
 .text.dbal_spi_rx_callback
                0x000000001800230c      0x13c app/libapp.a(dbus_app_layer.c.obj)
 .text.dbal_rx_thread_entry
                0x0000000018002448       0x50 app/libapp.a(dbus_app_layer.c.obj)
                0x0000000018002448                dbal_rx_thread_entry
 .text.spi_transceive.constprop.0
                0x0000000018002498       0x18 app/libapp.a(spi_abstraction.c.obj)
 .text.spi_abstraction_init
                0x00000000180024b0       0x40 app/libapp.a(spi_abstraction.c.obj)
                0x00000000180024b0                spi_abstraction_init
 .text.spi_abstraction_register_rx_callback
                0x00000000180024f0        0xc app/libapp.a(spi_abstraction.c.obj)
                0x00000000180024f0                spi_abstraction_register_rx_callback
 .text.spi_abstraction_set_rx_msg_queue
                0x00000000180024fc        0xc app/libapp.a(spi_abstraction.c.obj)
                0x00000000180024fc                spi_abstraction_set_rx_msg_queue
 .text.spi_abstraction_send
                0x0000000018002508       0x34 app/libapp.a(spi_abstraction.c.obj)
                0x0000000018002508                spi_abstraction_send
 .text.char_out
                0x000000001800253c        0xc zephyr/libzephyr.a(printk.c.obj)
 .text.__printk_hook_install
                0x0000000018002548        0xc zephyr/libzephyr.a(printk.c.obj)
                0x0000000018002548                __printk_hook_install
 .text.vprintk  0x0000000018002554       0x30 zephyr/libzephyr.a(printk.c.obj)
                0x0000000018002554                vprintk
 .text.z_thread_entry
                0x0000000018002584       0x34 zephyr/libzephyr.a(thread_entry.c.obj)
                0x0000000018002584                z_thread_entry
 .text.soc_early_init_hook
                0x00000000180025b8       0x24 zephyr/libzephyr.a(soc.c.obj)
                0x00000000180025b8                soc_early_init_hook
 .text.mem_attr_get_regions
                0x00000000180025dc        0xc zephyr/libzephyr.a(mem_attr.c.obj)
                0x00000000180025dc                mem_attr_get_regions
 .text.z_arm_fatal_error
                0x00000000180025e8       0x60 zephyr/arch/arch/arm/core/libarch__arm__core.a(fatal.c.obj)
                0x00000000180025e8                z_arm_fatal_error
 .text.z_SysNmiOnReset
                0x0000000018002648        0x8 zephyr/arch/arch/arm/core/libarch__arm__core.a(nmi_on_reset.S.obj)
                0x0000000018002648                z_SysNmiOnReset
 .text.arch_tls_stack_setup
                0x0000000018002650       0x40 zephyr/arch/arch/arm/core/libarch__arm__core.a(tls.c.obj)
                0x0000000018002650                arch_tls_stack_setup
 .text._HandlerModeExit
                0x0000000018002690       0x20 zephyr/arch/arch/arm/core/cortex_m/libarch__arm__core__cortex_m.a(exc_exit.c.obj)
                0x0000000018002690                z_arm_exc_exit
                0x0000000018002690                z_arm_int_exit
 .text.secure_fault.constprop.0
                0x00000000180026b0       0xd4 zephyr/arch/arch/arm/core/cortex_m/libarch__arm__core__cortex_m.a(fault.c.obj)
 .text.usage_fault.constprop.0
                0x0000000018002784       0xa8 zephyr/arch/arch/arm/core/cortex_m/libarch__arm__core__cortex_m.a(fault.c.obj)
 .text.bus_fault.constprop.0
                0x000000001800282c       0xb8 zephyr/arch/arch/arm/core/cortex_m/libarch__arm__core__cortex_m.a(fault.c.obj)
 .text.mem_manage_fault.constprop.0
                0x00000000180028e4       0xbc zephyr/arch/arch/arm/core/cortex_m/libarch__arm__core__cortex_m.a(fault.c.obj)
 .text.z_arm_fault
                0x00000000180029a0      0x1e8 zephyr/arch/arch/arm/core/cortex_m/libarch__arm__core__cortex_m.a(fault.c.obj)
                0x00000000180029a0                z_arm_fault
 .text.z_arm_fault_init
                0x0000000018002b88       0x20 zephyr/arch/arch/arm/core/cortex_m/libarch__arm__core__cortex_m.a(fault.c.obj)
                0x0000000018002b88                z_arm_fault_init
 .text.__fault  0x0000000018002ba8       0x14 zephyr/arch/arch/arm/core/cortex_m/libarch__arm__core__cortex_m.a(fault_s.S.obj)
                0x0000000018002ba8                z_arm_secure_fault
                0x0000000018002ba8                z_arm_bus_fault
                0x0000000018002ba8                z_arm_usage_fault
                0x0000000018002ba8                z_arm_mpu_fault
                0x0000000018002ba8                z_arm_exc_spurious
                0x0000000018002ba8                z_arm_debug_monitor
                0x0000000018002ba8                z_arm_hard_fault
 .text._reset_section
                0x0000000018002bbc       0x38 zephyr/arch/arch/arm/core/cortex_m/libarch__arm__core__cortex_m.a(reset.S.obj)
                0x0000000018002bbc                z_arm_reset
                0x0000000018002bbc                __start
 .text.z_impl_k_thread_abort
                0x0000000018002bf4       0x2c zephyr/arch/arch/arm/core/cortex_m/libarch__arm__core__cortex_m.a(thread_abort.c.obj)
                0x0000000018002bf4                z_impl_k_thread_abort
 .text.z_arm_pendsv
                0x0000000018002c20       0x60 zephyr/arch/arch/arm/core/cortex_m/libarch__arm__core__cortex_m.a(swap_helper.S.obj)
                0x0000000018002c20                z_arm_pendsv
 .text.z_arm_svc
                0x0000000018002c80       0x24 zephyr/arch/arch/arm/core/cortex_m/libarch__arm__core__cortex_m.a(swap_helper.S.obj)
                0x0000000018002c80                z_arm_svc
 .text.arm_irq_enable
                0x0000000018002ca4       0x1c zephyr/arch/arch/arm/core/cortex_m/libarch__arm__core__cortex_m.a(irq_manage.c.obj)
                0x0000000018002ca4                arm_irq_enable
 .text.arm_irq_priority_set
                0x0000000018002cc0       0x2c zephyr/arch/arch/arm/core/cortex_m/libarch__arm__core__cortex_m.a(irq_manage.c.obj)
                0x0000000018002cc0                arm_irq_priority_set
 .text.relocate_vector_table
                0x0000000018002cec       0x1c zephyr/arch/arch/arm/core/cortex_m/libarch__arm__core__cortex_m.a(prep_c.c.obj)
                0x0000000018002cec                relocate_vector_table
 .text.z_prep_c
                0x0000000018002d08       0x38 zephyr/arch/arch/arm/core/cortex_m/libarch__arm__core__cortex_m.a(prep_c.c.obj)
                0x0000000018002d08                z_prep_c
 .text.arch_new_thread
                0x0000000018002d40       0x38 zephyr/arch/arch/arm/core/cortex_m/libarch__arm__core__cortex_m.a(thread.c.obj)
                0x0000000018002d40                arch_new_thread
 .text.arch_switch_to_main_thread
                0x0000000018002d78       0x40 zephyr/arch/arch/arm/core/cortex_m/libarch__arm__core__cortex_m.a(thread.c.obj)
                0x0000000018002d78                arch_switch_to_main_thread
 .text.z_arm_cpu_idle_init
                0x0000000018002db8        0xc zephyr/arch/arch/arm/core/cortex_m/libarch__arm__core__cortex_m.a(cpu_idle.c.obj)
                0x0000000018002db8                z_arm_cpu_idle_init
 .text.z_arm_interrupt_init
                0x0000000018002dc4       0x18 zephyr/arch/arch/arm/core/cortex_m/libarch__arm__core__cortex_m.a(irq_init.c.obj)
                0x0000000018002dc4                z_arm_interrupt_init
 .text._isr_wrapper
                0x0000000018002ddc       0x24 zephyr/arch/arch/arm/core/cortex_m/libarch__arm__core__cortex_m.a(isr_wrapper.c.obj)
                0x0000000018002ddc                _isr_wrapper
 .text.z_arm_configure_static_mpu_regions
                0x0000000018002e00       0x38 zephyr/arch/arch/arm/core/mpu/libarch__arm__core__mpu.a(arm_core_mpu.c.obj)
                0x0000000018002e00                z_arm_configure_static_mpu_regions
 .text.region_init
                0x0000000018002e38       0x34 zephyr/arch/arch/arm/core/mpu/libarch__arm__core__mpu.a(arm_mpu.c.obj)
 .text.region_allocate_and_init
                0x0000000018002e6c       0x24 zephyr/arch/arch/arm/core/mpu/libarch__arm__core__mpu.a(arm_mpu.c.obj)
 .text.mpu_configure_regions_and_partition.constprop.0
                0x0000000018002e90      0x148 zephyr/arch/arch/arm/core/mpu/libarch__arm__core__mpu.a(arm_mpu.c.obj)
 .text.arm_core_mpu_enable
                0x0000000018002fd8       0x18 zephyr/arch/arch/arm/core/mpu/libarch__arm__core__mpu.a(arm_mpu.c.obj)
                0x0000000018002fd8                arm_core_mpu_enable
 .text.arm_core_mpu_disable
                0x0000000018002ff0       0x14 zephyr/arch/arch/arm/core/mpu/libarch__arm__core__mpu.a(arm_mpu.c.obj)
                0x0000000018002ff0                arm_core_mpu_disable
 .text.arm_core_mpu_configure_static_mpu_regions
                0x0000000018003004       0x14 zephyr/arch/arch/arm/core/mpu/libarch__arm__core__mpu.a(arm_mpu.c.obj)
                0x0000000018003004                arm_core_mpu_configure_static_mpu_regions
 .text.arm_core_mpu_mark_areas_for_dynamic_regions
                0x0000000018003018       0xb8 zephyr/arch/arch/arm/core/mpu/libarch__arm__core__mpu.a(arm_mpu.c.obj)
                0x0000000018003018                arm_core_mpu_mark_areas_for_dynamic_regions
 .text.z_arm_mpu_init
                0x00000000180030d0      0x11c zephyr/arch/arch/arm/core/mpu/libarch__arm__core__mpu.a(arm_mpu.c.obj)
                0x00000000180030d0                z_arm_mpu_init
 .text.z_impl_zephyr_fputc
                0x00000000180031ec       0x10 zephyr/lib/libc/picolibc/liblib__libc__picolibc.a(stdio.c.obj)
                0x00000000180031ec                z_impl_zephyr_fputc
 .text.__stdout_hook_install
                0x00000000180031fc       0x18 zephyr/lib/libc/picolibc/liblib__libc__picolibc.a(stdio.c.obj)
                0x00000000180031fc                __stdout_hook_install
 .text.malloc_prepare
                0x0000000018003214       0x24 zephyr/lib/libc/common/liblib__libc__common.a(malloc.c.obj)
 .text.nxp_pint_isr
                0x0000000018003238       0x38 zephyr/drivers/interrupt_controller/libdrivers__interrupt_controller.a(intc_nxp_pint.c.obj)
 .text.intc_nxp_pint_init
                0x0000000018003270       0xd0 zephyr/drivers/interrupt_controller/libdrivers__interrupt_controller.a(intc_nxp_pint.c.obj)
 .text.nxp_pint_pin_enable
                0x0000000018003340       0x88 zephyr/drivers/interrupt_controller/libdrivers__interrupt_controller.a(intc_nxp_pint.c.obj)
                0x0000000018003340                nxp_pint_pin_enable
 .text.nxp_pint_pin_disable
                0x00000000180033c8       0x34 zephyr/drivers/interrupt_controller/libdrivers__interrupt_controller.a(intc_nxp_pint.c.obj)
                0x00000000180033c8                nxp_pint_pin_disable
 .text.nxp_pint_pin_set_callback
                0x00000000180033fc       0x2c zephyr/drivers/interrupt_controller/libdrivers__interrupt_controller.a(intc_nxp_pint.c.obj)
                0x00000000180033fc                nxp_pint_pin_set_callback
 .text.mcux_lpc_syscon_clock_control_configure
                0x0000000018003428       0xb4 zephyr/drivers/clock_control/libdrivers__clock_control.a(clock_control_mcux_syscon.c.obj)
 .text.uart_console_init
                0x00000000180034dc       0x28 zephyr/drivers/console/libdrivers__console.a(uart_console.c.obj)
 .text.console_out
                0x0000000018003504       0x28 zephyr/drivers/console/libdrivers__console.a(uart_console.c.obj)
 .text.gpio_mcux_lpc_pin_interrupt_configure
                0x000000001800352c      0x130 zephyr/drivers/gpio/libdrivers__gpio.a(gpio_mcux_lpc.c.obj)
 .text.pinctrl_configure_pins
                0x000000001800365c      0x27c zephyr/drivers/pinctrl/libdrivers__pinctrl.a(pinctrl_mci_io_mux.c.obj)
                0x000000001800365c                pinctrl_configure_pins
 .text.mcux_flexcomm_uart_configure
                0x00000000180038d8       0xb4 zephyr/drivers/serial/libdrivers__serial.a(uart_mcux_flexcomm.c.obj)
 .text.mcux_flexcomm_init
                0x000000001800398c       0xd0 zephyr/drivers/serial/libdrivers__serial.a(uart_mcux_flexcomm.c.obj)
 .text.mcux_lpc_ostick_get_compensated_timer_value
                0x0000000018003a5c        0xc zephyr/drivers/timer/libdrivers__timer.a(mcux_os_timer.c.obj)
 .text.mcux_lpc_ostick_isr
                0x0000000018003a68       0x48 zephyr/drivers/timer/libdrivers__timer.a(mcux_os_timer.c.obj)
                0x0000000018003a68                mcux_lpc_ostick_isr
 .text.sys_clock_driver_init
                0x0000000018003ab0       0x4c zephyr/drivers/timer/libdrivers__timer.a(mcux_os_timer.c.obj)
 .text.sys_clock_set_timeout
                0x0000000018003afc       0x8c zephyr/drivers/timer/libdrivers__timer.a(mcux_os_timer.c.obj)
                0x0000000018003afc                sys_clock_set_timeout
 .text.sys_clock_elapsed
                0x0000000018003b88       0x30 zephyr/drivers/timer/libdrivers__timer.a(mcux_os_timer.c.obj)
                0x0000000018003b88                sys_clock_elapsed
 .text.FLEXCOMM_GetInstance
                0x0000000018003bb8       0x24 modules/hal_nxp/libmodules__hal_nxp.a(fsl_flexcomm.c.obj)
                0x0000000018003bb8                FLEXCOMM_GetInstance
 .text.FLEXCOMM_Init
                0x0000000018003bdc       0x70 modules/hal_nxp/libmodules__hal_nxp.a(fsl_flexcomm.c.obj)
                0x0000000018003bdc                FLEXCOMM_Init
 .text.FLEXCOMM_SetIRQHandler
                0x0000000018003c4c       0x20 modules/hal_nxp/libmodules__hal_nxp.a(fsl_flexcomm.c.obj)
                0x0000000018003c4c                FLEXCOMM_SetIRQHandler
 .text.GPIO_PortInit
                0x0000000018003c6c       0x24 modules/hal_nxp/libmodules__hal_nxp.a(fsl_gpio.c.obj)
                0x0000000018003c6c                GPIO_PortInit
 .text.OSTIMER_GetInstance
                0x0000000018003c90       0x14 modules/hal_nxp/libmodules__hal_nxp.a(fsl_ostimer.c.obj)
 .text.OSTIMER_EnableInterrupt.constprop.0
                0x0000000018003ca4       0x20 modules/hal_nxp/libmodules__hal_nxp.a(fsl_ostimer.c.obj)
 .text.OSTIMER_SetMatchRawValue
                0x0000000018003cc4       0x80 modules/hal_nxp/libmodules__hal_nxp.a(fsl_ostimer.c.obj)
                0x0000000018003cc4                OSTIMER_SetMatchRawValue
 .text.PINT_GetInstance
                0x0000000018003d44       0x14 modules/hal_nxp/libmodules__hal_nxp.a(fsl_pint.c.obj)
 .text.PINT_Init
                0x0000000018003d58       0x4c modules/hal_nxp/libmodules__hal_nxp.a(fsl_pint.c.obj)
                0x0000000018003d58                PINT_Init
 .text.PINT_PinInterruptConfig
                0x0000000018003da4       0x48 modules/hal_nxp/libmodules__hal_nxp.a(fsl_pint.c.obj)
                0x0000000018003da4                PINT_PinInterruptConfig
 .text.SPI_GetInstance
                0x0000000018003dec       0x24 modules/hal_nxp/libmodules__hal_nxp.a(fsl_spi.c.obj)
                0x0000000018003dec                SPI_GetInstance
 .text.SPI_MasterTransferHandleIRQ
                0x0000000018003e10      0x23c modules/hal_nxp/libmodules__hal_nxp.a(fsl_spi.c.obj)
                0x0000000018003e10                SPI_MasterTransferHandleIRQ
 .text.SPI_SetDummyData
                0x000000001800404c       0x14 modules/hal_nxp/libmodules__hal_nxp.a(fsl_spi.c.obj)
                0x000000001800404c                SPI_SetDummyData
 .text.SPI_MasterGetDefaultConfig
                0x0000000018004060       0x20 modules/hal_nxp/libmodules__hal_nxp.a(fsl_spi.c.obj)
                0x0000000018004060                SPI_MasterGetDefaultConfig
 .text.SPI_SlaveInit
                0x0000000018004080       0xcc modules/hal_nxp/libmodules__hal_nxp.a(fsl_spi.c.obj)
                0x0000000018004080                SPI_SlaveInit
 .text.SPI_MasterInit
                0x000000001800414c      0x11c modules/hal_nxp/libmodules__hal_nxp.a(fsl_spi.c.obj)
                0x000000001800414c                SPI_MasterInit
 .text.SPI_MasterTransferCreateHandle
                0x0000000018004268       0x98 modules/hal_nxp/libmodules__hal_nxp.a(fsl_spi.c.obj)
                0x0000000018004268                SPI_MasterTransferCreateHandle
 .text.USART_SetRxTimeoutConfig
                0x0000000018004300       0x38 modules/hal_nxp/libmodules__hal_nxp.a(fsl_usart.c.obj)
                0x0000000018004300                USART_SetRxTimeoutConfig
 .text.getT3PllMciIrcClkFreq
                0x0000000018004338       0x30 modules/hal_nxp/libmodules__hal_nxp.a(system_RW612.c.obj)
 .text.SystemCoreClockUpdate
                0x0000000018004368      0x11c modules/hal_nxp/libmodules__hal_nxp.a(system_RW612.c.obj)
                0x0000000018004368                SystemCoreClockUpdate
 .text.SystemInit
                0x0000000018004484       0x90 modules/hal_nxp/libmodules__hal_nxp.a(system_RW612.c.obj)
                0x0000000018004484                SystemInit
 .text.CLOCK_GetLpOscFreq
                0x0000000018004514       0x20 modules/hal_nxp/libmodules__hal_nxp.a(fsl_clock.c.obj)
 .text.CLOCK_DelayUs
                0x0000000018004534       0x28 modules/hal_nxp/libmodules__hal_nxp.a(fsl_clock.c.obj)
 .text.CLOCK_GetTcpuFvcoFreq
                0x000000001800455c       0x6c modules/hal_nxp/libmodules__hal_nxp.a(fsl_clock.c.obj)
 .text.CLOCK_GetT3PllMciIrcClkFreq
                0x00000000180045c8       0x30 modules/hal_nxp/libmodules__hal_nxp.a(fsl_clock.c.obj)
                0x00000000180045c8                CLOCK_GetT3PllMciIrcClkFreq
 .text.CLOCK_GetMainPllClkFreq
                0x00000000180045f8       0x1c modules/hal_nxp/libmodules__hal_nxp.a(fsl_clock.c.obj)
 .text.CLOCK_EnableClock
                0x0000000018004614       0xb0 modules/hal_nxp/libmodules__hal_nxp.a(fsl_clock.c.obj)
                0x0000000018004614                CLOCK_EnableClock
 .text.CLOCK_DisableClock
                0x00000000180046c4       0xa4 modules/hal_nxp/libmodules__hal_nxp.a(fsl_clock.c.obj)
                0x00000000180046c4                CLOCK_DisableClock
 .text.CLOCK_AttachClk
                0x0000000018004768       0x84 modules/hal_nxp/libmodules__hal_nxp.a(fsl_clock.c.obj)
                0x0000000018004768                CLOCK_AttachClk
 .text.CLOCK_GetAvPllCh1Freq
                0x00000000180047ec       0x30 modules/hal_nxp/libmodules__hal_nxp.a(fsl_clock.c.obj)
                0x00000000180047ec                CLOCK_GetAvPllCh1Freq
 .text.CLOCK_GetAudioPllClkFreq
                0x000000001800481c       0x1c modules/hal_nxp/libmodules__hal_nxp.a(fsl_clock.c.obj)
 .text.CLOCK_GetMainClkFreq
                0x0000000018004838       0x9c modules/hal_nxp/libmodules__hal_nxp.a(fsl_clock.c.obj)
                0x0000000018004838                CLOCK_GetMainClkFreq
 .text.CLOCK_GetFRGClock
                0x00000000180048d4       0x94 modules/hal_nxp/libmodules__hal_nxp.a(fsl_clock.c.obj)
                0x00000000180048d4                CLOCK_GetFRGClock
 .text.CLOCK_SetFRGClock
                0x0000000018004968       0x38 modules/hal_nxp/libmodules__hal_nxp.a(fsl_clock.c.obj)
                0x0000000018004968                CLOCK_SetFRGClock
 .text.CLOCK_GetFlexCommClkFreq
                0x00000000180049a0       0x54 modules/hal_nxp/libmodules__hal_nxp.a(fsl_clock.c.obj)
                0x00000000180049a0                CLOCK_GetFlexCommClkFreq
 .text.CLOCK_DeinitTcpuRefClk
                0x00000000180049f4       0x38 modules/hal_nxp/libmodules__hal_nxp.a(fsl_clock.c.obj)
                0x00000000180049f4                CLOCK_DeinitTcpuRefClk
 .text.CLOCK_InitTcpuRefClk
                0x0000000018004a2c       0xd8 modules/hal_nxp/libmodules__hal_nxp.a(fsl_clock.c.obj)
                0x0000000018004a2c                CLOCK_InitTcpuRefClk
 .text.CLOCK_DeinitT3RefClk
                0x0000000018004b04       0x30 modules/hal_nxp/libmodules__hal_nxp.a(fsl_clock.c.obj)
                0x0000000018004b04                CLOCK_DeinitT3RefClk
 .text.CLOCK_InitT3RefClk
                0x0000000018004b34       0x4c modules/hal_nxp/libmodules__hal_nxp.a(fsl_clock.c.obj)
                0x0000000018004b34                CLOCK_InitT3RefClk
 .text.POWER_EnableWakeup
                0x0000000018004b80       0xfc modules/hal_nxp/libmodules__hal_nxp.a(fsl_power.c.obj)
                0x0000000018004b80                POWER_EnableWakeup
 .text.POWER_InitPowerConfig
                0x0000000018004c7c       0x7c modules/hal_nxp/libmodules__hal_nxp.a(fsl_power.c.obj)
                0x0000000018004c7c                POWER_InitPowerConfig
 .text.RESET_SetPeripheralReset
                0x0000000018004cf8       0x68 modules/hal_nxp/libmodules__hal_nxp.a(fsl_reset.c.obj)
                0x0000000018004cf8                RESET_SetPeripheralReset
 .text.RESET_ClearPeripheralReset
                0x0000000018004d60       0x74 modules/hal_nxp/libmodules__hal_nxp.a(fsl_reset.c.obj)
                0x0000000018004d60                RESET_ClearPeripheralReset
 .text.z_fatal_error
                0x0000000018004dd4       0x30 zephyr/kernel/libkernel.a(fatal.c.obj)
                0x0000000018004dd4                z_fatal_error
 .text.z_sys_init_run_level
                0x0000000018004e04       0x30 zephyr/kernel/libkernel.a(init.c.obj)
 .text.bg_thread_main
                0x0000000018004e34       0xc0 zephyr/kernel/libkernel.a(init.c.obj)
 .text.z_bss_zero
                0x0000000018004ef4       0x18 zephyr/kernel/libkernel.a(init.c.obj)
                0x0000000018004ef4                z_bss_zero
 .text.z_init_cpu
                0x0000000018004f0c       0x68 zephyr/kernel/libkernel.a(init.c.obj)
                0x0000000018004f0c                z_init_cpu
 .text.z_cstart
                0x0000000018004f74       0xf4 zephyr/kernel/libkernel.a(init.c.obj)
                0x0000000018004f74                z_cstart
 .text.z_impl_k_msgq_get
                0x0000000018005068       0xc4 zephyr/kernel/libkernel.a(msg_q.c.obj)
                0x0000000018005068                z_impl_k_msgq_get
 .text.z_impl_k_mutex_lock
                0x000000001800512c       0xf0 zephyr/kernel/libkernel.a(mutex.c.obj)
                0x000000001800512c                z_impl_k_mutex_lock
 .text.z_impl_k_mutex_unlock
                0x000000001800521c       0xa0 zephyr/kernel/libkernel.a(mutex.c.obj)
                0x000000001800521c                z_impl_k_mutex_unlock
 .text.z_impl_k_sem_give
                0x00000000180052bc       0x68 zephyr/kernel/libkernel.a(sem.c.obj)
                0x00000000180052bc                z_impl_k_sem_give
 .text.z_impl_k_sem_take
                0x0000000018005324       0x4c zephyr/kernel/libkernel.a(sem.c.obj)
                0x0000000018005324                z_impl_k_sem_take
 .text.z_setup_new_thread
                0x0000000018005370       0x7c zephyr/kernel/libkernel.a(thread.c.obj)
                0x0000000018005370                z_setup_new_thread
 .text.z_dummy_thread_init
                0x00000000180053ec       0x20 zephyr/kernel/libkernel.a(thread.c.obj)
                0x00000000180053ec                z_dummy_thread_init
 .text.z_swap_irqlock
                0x000000001800540c       0x30 zephyr/kernel/libkernel.a(sched.c.obj)
 .text.ready_thread
                0x000000001800543c       0x84 zephyr/kernel/libkernel.a(sched.c.obj)
 .text.unready_thread
                0x00000000180054c0       0x54 zephyr/kernel/libkernel.a(sched.c.obj)
 .text.add_thread_timeout
                0x0000000018005514       0x1c zephyr/kernel/libkernel.a(sched.c.obj)
 .text.move_thread_to_end_of_prio_q
                0x0000000018005530       0x90 zephyr/kernel/libkernel.a(sched.c.obj)
                0x0000000018005530                move_thread_to_end_of_prio_q
 .text.z_pend_curr
                0x00000000180055c0       0x44 zephyr/kernel/libkernel.a(sched.c.obj)
                0x00000000180055c0                z_pend_curr
 .text.z_thread_prio_set
                0x0000000018005604       0xe4 zephyr/kernel/libkernel.a(sched.c.obj)
                0x0000000018005604                z_thread_prio_set
 .text.z_reschedule
                0x00000000180056e8       0x24 zephyr/kernel/libkernel.a(sched.c.obj)
                0x00000000180056e8                z_reschedule
 .text.z_reschedule_irqlock
                0x000000001800570c       0x28 zephyr/kernel/libkernel.a(sched.c.obj)
                0x000000001800570c                z_reschedule_irqlock
 .text.k_sched_lock
                0x0000000018005734       0x28 zephyr/kernel/libkernel.a(sched.c.obj)
                0x0000000018005734                k_sched_lock
 .text.k_sched_unlock
                0x000000001800575c       0x68 zephyr/kernel/libkernel.a(sched.c.obj)
                0x000000001800575c                k_sched_unlock
 .text.z_sched_init
                0x00000000180057c4       0x10 zephyr/kernel/libkernel.a(sched.c.obj)
                0x00000000180057c4                z_sched_init
 .text.z_impl_k_yield
                0x00000000180057d4       0x88 zephyr/kernel/libkernel.a(sched.c.obj)
                0x00000000180057d4                z_impl_k_yield
 .text.z_tick_sleep
                0x000000001800585c       0x78 zephyr/kernel/libkernel.a(sched.c.obj)
 .text.z_impl_k_wakeup
                0x00000000180058d4       0x48 zephyr/kernel/libkernel.a(sched.c.obj)
                0x00000000180058d4                z_impl_k_wakeup
 .text.z_impl_k_sched_current_thread_query
                0x000000001800591c        0xc zephyr/kernel/libkernel.a(sched.c.obj)
                0x000000001800591c                z_impl_k_sched_current_thread_query
 .text.z_thread_abort
                0x0000000018005928      0x140 zephyr/kernel/libkernel.a(sched.c.obj)
                0x0000000018005928                z_thread_abort
 .text.slice_timeout
                0x0000000018005a68       0x20 zephyr/kernel/libkernel.a(timeslicing.c.obj)
 .text.thread_is_sliceable
                0x0000000018005a88       0x3c zephyr/kernel/libkernel.a(timeslicing.c.obj)
                0x0000000018005a88                thread_is_sliceable
 .text.z_reset_time_slice
                0x0000000018005ac4       0x50 zephyr/kernel/libkernel.a(timeslicing.c.obj)
                0x0000000018005ac4                z_reset_time_slice
 .text.z_time_slice
                0x0000000018005b14       0x60 zephyr/kernel/libkernel.a(timeslicing.c.obj)
                0x0000000018005b14                z_time_slice
 .text.z_data_copy
                0x0000000018005b74       0x38 zephyr/kernel/libkernel.a(xip.c.obj)
                0x0000000018005b74                z_data_copy
 .text.first    0x0000000018005bac       0x10 zephyr/kernel/libkernel.a(timeout.c.obj)
 .text.elapsed  0x0000000018005bbc       0x14 zephyr/kernel/libkernel.a(timeout.c.obj)
 .text.remove_timeout
                0x0000000018005bd0       0x38 zephyr/kernel/libkernel.a(timeout.c.obj)
 .text.z_add_timeout
                0x0000000018005c08      0x120 zephyr/kernel/libkernel.a(timeout.c.obj)
                0x0000000018005c08                z_add_timeout
 .text.sys_clock_announce
                0x0000000018005d28       0xbc zephyr/kernel/libkernel.a(timeout.c.obj)
                0x0000000018005d28                sys_clock_announce
 .text.sys_clock_tick_get
                0x0000000018005de4       0x30 zephyr/kernel/libkernel.a(timeout.c.obj)
                0x0000000018005de4                sys_clock_tick_get
 .text.z_timer_expiration_handler
                0x0000000018005e14      0x110 zephyr/kernel/libkernel.a(timer.c.obj)
                0x0000000018005e14                z_timer_expiration_handler
 .text.z_impl_k_timer_start
                0x0000000018005f24       0x70 zephyr/kernel/libkernel.a(timer.c.obj)
                0x0000000018005f24                z_impl_k_timer_start
 .text.k_thread_system_pool_assign
                0x0000000018005f94        0xc zephyr/kernel/libkernel.a(mempool.c.obj)
                0x0000000018005f94                k_thread_system_pool_assign
 .text.boot_banner
                0x0000000018005fa0        0xc zephyr/kernel/libkernel.a(banner.c.obj)
                0x0000000018005fa0                boot_banner
 .text.statics_init
                0x0000000018005fac       0x24 zephyr/kernel/libkernel.a(kheap.c.obj)
 .text.__l_vfprintf
                0x0000000018005fd0      0x4b4 /home/wis3re/zephyr-sdk-0.17.4/arm-zephyr-eabi/bin/../lib/gcc/../../picolibc/arm-zephyr-eabi/lib/thumb/v8-m.main/nofp/libc.a(libc_tinystdio_vflprintf.c.o)
                0x0000000018005fd0                __l_vfprintf
 .text._OffsetAbsSyms
                0x0000000018006484        0x2 zephyr/CMakeFiles/offsets.dir/./arch/arm/core/offsets/offsets.c.obj
                0x0000000018006484                _OffsetAbsSyms
 .text.calculate_crc8
                0x0000000018006486       0x30 app/libapp.a(dbus_app_layer.c.obj)
 .text.chunk_field
                0x00000000180064b6       0x16 zephyr/libzephyr.a(heap.c.obj)
 .text.chunk_set
                0x00000000180064cc       0x16 zephyr/libzephyr.a(heap.c.obj)
 .text.chunk_size
                0x00000000180064e2        0xc zephyr/libzephyr.a(heap.c.obj)
 .text.set_chunk_used
                0x00000000180064ee       0x30 zephyr/libzephyr.a(heap.c.obj)
 .text.set_chunk_size
                0x000000001800651e        0x8 zephyr/libzephyr.a(heap.c.obj)
 .text.bucket_idx
                0x0000000018006526       0x1e zephyr/libzephyr.a(heap.c.obj)
 .text.free_list_add
                0x0000000018006544       0x84 zephyr/libzephyr.a(heap.c.obj)
 .text.sys_heap_init
                0x00000000180065c8       0xb0 zephyr/libzephyr.a(heap.c.obj)
                0x00000000180065c8                sys_heap_init
 .text.arch_printk_char_out
                0x0000000018006678        0x4 zephyr/libzephyr.a(printk.c.obj)
                0x0000000018006678                arch_printk_char_out
 .text.printk   0x000000001800667c       0x1a zephyr/libzephyr.a(printk.c.obj)
                0x000000001800667c                printk
 .text._ConfigAbsSyms
                0x0000000018006696        0x2 zephyr/libzephyr.a(configs.c.obj)
                0x0000000018006696                _ConfigAbsSyms
 .text.soc_reset_hook
                0x0000000018006698        0x4 zephyr/libzephyr.a(soc.c.obj)
                0x0000000018006698                soc_reset_hook
 .text.z_do_kernel_oops
                0x000000001800669c        0x8 zephyr/arch/arch/arm/core/libarch__arm__core.a(fatal.c.obj)
                0x000000001800669c                z_do_kernel_oops
 .text.z_arm_nmi
                0x00000000180066a4        0xe zephyr/arch/arch/arm/core/libarch__arm__core.a(nmi.c.obj)
                0x00000000180066a4                z_arm_nmi
 .text.z_irq_spurious
                0x00000000180066b2        0x8 zephyr/arch/arch/arm/core/cortex_m/libarch__arm__core__cortex_m.a(irq_manage.c.obj)
                0x00000000180066b2                z_irq_spurious
 .text.configure_builtin_stack_guard
                0x00000000180066ba        0x8 zephyr/arch/arch/arm/core/cortex_m/libarch__arm__core__cortex_m.a(thread.c.obj)
                0x00000000180066ba                configure_builtin_stack_guard
 .text.arch_coprocessors_disable
                0x00000000180066c2        0x6 zephyr/arch/arch/arm/core/cortex_m/libarch__arm__core__cortex_m.a(thread.c.obj)
                0x00000000180066c2                arch_coprocessors_disable
 .text.arch_irq_unlock_outlined
                0x00000000180066c8        0xe zephyr/arch/arch/arm/core/cortex_m/libarch__arm__core__cortex_m.a(thread.c.obj)
                0x00000000180066c8                arch_irq_unlock_outlined
 .text.arch_cpu_idle
                0x00000000180066d6       0x1a zephyr/arch/arch/arm/core/cortex_m/libarch__arm__core__cortex_m.a(cpu_idle.c.obj)
                0x00000000180066d6                arch_cpu_idle
 .text.arm_cmse_mpu_region_get
                0x00000000180066f0       0x12 zephyr/arch/arch/arm/core/cortex_m/cmse/libarch__arm__core__cortex_m__cmse.a(arm_core_cmse.c.obj)
                0x00000000180066f0                arm_cmse_mpu_region_get
 .text.mpu_configure_region
                0x0000000018006702       0x32 zephyr/arch/arch/arm/core/mpu/libarch__arm__core__mpu.a(arm_mpu.c.obj)
 .text.picolibc_put
                0x0000000018006734        0xa zephyr/lib/libc/picolibc/liblib__libc__picolibc.a(stdio.c.obj)
 .text.board_early_init_hook
                0x000000001800673e       0x14 zephyr/boards/nxp/frdm_rw612/libboards__nxp__frdm_rw612.a(init.c.obj)
                0x000000001800673e                board_early_init_hook
 .text.mcux_lpc_syscon_clock_control_on
                0x0000000018006752        0x4 zephyr/drivers/clock_control/libdrivers__clock_control.a(clock_control_mcux_syscon.c.obj)
 .text.mcux_lpc_syscon_clock_control_set_subsys_rate
                0x0000000018006756        0x6 zephyr/drivers/clock_control/libdrivers__clock_control.a(clock_control_mcux_syscon.c.obj)
 .text.mcux_lpc_syscon_clock_control_get_subsys_rate
                0x000000001800675c       0x6e zephyr/drivers/clock_control/libdrivers__clock_control.a(clock_control_mcux_syscon.c.obj)
 .text.mcux_lpc_syscon_clock_control_off
                0x00000000180067ca        0x4 zephyr/drivers/clock_control/libdrivers__clock_control.a(clock_control_mcux_syscon.c.obj)
 .text.gpio_mcux_lpc_port_get_raw
                0x00000000180067ce       0x14 zephyr/drivers/gpio/libdrivers__gpio.a(gpio_mcux_lpc.c.obj)
 .text.gpio_mcux_lpc_port_set_masked_raw
                0x00000000180067e2       0x20 zephyr/drivers/gpio/libdrivers__gpio.a(gpio_mcux_lpc.c.obj)
 .text.gpio_mcux_lpc_port_set_bits_raw
                0x0000000018006802       0x12 zephyr/drivers/gpio/libdrivers__gpio.a(gpio_mcux_lpc.c.obj)
 .text.gpio_mcux_lpc_port_clear_bits_raw
                0x0000000018006814       0x12 zephyr/drivers/gpio/libdrivers__gpio.a(gpio_mcux_lpc.c.obj)
 .text.gpio_mcux_lpc_port_toggle_bits
                0x0000000018006826       0x12 zephyr/drivers/gpio/libdrivers__gpio.a(gpio_mcux_lpc.c.obj)
 .text.gpio_mcux_lpc_manage_cb
                0x0000000018006838       0x52 zephyr/drivers/gpio/libdrivers__gpio.a(gpio_mcux_lpc.c.obj)
 .text.gpio_mcux_lpc_configure
                0x000000001800688a       0x8a zephyr/drivers/gpio/libdrivers__gpio.a(gpio_mcux_lpc.c.obj)
 .text.gpio_fire_callbacks.isra.0
                0x0000000018006914       0x2a zephyr/drivers/gpio/libdrivers__gpio.a(gpio_mcux_lpc.c.obj)
 .text.gpio_mcux_lpc_pint_cb
                0x000000001800693e       0x14 zephyr/drivers/gpio/libdrivers__gpio.a(gpio_mcux_lpc.c.obj)
 .text.gpio_mcux_lpc_init.isra.0
                0x0000000018006952       0x2a zephyr/drivers/gpio/libdrivers__gpio.a(gpio_mcux_lpc.c.obj)
 .text.lpc_gpio_init_0
                0x000000001800697c        0xa zephyr/drivers/gpio/libdrivers__gpio.a(gpio_mcux_lpc.c.obj)
 .text.lpc_gpio_init_1
                0x0000000018006986        0xa zephyr/drivers/gpio/libdrivers__gpio.a(gpio_mcux_lpc.c.obj)
 .text.pinctrl_lookup_state
                0x0000000018006990       0x26 zephyr/drivers/pinctrl/libdrivers__pinctrl.a(common.c.obj)
                0x0000000018006990                pinctrl_lookup_state
 .text.reset_nxp_rstctl_status
                0x00000000180069b6       0x22 zephyr/drivers/reset/libdrivers__reset.a(reset_nxp_rstctl.c.obj)
 .text.reset_nxp_rstctl_line_assert
                0x00000000180069d8       0x14 zephyr/drivers/reset/libdrivers__reset.a(reset_nxp_rstctl.c.obj)
 .text.reset_nxp_rstctl_line_deassert
                0x00000000180069ec       0x14 zephyr/drivers/reset/libdrivers__reset.a(reset_nxp_rstctl.c.obj)
 .text.reset_nxp_rstctl_line_toggle
                0x0000000018006a00       0x2c zephyr/drivers/reset/libdrivers__reset.a(reset_nxp_rstctl.c.obj)
 .text.USART_GetStatusFlags
                0x0000000018006a2c       0x24 zephyr/drivers/serial/libdrivers__serial.a(uart_mcux_flexcomm.c.obj)
 .text.mcux_flexcomm_poll_in
                0x0000000018006a50       0x20 zephyr/drivers/serial/libdrivers__serial.a(uart_mcux_flexcomm.c.obj)
 .text.mcux_flexcomm_poll_out
                0x0000000018006a70       0x22 zephyr/drivers/serial/libdrivers__serial.a(uart_mcux_flexcomm.c.obj)
 .text.mcux_flexcomm_err_check
                0x0000000018006a92       0x32 zephyr/drivers/serial/libdrivers__serial.a(uart_mcux_flexcomm.c.obj)
 .text.mcux_flexcomm_fifo_fill
                0x0000000018006ac4       0x32 zephyr/drivers/serial/libdrivers__serial.a(uart_mcux_flexcomm.c.obj)
 .text.mcux_flexcomm_fifo_read
                0x0000000018006af6       0x32 zephyr/drivers/serial/libdrivers__serial.a(uart_mcux_flexcomm.c.obj)
 .text.mcux_flexcomm_irq_tx_complete
                0x0000000018006b28        0xc zephyr/drivers/serial/libdrivers__serial.a(uart_mcux_flexcomm.c.obj)
 .text.mcux_flexcomm_irq_tx_ready
                0x0000000018006b34       0x22 zephyr/drivers/serial/libdrivers__serial.a(uart_mcux_flexcomm.c.obj)
 .text.mcux_flexcomm_irq_rx_disable
                0x0000000018006b56       0x10 zephyr/drivers/serial/libdrivers__serial.a(uart_mcux_flexcomm.c.obj)
 .text.mcux_flexcomm_irq_rx_full
                0x0000000018006b66       0x10 zephyr/drivers/serial/libdrivers__serial.a(uart_mcux_flexcomm.c.obj)
 .text.mcux_flexcomm_irq_update
                0x0000000018006b76        0x4 zephyr/drivers/serial/libdrivers__serial.a(uart_mcux_flexcomm.c.obj)
 .text.mcux_flexcomm_irq_callback_set
                0x0000000018006b7a        0x8 zephyr/drivers/serial/libdrivers__serial.a(uart_mcux_flexcomm.c.obj)
 .text.mcux_flexcomm_uart_config_get
                0x0000000018006b82       0x10 zephyr/drivers/serial/libdrivers__serial.a(uart_mcux_flexcomm.c.obj)
 .text.mcux_flexcomm_isr
                0x0000000018006b92        0xc zephyr/drivers/serial/libdrivers__serial.a(uart_mcux_flexcomm.c.obj)
 .text.mcux_flexcomm_irq_config_func_0
                0x0000000018006b9e       0x16 zephyr/drivers/serial/libdrivers__serial.a(uart_mcux_flexcomm.c.obj)
 .text.mcux_flexcomm_irq_err_disable
                0x0000000018006bb4       0x12 zephyr/drivers/serial/libdrivers__serial.a(uart_mcux_flexcomm.c.obj)
 .text.mcux_flexcomm_irq_tx_enable
                0x0000000018006bc6       0x10 zephyr/drivers/serial/libdrivers__serial.a(uart_mcux_flexcomm.c.obj)
 .text.mcux_flexcomm_irq_tx_disable
                0x0000000018006bd6       0x10 zephyr/drivers/serial/libdrivers__serial.a(uart_mcux_flexcomm.c.obj)
 .text.mcux_flexcomm_irq_rx_enable
                0x0000000018006be6       0x10 zephyr/drivers/serial/libdrivers__serial.a(uart_mcux_flexcomm.c.obj)
 .text.mcux_flexcomm_irq_err_enable
                0x0000000018006bf6       0x12 zephyr/drivers/serial/libdrivers__serial.a(uart_mcux_flexcomm.c.obj)
 .text.mcux_flexcomm_irq_is_pending
                0x0000000018006c08       0x2c zephyr/drivers/serial/libdrivers__serial.a(uart_mcux_flexcomm.c.obj)
 .text.spi_context_get_next_buf
                0x0000000018006c34       0x2c zephyr/drivers/spi/libdrivers__spi.a(spi_mcux_flexcomm.c.obj)
 .text.spi_mcux_config_func_0
                0x0000000018006c60       0x16 zephyr/drivers/spi/libdrivers__spi.a(spi_mcux_flexcomm.c.obj)
 .text.spi_mcux_isr
                0x0000000018006c76        0xc zephyr/drivers/spi/libdrivers__spi.a(spi_mcux_flexcomm.c.obj)
 .text.spi_mcux_init
                0x0000000018006c82       0x58 zephyr/drivers/spi/libdrivers__spi.a(spi_mcux_flexcomm.c.obj)
 .text.spi_mcux_release
                0x0000000018006cda       0x14 zephyr/drivers/spi/libdrivers__spi.a(spi_mcux_flexcomm.c.obj)
 .text.spi_mcux_transfer_next_packet
                0x0000000018006cee       0x90 zephyr/drivers/spi/libdrivers__spi.a(spi_mcux_flexcomm.c.obj)
 .text.spi_mcux_transfer_callback
                0x0000000018006d7e       0x8e zephyr/drivers/spi/libdrivers__spi.a(spi_mcux_flexcomm.c.obj)
 .text.INPUTMUX_Init
                0x0000000018006e0c        0x8 modules/hal_nxp/libmodules__hal_nxp.a(fsl_inputmux.c.obj)
                0x0000000018006e0c                INPUTMUX_Init
 .text.INPUTMUX_AttachSignal
                0x0000000018006e14        0xe modules/hal_nxp/libmodules__hal_nxp.a(fsl_inputmux.c.obj)
                0x0000000018006e14                INPUTMUX_AttachSignal
 .text.INPUTMUX_Deinit
                0x0000000018006e22        0x8 modules/hal_nxp/libmodules__hal_nxp.a(fsl_inputmux.c.obj)
                0x0000000018006e22                INPUTMUX_Deinit
 .text.GPIO_SetPinInterruptConfig
                0x0000000018006e2a       0x36 modules/hal_nxp/libmodules__hal_nxp.a(fsl_gpio.c.obj)
                0x0000000018006e2a                GPIO_SetPinInterruptConfig
 .text.GPIO_PinEnableInterrupt
                0x0000000018006e60       0x36 modules/hal_nxp/libmodules__hal_nxp.a(fsl_gpio.c.obj)
                0x0000000018006e60                GPIO_PinEnableInterrupt
 .text.GPIO_PinDisableInterrupt
                0x0000000018006e96       0x3a modules/hal_nxp/libmodules__hal_nxp.a(fsl_gpio.c.obj)
                0x0000000018006e96                GPIO_PinDisableInterrupt
 .text.OSTIMER_HandleIRQ
                0x0000000018006ed0       0x10 modules/hal_nxp/libmodules__hal_nxp.a(fsl_ostimer.c.obj)
                0x0000000018006ed0                OSTIMER_HandleIRQ
 .text.OSTIMER_Init
                0x0000000018006ee0       0x16 modules/hal_nxp/libmodules__hal_nxp.a(fsl_ostimer.c.obj)
                0x0000000018006ee0                OSTIMER_Init
 .text.OSTIMER_GetCurrentTimerValue
                0x0000000018006ef6       0x20 modules/hal_nxp/libmodules__hal_nxp.a(fsl_ostimer.c.obj)
                0x0000000018006ef6                OSTIMER_GetCurrentTimerValue
 .text.OSTIMER_SetMatchValue
                0x0000000018006f16       0x10 modules/hal_nxp/libmodules__hal_nxp.a(fsl_ostimer.c.obj)
                0x0000000018006f16                OSTIMER_SetMatchValue
 .text.PINT_PinInterruptClrStatus
                0x0000000018006f26       0x16 modules/hal_nxp/libmodules__hal_nxp.a(fsl_pint.c.obj)
                0x0000000018006f26                PINT_PinInterruptClrStatus
 .text.SPI_SlaveTransferHandleIRQ
                0x0000000018006f3c        0x4 modules/hal_nxp/libmodules__hal_nxp.a(fsl_spi.c.obj)
 .text.SPI_SlaveGetDefaultConfig
                0x0000000018006f40       0x16 modules/hal_nxp/libmodules__hal_nxp.a(fsl_spi.c.obj)
                0x0000000018006f40                SPI_SlaveGetDefaultConfig
 .text.SPI_MasterSetBaud
                0x0000000018006f56       0x44 modules/hal_nxp/libmodules__hal_nxp.a(fsl_spi.c.obj)
                0x0000000018006f56                SPI_MasterSetBaud
 .text.SPI_MasterTransferNonBlocking
                0x0000000018006f9a       0x82 modules/hal_nxp/libmodules__hal_nxp.a(fsl_spi.c.obj)
                0x0000000018006f9a                SPI_MasterTransferNonBlocking
 .text.USART_Deinit
                0x000000001800701c       0x2e modules/hal_nxp/libmodules__hal_nxp.a(fsl_usart.c.obj)
                0x000000001800701c                USART_Deinit
 .text.USART_GetDefaultConfig
                0x000000001800704a       0x1e modules/hal_nxp/libmodules__hal_nxp.a(fsl_usart.c.obj)
                0x000000001800704a                USART_GetDefaultConfig
 .text.USART_SetBaudRate
                0x0000000018007068       0xb6 modules/hal_nxp/libmodules__hal_nxp.a(fsl_usart.c.obj)
                0x0000000018007068                USART_SetBaudRate
 .text.USART_Init
                0x000000001800711e      0x140 modules/hal_nxp/libmodules__hal_nxp.a(fsl_usart.c.obj)
                0x000000001800711e                USART_Init
 .text.USART_Enable9bitMode
                0x000000001800725e       0x1e modules/hal_nxp/libmodules__hal_nxp.a(fsl_usart.c.obj)
                0x000000001800725e                USART_Enable9bitMode
 .text.SystemInitHook
                0x000000001800727c        0x2 modules/hal_nxp/libmodules__hal_nxp.a(system_RW612.c.obj)
                0x000000001800727c                SystemInitHook
 .text.CLOCK_Delay
                0x000000001800727e        0xa modules/hal_nxp/libmodules__hal_nxp.a(fsl_clock.c.obj)
 .text.CLOCK_GetTcpuMciClkFreq
                0x0000000018007288        0xe modules/hal_nxp/libmodules__hal_nxp.a(fsl_clock.c.obj)
                0x0000000018007288                CLOCK_GetTcpuMciClkFreq
 .text.CLOCK_SetClkDiv
                0x0000000018007296       0x38 modules/hal_nxp/libmodules__hal_nxp.a(fsl_clock.c.obj)
                0x0000000018007296                CLOCK_SetClkDiv
 .text.RESET_PeripheralReset
                0x00000000180072ce       0x12 modules/hal_nxp/libmodules__hal_nxp.a(fsl_reset.c.obj)
                0x00000000180072ce                RESET_PeripheralReset
 .text.z_device_state_init
                0x00000000180072e0        0x2 zephyr/kernel/libkernel.a(device.c.obj)
                0x00000000180072e0                z_device_state_init
 .text.z_impl_device_is_ready
                0x00000000180072e2       0x16 zephyr/kernel/libkernel.a(device.c.obj)
                0x00000000180072e2                z_impl_device_is_ready
 .text.arch_system_halt
                0x00000000180072f8       0x10 zephyr/kernel/libkernel.a(fatal.c.obj)
                0x00000000180072f8                arch_system_halt
 .text.k_sys_fatal_error_handler
                0x0000000018007308        0x6 zephyr/kernel/libkernel.a(fatal.c.obj)
                0x0000000018007308                k_sys_fatal_error_handler
 .text.do_device_init
                0x000000001800730e       0x2e zephyr/kernel/libkernel.a(init.c.obj)
 .text.z_early_memset
                0x000000001800733c        0x4 zephyr/kernel/libkernel.a(init.c.obj)
                0x000000001800733c                z_early_memset
 .text.z_early_memcpy
                0x0000000018007340        0x4 zephyr/kernel/libkernel.a(init.c.obj)
                0x0000000018007340                z_early_memcpy
 .text.idle     0x0000000018007344       0x16 zephyr/kernel/libkernel.a(idle.c.obj)
                0x0000000018007344                idle
 .text.unpend_thread_no_timeout
                0x000000001800735a       0x1a zephyr/kernel/libkernel.a(msg_q.c.obj)
 .text.adjust_owner_prio.isra.0
                0x0000000018007374       0x10 zephyr/kernel/libkernel.a(mutex.c.obj)
 .text.z_impl_k_mutex_init
                0x0000000018007384        0xe zephyr/kernel/libkernel.a(mutex.c.obj)
                0x0000000018007384                z_impl_k_mutex_init
 .text.sys_dlist_remove
                0x0000000018007392       0x10 zephyr/kernel/libkernel.a(sched.c.obj)
 .text.unpend_thread_no_timeout
                0x00000000180073a2       0x14 zephyr/kernel/libkernel.a(sched.c.obj)
 .text.add_to_waitq_locked
                0x00000000180073b6       0x50 zephyr/kernel/libkernel.a(sched.c.obj)
 .text.z_ready_thread
                0x0000000018007406       0x1e zephyr/kernel/libkernel.a(sched.c.obj)
                0x0000000018007406                z_ready_thread
 .text.z_unpend_thread_no_timeout
                0x0000000018007424       0x22 zephyr/kernel/libkernel.a(sched.c.obj)
                0x0000000018007424                z_unpend_thread_no_timeout
 .text.z_sched_wake_thread
                0x0000000018007446       0x3a zephyr/kernel/libkernel.a(sched.c.obj)
                0x0000000018007446                z_sched_wake_thread
 .text.z_thread_timeout
                0x0000000018007480        0x8 zephyr/kernel/libkernel.a(sched.c.obj)
                0x0000000018007480                z_thread_timeout
 .text.z_unpend1_no_timeout
                0x0000000018007488       0x2c zephyr/kernel/libkernel.a(sched.c.obj)
                0x0000000018007488                z_unpend1_no_timeout
 .text.z_impl_k_sleep
                0x00000000180074b4       0x50 zephyr/kernel/libkernel.a(sched.c.obj)
                0x00000000180074b4                z_impl_k_sleep
 .text.next_timeout
                0x0000000018007504       0x2e zephyr/kernel/libkernel.a(timeout.c.obj)
 .text.z_abort_timeout
                0x0000000018007532       0x50 zephyr/kernel/libkernel.a(timeout.c.obj)
                0x0000000018007532                z_abort_timeout
 .text.sys_clock_tick_get_32
                0x0000000018007582        0x8 zephyr/kernel/libkernel.a(timeout.c.obj)
                0x0000000018007582                sys_clock_tick_get_32
 .text.z_impl_k_uptime_ticks
                0x000000001800758a        0x4 zephyr/kernel/libkernel.a(timeout.c.obj)
                0x000000001800758a                z_impl_k_uptime_ticks
 .text.k_timer_init
                0x000000001800758e       0x18 zephyr/kernel/libkernel.a(timer.c.obj)
                0x000000001800758e                k_timer_init
 .text.z_impl_k_timer_stop
                0x00000000180075a6       0x38 zephyr/kernel/libkernel.a(timer.c.obj)
                0x00000000180075a6                z_impl_k_timer_stop
 .text.k_heap_init
                0x00000000180075de       0x10 zephyr/kernel/libkernel.a(kheap.c.obj)
                0x00000000180075de                k_heap_init
 .text.memset   0x00000000180075ee       0x10 /home/wis3re/zephyr-sdk-0.17.4/arm-zephyr-eabi/bin/../lib/gcc/../../picolibc/arm-zephyr-eabi/lib/thumb/v8-m.main/nofp/libc.a(memset.c.o)
                0x00000000180075ee                memset
 .text.strnlen  0x00000000180075fe       0x18 /home/wis3re/zephyr-sdk-0.17.4/arm-zephyr-eabi/bin/../lib/gcc/../../picolibc/arm-zephyr-eabi/lib/thumb/v8-m.main/nofp/libc.a(libc_string_strnlen.c.o)
                0x00000000180075fe                strnlen
 .text.__ultoa_invert
                0x0000000018007616       0xac /home/wis3re/zephyr-sdk-0.17.4/arm-zephyr-eabi/bin/../lib/gcc/../../picolibc/arm-zephyr-eabi/lib/thumb/v8-m.main/nofp/libc.a(libc_tinystdio_vflprintf.c.o)
 *(SORT_BY_ALIGNMENT(.TEXT.*))
 *fill*         0x00000000180076c2        0x2 
 .TEXT.__aeabi_read_tp
                0x00000000180076c4        0xc zephyr/arch/arch/arm/core/cortex_m/libarch__arm__core__cortex_m.a(__aeabi_read_tp.S.obj)
                0x00000000180076c4                __aeabi_read_tp
 .TEXT.__aeabi_read_tp.__stub
                0x00000000180076d0        0x8 linker stubs
 *(SORT_BY_ALIGNMENT(.gnu.linkonce.t.*))
 *(SORT_BY_ALIGNMENT(.glue_7t))
 .glue_7t       0x00000000180076d8        0x0 linker stubs
 *(SORT_BY_ALIGNMENT(.glue_7))
 .glue_7        0x00000000180076d8        0x0 linker stubs
 *(SORT_BY_ALIGNMENT(.vfp11_veneer))
 .vfp11_veneer  0x00000000180076d8        0x0 linker stubs
 *(SORT_BY_ALIGNMENT(.v4_bx))
 .v4_bx         0x00000000180076d8        0x0 linker stubs
                0x00000000180076d8                . = ALIGN (0x4)
                0x00000000180076d8                __text_region_end = .

.ARM.exidx      0x00000000180076d8        0x8
                0x00000000180076d8                __exidx_start = .
 *(SORT_BY_ALIGNMENT(.ARM.exidx*) SORT_BY_ALIGNMENT(gnu.linkonce.armexidx.*))
 .ARM.exidx     0x00000000180076d8        0x8 /home/wis3re/zephyr-sdk-0.17.4/arm-zephyr-eabi/bin/../lib/gcc/arm-zephyr-eabi/12.2.0/thumb/v8-m.main/nofp/libgcc.a(_udivmoddi4.o)
                0x00000000180076e0                __exidx_end = .
                0x00000000180076e0                __rodata_region_start = .

initlevel       0x00000000180076e0       0x68
                0x00000000180076e0                __init_start = .
                0x00000000180076e0                __init_EARLY_start = .
 *(SORT_BY_NAME(SORT_BY_ALIGNMENT(.z_init_EARLY_P_?_*)))
 *(SORT_BY_NAME(SORT_BY_ALIGNMENT(.z_init_EARLY_P_??_*)))
 *(SORT_BY_NAME(SORT_BY_ALIGNMENT(.z_init_EARLY_P_???_*)))
                0x00000000180076e0                __init_PRE_KERNEL_1_start = .
 *(SORT_BY_NAME(SORT_BY_ALIGNMENT(.z_init_PRE_KERNEL_1_P_?_*)))
 *(SORT_BY_NAME(SORT_BY_ALIGNMENT(.z_init_PRE_KERNEL_1_P_??_*)))
 .z_init_PRE_KERNEL_1_P_30_SUB_00026_
                0x00000000180076e0        0x8 zephyr/drivers/clock_control/libdrivers__clock_control.a(clock_control_mcux_syscon.c.obj)
 .z_init_PRE_KERNEL_1_P_30_SUB_00028_
                0x00000000180076e8        0x8 zephyr/drivers/clock_control/libdrivers__clock_control.a(clock_control_mcux_syscon.c.obj)
 .z_init_PRE_KERNEL_1_P_30_SUB_0_
                0x00000000180076f0        0x8 zephyr/kernel/libkernel.a(kheap.c.obj)
 .z_init_PRE_KERNEL_1_P_35_SUB_00034_
                0x00000000180076f8        0x8 zephyr/drivers/reset/libdrivers__reset.a(reset_nxp_rstctl.c.obj)
 .z_init_PRE_KERNEL_1_P_35_SUB_00099_
                0x0000000018007700        0x8 zephyr/drivers/reset/libdrivers__reset.a(reset_nxp_rstctl.c.obj)
 .z_init_PRE_KERNEL_1_P_40_SUB_00019_
                0x0000000018007708        0x8 zephyr/drivers/gpio/libdrivers__gpio.a(gpio_mcux_lpc.c.obj)
 .z_init_PRE_KERNEL_1_P_40_SUB_00048_
                0x0000000018007710        0x8 zephyr/drivers/interrupt_controller/libdrivers__interrupt_controller.a(intc_nxp_pint.c.obj)
 .z_init_PRE_KERNEL_1_P_40_SUB_00069_
                0x0000000018007718        0x8 zephyr/drivers/gpio/libdrivers__gpio.a(gpio_mcux_lpc.c.obj)
 .z_init_PRE_KERNEL_1_P_50_SUB_00040_
                0x0000000018007720        0x8 zephyr/drivers/serial/libdrivers__serial.a(uart_mcux_flexcomm.c.obj)
 .z_init_PRE_KERNEL_1_P_60_SUB_0_
                0x0000000018007728        0x8 zephyr/drivers/console/libdrivers__console.a(uart_console.c.obj)
 *(SORT_BY_NAME(SORT_BY_ALIGNMENT(.z_init_PRE_KERNEL_1_P_???_*)))
                0x0000000018007730                __init_PRE_KERNEL_2_start = .
 *(SORT_BY_NAME(SORT_BY_ALIGNMENT(.z_init_PRE_KERNEL_2_P_?_*)))
 .z_init_PRE_KERNEL_2_P_0_SUB_0_
                0x0000000018007730        0x8 zephyr/drivers/timer/libdrivers__timer.a(mcux_os_timer.c.obj)
 *(SORT_BY_NAME(SORT_BY_ALIGNMENT(.z_init_PRE_KERNEL_2_P_??_*)))
 *(SORT_BY_NAME(SORT_BY_ALIGNMENT(.z_init_PRE_KERNEL_2_P_???_*)))
                0x0000000018007738                __init_POST_KERNEL_start = .
 *(SORT_BY_NAME(SORT_BY_ALIGNMENT(.z_init_POST_KERNEL_P_?_*)))
 *(SORT_BY_NAME(SORT_BY_ALIGNMENT(.z_init_POST_KERNEL_P_??_*)))
 .z_init_POST_KERNEL_P_35_SUB_0_
                0x0000000018007738        0x8 zephyr/lib/libc/common/liblib__libc__common.a(malloc.c.obj)
 .z_init_POST_KERNEL_P_50_SUB_00038_
                0x0000000018007740        0x8 zephyr/drivers/spi/libdrivers__spi.a(spi_mcux_flexcomm.c.obj)
 *(SORT_BY_NAME(SORT_BY_ALIGNMENT(.z_init_POST_KERNEL_P_???_*)))
                0x0000000018007748                __init_APPLICATION_start = .
 *(SORT_BY_NAME(SORT_BY_ALIGNMENT(.z_init_APPLICATION_P_?_*)))
 *(SORT_BY_NAME(SORT_BY_ALIGNMENT(.z_init_APPLICATION_P_??_*)))
 *(SORT_BY_NAME(SORT_BY_ALIGNMENT(.z_init_APPLICATION_P_???_*)))
                0x0000000018007748                __init_SMP_start = .
 *(SORT_BY_NAME(SORT_BY_ALIGNMENT(.z_init_SMP_P_?_*)))
 *(SORT_BY_NAME(SORT_BY_ALIGNMENT(.z_init_SMP_P_??_*)))
 *(SORT_BY_NAME(SORT_BY_ALIGNMENT(.z_init_SMP_P_???_*)))
                0x0000000018007748                __init_end = .

device_area     0x0000000018007748      0x120
                0x0000000018007748                _device_list_start = .
 *(SORT_BY_NAME(SORT_BY_ALIGNMENT(._device.static.*_?_*)))
 *(SORT_BY_NAME(SORT_BY_ALIGNMENT(._device.static.*_??_*)))
 ._device.static.1_30_
                0x0000000018007748       0x40 zephyr/drivers/clock_control/libdrivers__clock_control.a(clock_control_mcux_syscon.c.obj)
                0x0000000018007748                __device_dts_ord_28
                0x0000000018007768                __device_dts_ord_26
 ._device.static.1_35_
                0x0000000018007788       0x40 zephyr/drivers/reset/libdrivers__reset.a(reset_nxp_rstctl.c.obj)
                0x0000000018007788                __device_dts_ord_34
                0x00000000180077a8                __device_dts_ord_99
 ._device.static.1_40_
                0x00000000180077c8       0x20 zephyr/drivers/interrupt_controller/libdrivers__interrupt_controller.a(intc_nxp_pint.c.obj)
                0x00000000180077c8                __device_dts_ord_48
 ._device.static.1_40_
                0x00000000180077e8       0x40 zephyr/drivers/gpio/libdrivers__gpio.a(gpio_mcux_lpc.c.obj)
                0x00000000180077e8                __device_dts_ord_69
                0x0000000018007808                __device_dts_ord_19
 ._device.static.1_50_
                0x0000000018007828       0x20 zephyr/drivers/serial/libdrivers__serial.a(uart_mcux_flexcomm.c.obj)
                0x0000000018007828                __device_dts_ord_40
 ._device.static.3_50_
                0x0000000018007848       0x20 zephyr/drivers/spi/libdrivers__spi.a(spi_mcux_flexcomm.c.obj)
                0x0000000018007848                __device_dts_ord_38
 *(SORT_BY_NAME(SORT_BY_ALIGNMENT(._device.static.*_???_*)))
 *(SORT_BY_NAME(SORT_BY_ALIGNMENT(._device.static.*_????_*)))
 *(SORT_BY_NAME(SORT_BY_ALIGNMENT(._device.static.*_?????_*)))
                0x0000000018007868                _device_list_end = .

sw_isr_table    0x0000000018007868      0x408
                0x0000000018007868                . = ALIGN (0x4)
 *(SORT_BY_ALIGNMENT(.gnu.linkonce.sw_isr_table*))
 .gnu.linkonce.sw_isr_table
                0x0000000018007868      0x408 zephyr/arch/common/libisr_tables.a(isr_tables.c.obj)
                0x0000000018007868                _sw_isr_table

initlevel_error
                0x00000000180076e0        0x0
 *(SORT_BY_NAME(SORT_BY_ALIGNMENT(.z_init_*)))
                0x0000000000000001                ASSERT ((SIZEOF (initlevel_error) == 0x0), Undefined initialization levels used.)

app_shmem_regions
                0x0000000018007c70        0x0
                0x0000000018007c70                __app_shmem_regions_start = .
 *(SORT_BY_NAME(SORT_BY_ALIGNMENT(.app_regions.*)))
                0x0000000018007c70                __app_shmem_regions_end = .

k_p4wq_initparam_area
                0x0000000018007c70        0x0
                0x0000000018007c70                _k_p4wq_initparam_list_start = .
 *(SORT_BY_NAME(SORT_BY_ALIGNMENT(._k_p4wq_initparam.static.*)))
                0x0000000018007c70                _k_p4wq_initparam_list_end = .

_static_thread_data_area
                0x0000000018007c70       0x60
                0x0000000018007c70                __static_thread_data_list_start = .
 *(SORT_BY_NAME(SORT_BY_ALIGNMENT(.__static_thread_data.static.*)))
 .__static_thread_data.static._k_thread_data_dbal_rx_thread_
                0x0000000018007c70       0x30 app/libapp.a(dbus_app_layer.c.obj)
                0x0000000018007c70                _k_thread_data_dbal_rx_thread
 .__static_thread_data.static._k_thread_data_dbal_tx_thread_
                0x0000000018007ca0       0x30 app/libapp.a(dbus_app_layer.c.obj)
                0x0000000018007ca0                _k_thread_data_dbal_tx_thread
                0x0000000018007cd0                __static_thread_data_list_end = .

device_deps     0x0000000018007cd0        0x0
                0x0000000018007cd0                __device_deps_start = .
 *(SORT_BY_NAME(SORT_BY_ALIGNMENT(.__device_deps_pass2*)))
                0x0000000018007cd0                __device_deps_end = .

gpio_driver_api_area
                0x0000000018007cd0       0x24
                0x0000000018007cd0                _gpio_driver_api_list_start = .
 *(SORT_BY_NAME(SORT_BY_ALIGNMENT(._gpio_driver_api.static.*)))
 ._gpio_driver_api.static.gpio_mcux_lpc_driver_api_
                0x0000000018007cd0       0x24 zephyr/drivers/gpio/libdrivers__gpio.a(gpio_mcux_lpc.c.obj)
                0x0000000018007cf4                _gpio_driver_api_list_end = .

reset_driver_api_area
                0x0000000018007cf4       0x10
                0x0000000018007cf4                _reset_driver_api_list_start = .
 *(SORT_BY_NAME(SORT_BY_ALIGNMENT(._reset_driver_api.static.*)))
 ._reset_driver_api.static.reset_nxp_rstctl_driver_api_
                0x0000000018007cf4       0x10 zephyr/drivers/reset/libdrivers__reset.a(reset_nxp_rstctl.c.obj)
                0x0000000018007d04                _reset_driver_api_list_end = .

spi_driver_api_area
                0x0000000018007d04        0x8
                0x0000000018007d04                _spi_driver_api_list_start = .
 *(SORT_BY_NAME(SORT_BY_ALIGNMENT(._spi_driver_api.static.*)))
 ._spi_driver_api.static.spi_mcux_driver_api_
                0x0000000018007d04        0x8 zephyr/drivers/spi/libdrivers__spi.a(spi_mcux_flexcomm.c.obj)
                0x0000000018007d0c                _spi_driver_api_list_end = .

shared_irq_driver_api_area
                0x0000000018007d0c        0x0
                0x0000000018007d0c                _shared_irq_driver_api_list_start = .
 *(SORT_BY_NAME(SORT_BY_ALIGNMENT(._shared_irq_driver_api.static.*)))
                0x0000000018007d0c                _shared_irq_driver_api_list_end = .

crypto_driver_api_area
                0x0000000018007d0c        0x0
                0x0000000018007d0c                _crypto_driver_api_list_start = .
 *(SORT_BY_NAME(SORT_BY_ALIGNMENT(._crypto_driver_api.static.*)))
                0x0000000018007d0c                _crypto_driver_api_list_end = .

adc_driver_api_area
                0x0000000018007d0c        0x0
                0x0000000018007d0c                _adc_driver_api_list_start = .
 *(SORT_BY_NAME(SORT_BY_ALIGNMENT(._adc_driver_api.static.*)))
                0x0000000018007d0c                _adc_driver_api_list_end = .

auxdisplay_driver_api_area
                0x0000000018007d0c        0x0
                0x0000000018007d0c                _auxdisplay_driver_api_list_start = .
 *(SORT_BY_NAME(SORT_BY_ALIGNMENT(._auxdisplay_driver_api.static.*)))
                0x0000000018007d0c                _auxdisplay_driver_api_list_end = .

bbram_driver_api_area
                0x0000000018007d0c        0x0
                0x0000000018007d0c                _bbram_driver_api_list_start = .
 *(SORT_BY_NAME(SORT_BY_ALIGNMENT(._bbram_driver_api.static.*)))
                0x0000000018007d0c                _bbram_driver_api_list_end = .

bt_hci_driver_api_area
                0x0000000018007d0c        0x0
                0x0000000018007d0c                _bt_hci_driver_api_list_start = .
 *(SORT_BY_NAME(SORT_BY_ALIGNMENT(._bt_hci_driver_api.static.*)))
                0x0000000018007d0c                _bt_hci_driver_api_list_end = .

can_driver_api_area
                0x0000000018007d0c        0x0
                0x0000000018007d0c                _can_driver_api_list_start = .
 *(SORT_BY_NAME(SORT_BY_ALIGNMENT(._can_driver_api.static.*)))
                0x0000000018007d0c                _can_driver_api_list_end = .

cellular_driver_api_area
                0x0000000018007d0c        0x0
                0x0000000018007d0c                _cellular_driver_api_list_start = .
 *(SORT_BY_NAME(SORT_BY_ALIGNMENT(._cellular_driver_api.static.*)))
                0x0000000018007d0c                _cellular_driver_api_list_end = .

charger_driver_api_area
                0x0000000018007d0c        0x0
                0x0000000018007d0c                _charger_driver_api_list_start = .
 *(SORT_BY_NAME(SORT_BY_ALIGNMENT(._charger_driver_api.static.*)))
                0x0000000018007d0c                _charger_driver_api_list_end = .

clock_control_driver_api_area
                0x0000000018007d0c       0x1c
                0x0000000018007d0c                _clock_control_driver_api_list_start = .
 *(SORT_BY_NAME(SORT_BY_ALIGNMENT(._clock_control_driver_api.static.*)))
 ._clock_control_driver_api.static.mcux_lpc_syscon_api_
                0x0000000018007d0c       0x1c zephyr/drivers/clock_control/libdrivers__clock_control.a(clock_control_mcux_syscon.c.obj)
                0x0000000018007d28                _clock_control_driver_api_list_end = .

comparator_driver_api_area
                0x0000000018007d28        0x0
                0x0000000018007d28                _comparator_driver_api_list_start = .
 *(SORT_BY_NAME(SORT_BY_ALIGNMENT(._comparator_driver_api.static.*)))
                0x0000000018007d28                _comparator_driver_api_list_end = .

coredump_driver_api_area
                0x0000000018007d28        0x0
                0x0000000018007d28                _coredump_driver_api_list_start = .
 *(SORT_BY_NAME(SORT_BY_ALIGNMENT(._coredump_driver_api.static.*)))
                0x0000000018007d28                _coredump_driver_api_list_end = .

counter_driver_api_area
                0x0000000018007d28        0x0
                0x0000000018007d28                _counter_driver_api_list_start = .
 *(SORT_BY_NAME(SORT_BY_ALIGNMENT(._counter_driver_api.static.*)))
                0x0000000018007d28                _counter_driver_api_list_end = .

dac_driver_api_area
                0x0000000018007d28        0x0
                0x0000000018007d28                _dac_driver_api_list_start = .
 *(SORT_BY_NAME(SORT_BY_ALIGNMENT(._dac_driver_api.static.*)))
                0x0000000018007d28                _dac_driver_api_list_end = .

dai_driver_api_area
                0x0000000018007d28        0x0
                0x0000000018007d28                _dai_driver_api_list_start = .
 *(SORT_BY_NAME(SORT_BY_ALIGNMENT(._dai_driver_api.static.*)))
                0x0000000018007d28                _dai_driver_api_list_end = .

display_driver_api_area
                0x0000000018007d28        0x0
                0x0000000018007d28                _display_driver_api_list_start = .
 *(SORT_BY_NAME(SORT_BY_ALIGNMENT(._display_driver_api.static.*)))
                0x0000000018007d28                _display_driver_api_list_end = .

dma_driver_api_area
                0x0000000018007d28        0x0
                0x0000000018007d28                _dma_driver_api_list_start = .
 *(SORT_BY_NAME(SORT_BY_ALIGNMENT(._dma_driver_api.static.*)))
                0x0000000018007d28                _dma_driver_api_list_end = .

edac_driver_api_area
                0x0000000018007d28        0x0
                0x0000000018007d28                _edac_driver_api_list_start = .
 *(SORT_BY_NAME(SORT_BY_ALIGNMENT(._edac_driver_api.static.*)))
                0x0000000018007d28                _edac_driver_api_list_end = .

eeprom_driver_api_area
                0x0000000018007d28        0x0
                0x0000000018007d28                _eeprom_driver_api_list_start = .
 *(SORT_BY_NAME(SORT_BY_ALIGNMENT(._eeprom_driver_api.static.*)))
                0x0000000018007d28                _eeprom_driver_api_list_end = .

emul_bbram_driver_api_area
                0x0000000018007d28        0x0
                0x0000000018007d28                _emul_bbram_driver_api_list_start = .
 *(SORT_BY_NAME(SORT_BY_ALIGNMENT(._emul_bbram_driver_api.static.*)))
                0x0000000018007d28                _emul_bbram_driver_api_list_end = .

fuel_gauge_emul_driver_api_area
                0x0000000018007d28        0x0
                0x0000000018007d28                _fuel_gauge_emul_driver_api_list_start = .
 *(SORT_BY_NAME(SORT_BY_ALIGNMENT(._fuel_gauge_emul_driver_api.static.*)))
                0x0000000018007d28                _fuel_gauge_emul_driver_api_list_end = .

emul_sensor_driver_api_area
                0x0000000018007d28        0x0
                0x0000000018007d28                _emul_sensor_driver_api_list_start = .
 *(SORT_BY_NAME(SORT_BY_ALIGNMENT(._emul_sensor_driver_api.static.*)))
                0x0000000018007d28                _emul_sensor_driver_api_list_end = .

entropy_driver_api_area
                0x0000000018007d28        0x0
                0x0000000018007d28                _entropy_driver_api_list_start = .
 *(SORT_BY_NAME(SORT_BY_ALIGNMENT(._entropy_driver_api.static.*)))
                0x0000000018007d28                _entropy_driver_api_list_end = .

espi_driver_api_area
                0x0000000018007d28        0x0
                0x0000000018007d28                _espi_driver_api_list_start = .
 *(SORT_BY_NAME(SORT_BY_ALIGNMENT(._espi_driver_api.static.*)))
                0x0000000018007d28                _espi_driver_api_list_end = .

espi_saf_driver_api_area
                0x0000000018007d28        0x0
                0x0000000018007d28                _espi_saf_driver_api_list_start = .
 *(SORT_BY_NAME(SORT_BY_ALIGNMENT(._espi_saf_driver_api.static.*)))
                0x0000000018007d28                _espi_saf_driver_api_list_end = .

flash_driver_api_area
                0x0000000018007d28        0x0
                0x0000000018007d28                _flash_driver_api_list_start = .
 *(SORT_BY_NAME(SORT_BY_ALIGNMENT(._flash_driver_api.static.*)))
                0x0000000018007d28                _flash_driver_api_list_end = .

fpga_driver_api_area
                0x0000000018007d28        0x0
                0x0000000018007d28                _fpga_driver_api_list_start = .
 *(SORT_BY_NAME(SORT_BY_ALIGNMENT(._fpga_driver_api.static.*)))
                0x0000000018007d28                _fpga_driver_api_list_end = .

fuel_gauge_driver_api_area
                0x0000000018007d28        0x0
                0x0000000018007d28                _fuel_gauge_driver_api_list_start = .
 *(SORT_BY_NAME(SORT_BY_ALIGNMENT(._fuel_gauge_driver_api.static.*)))
                0x0000000018007d28                _fuel_gauge_driver_api_list_end = .

gnss_driver_api_area
                0x0000000018007d28        0x0
                0x0000000018007d28                _gnss_driver_api_list_start = .
 *(SORT_BY_NAME(SORT_BY_ALIGNMENT(._gnss_driver_api.static.*)))
                0x0000000018007d28                _gnss_driver_api_list_end = .

haptics_driver_api_area
                0x0000000018007d28        0x0
                0x0000000018007d28                _haptics_driver_api_list_start = .
 *(SORT_BY_NAME(SORT_BY_ALIGNMENT(._haptics_driver_api.static.*)))
                0x0000000018007d28                _haptics_driver_api_list_end = .

hwspinlock_driver_api_area
                0x0000000018007d28        0x0
                0x0000000018007d28                _hwspinlock_driver_api_list_start = .
 *(SORT_BY_NAME(SORT_BY_ALIGNMENT(._hwspinlock_driver_api.static.*)))
                0x0000000018007d28                _hwspinlock_driver_api_list_end = .

i2c_driver_api_area
                0x0000000018007d28        0x0
                0x0000000018007d28                _i2c_driver_api_list_start = .
 *(SORT_BY_NAME(SORT_BY_ALIGNMENT(._i2c_driver_api.static.*)))
                0x0000000018007d28                _i2c_driver_api_list_end = .

i2c_target_driver_api_area
                0x0000000018007d28        0x0
                0x0000000018007d28                _i2c_target_driver_api_list_start = .
 *(SORT_BY_NAME(SORT_BY_ALIGNMENT(._i2c_target_driver_api.static.*)))
                0x0000000018007d28                _i2c_target_driver_api_list_end = .

i2s_driver_api_area
                0x0000000018007d28        0x0
                0x0000000018007d28                _i2s_driver_api_list_start = .
 *(SORT_BY_NAME(SORT_BY_ALIGNMENT(._i2s_driver_api.static.*)))
                0x0000000018007d28                _i2s_driver_api_list_end = .

i3c_driver_api_area
                0x0000000018007d28        0x0
                0x0000000018007d28                _i3c_driver_api_list_start = .
 *(SORT_BY_NAME(SORT_BY_ALIGNMENT(._i3c_driver_api.static.*)))
                0x0000000018007d28                _i3c_driver_api_list_end = .

ipm_driver_api_area
                0x0000000018007d28        0x0
                0x0000000018007d28                _ipm_driver_api_list_start = .
 *(SORT_BY_NAME(SORT_BY_ALIGNMENT(._ipm_driver_api.static.*)))
                0x0000000018007d28                _ipm_driver_api_list_end = .

led_driver_api_area
                0x0000000018007d28        0x0
                0x0000000018007d28                _led_driver_api_list_start = .
 *(SORT_BY_NAME(SORT_BY_ALIGNMENT(._led_driver_api.static.*)))
                0x0000000018007d28                _led_driver_api_list_end = .

led_strip_driver_api_area
                0x0000000018007d28        0x0
                0x0000000018007d28                _led_strip_driver_api_list_start = .
 *(SORT_BY_NAME(SORT_BY_ALIGNMENT(._led_strip_driver_api.static.*)))
                0x0000000018007d28                _led_strip_driver_api_list_end = .

lora_driver_api_area
                0x0000000018007d28        0x0
                0x0000000018007d28                _lora_driver_api_list_start = .
 *(SORT_BY_NAME(SORT_BY_ALIGNMENT(._lora_driver_api.static.*)))
                0x0000000018007d28                _lora_driver_api_list_end = .

mbox_driver_api_area
                0x0000000018007d28        0x0
                0x0000000018007d28                _mbox_driver_api_list_start = .
 *(SORT_BY_NAME(SORT_BY_ALIGNMENT(._mbox_driver_api.static.*)))
                0x0000000018007d28                _mbox_driver_api_list_end = .

mdio_driver_api_area
                0x0000000018007d28        0x0
                0x0000000018007d28                _mdio_driver_api_list_start = .
 *(SORT_BY_NAME(SORT_BY_ALIGNMENT(._mdio_driver_api.static.*)))
                0x0000000018007d28                _mdio_driver_api_list_end = .

mipi_dbi_driver_api_area
                0x0000000018007d28        0x0
                0x0000000018007d28                _mipi_dbi_driver_api_list_start = .
 *(SORT_BY_NAME(SORT_BY_ALIGNMENT(._mipi_dbi_driver_api.static.*)))
                0x0000000018007d28                _mipi_dbi_driver_api_list_end = .

mipi_dsi_driver_api_area
                0x0000000018007d28        0x0
                0x0000000018007d28                _mipi_dsi_driver_api_list_start = .
 *(SORT_BY_NAME(SORT_BY_ALIGNMENT(._mipi_dsi_driver_api.static.*)))
                0x0000000018007d28                _mipi_dsi_driver_api_list_end = .

mspi_driver_api_area
                0x0000000018007d28        0x0
                0x0000000018007d28                _mspi_driver_api_list_start = .
 *(SORT_BY_NAME(SORT_BY_ALIGNMENT(._mspi_driver_api.static.*)))
                0x0000000018007d28                _mspi_driver_api_list_end = .

peci_driver_api_area
                0x0000000018007d28        0x0
                0x0000000018007d28                _peci_driver_api_list_start = .
 *(SORT_BY_NAME(SORT_BY_ALIGNMENT(._peci_driver_api.static.*)))
                0x0000000018007d28                _peci_driver_api_list_end = .

ps2_driver_api_area
                0x0000000018007d28        0x0
                0x0000000018007d28                _ps2_driver_api_list_start = .
 *(SORT_BY_NAME(SORT_BY_ALIGNMENT(._ps2_driver_api.static.*)))
                0x0000000018007d28                _ps2_driver_api_list_end = .

ptp_clock_driver_api_area
                0x0000000018007d28        0x0
                0x0000000018007d28                _ptp_clock_driver_api_list_start = .
 *(SORT_BY_NAME(SORT_BY_ALIGNMENT(._ptp_clock_driver_api.static.*)))
                0x0000000018007d28                _ptp_clock_driver_api_list_end = .

pwm_driver_api_area
                0x0000000018007d28        0x0
                0x0000000018007d28                _pwm_driver_api_list_start = .
 *(SORT_BY_NAME(SORT_BY_ALIGNMENT(._pwm_driver_api.static.*)))
                0x0000000018007d28                _pwm_driver_api_list_end = .

regulator_parent_driver_api_area
                0x0000000018007d28        0x0
                0x0000000018007d28                _regulator_parent_driver_api_list_start = .
 *(SORT_BY_NAME(SORT_BY_ALIGNMENT(._regulator_parent_driver_api.static.*)))
                0x0000000018007d28                _regulator_parent_driver_api_list_end = .

regulator_driver_api_area
                0x0000000018007d28        0x0
                0x0000000018007d28                _regulator_driver_api_list_start = .
 *(SORT_BY_NAME(SORT_BY_ALIGNMENT(._regulator_driver_api.static.*)))
                0x0000000018007d28                _regulator_driver_api_list_end = .

retained_mem_driver_api_area
                0x0000000018007d28        0x0
                0x0000000018007d28                _retained_mem_driver_api_list_start = .
 *(SORT_BY_NAME(SORT_BY_ALIGNMENT(._retained_mem_driver_api.static.*)))
                0x0000000018007d28                _retained_mem_driver_api_list_end = .

rtc_driver_api_area
                0x0000000018007d28        0x0
                0x0000000018007d28                _rtc_driver_api_list_start = .
 *(SORT_BY_NAME(SORT_BY_ALIGNMENT(._rtc_driver_api.static.*)))
                0x0000000018007d28                _rtc_driver_api_list_end = .

sdhc_driver_api_area
                0x0000000018007d28        0x0
                0x0000000018007d28                _sdhc_driver_api_list_start = .
 *(SORT_BY_NAME(SORT_BY_ALIGNMENT(._sdhc_driver_api.static.*)))
                0x0000000018007d28                _sdhc_driver_api_list_end = .

sensor_driver_api_area
                0x0000000018007d28        0x0
                0x0000000018007d28                _sensor_driver_api_list_start = .
 *(SORT_BY_NAME(SORT_BY_ALIGNMENT(._sensor_driver_api.static.*)))
                0x0000000018007d28                _sensor_driver_api_list_end = .

smbus_driver_api_area
                0x0000000018007d28        0x0
                0x0000000018007d28                _smbus_driver_api_list_start = .
 *(SORT_BY_NAME(SORT_BY_ALIGNMENT(._smbus_driver_api.static.*)))
                0x0000000018007d28                _smbus_driver_api_list_end = .

stepper_driver_api_area
                0x0000000018007d28        0x0
                0x0000000018007d28                _stepper_driver_api_list_start = .
 *(SORT_BY_NAME(SORT_BY_ALIGNMENT(._stepper_driver_api.static.*)))
                0x0000000018007d28                _stepper_driver_api_list_end = .

syscon_driver_api_area
                0x0000000018007d28        0x0
                0x0000000018007d28                _syscon_driver_api_list_start = .
 *(SORT_BY_NAME(SORT_BY_ALIGNMENT(._syscon_driver_api.static.*)))
                0x0000000018007d28                _syscon_driver_api_list_end = .

tee_driver_api_area
                0x0000000018007d28        0x0
                0x0000000018007d28                _tee_driver_api_list_start = .
 *(SORT_BY_NAME(SORT_BY_ALIGNMENT(._tee_driver_api.static.*)))
                0x0000000018007d28                _tee_driver_api_list_end = .

video_driver_api_area
                0x0000000018007d28        0x0
                0x0000000018007d28                _video_driver_api_list_start = .
 *(SORT_BY_NAME(SORT_BY_ALIGNMENT(._video_driver_api.static.*)))
                0x0000000018007d28                _video_driver_api_list_end = .

virtio_driver_api_area
                0x0000000018007d28        0x0
                0x0000000018007d28                _virtio_driver_api_list_start = .
 *(SORT_BY_NAME(SORT_BY_ALIGNMENT(._virtio_driver_api.static.*)))
                0x0000000018007d28                _virtio_driver_api_list_end = .

w1_driver_api_area
                0x0000000018007d28        0x0
                0x0000000018007d28                _w1_driver_api_list_start = .
 *(SORT_BY_NAME(SORT_BY_ALIGNMENT(._w1_driver_api.static.*)))
                0x0000000018007d28                _w1_driver_api_list_end = .

wdt_driver_api_area
                0x0000000018007d28        0x0
                0x0000000018007d28                _wdt_driver_api_list_start = .
 *(SORT_BY_NAME(SORT_BY_ALIGNMENT(._wdt_driver_api.static.*)))
                0x0000000018007d28                _wdt_driver_api_list_end = .

can_transceiver_driver_api_area
                0x0000000018007d28        0x0
                0x0000000018007d28                _can_transceiver_driver_api_list_start = .
 *(SORT_BY_NAME(SORT_BY_ALIGNMENT(._can_transceiver_driver_api.static.*)))
                0x0000000018007d28                _can_transceiver_driver_api_list_end = .

nrf_clock_control_driver_api_area
                0x0000000018007d28        0x0
                0x0000000018007d28                _nrf_clock_control_driver_api_list_start = .
 *(SORT_BY_NAME(SORT_BY_ALIGNMENT(._nrf_clock_control_driver_api.static.*)))
                0x0000000018007d28                _nrf_clock_control_driver_api_list_end = .

i3c_target_driver_api_area
                0x0000000018007d28        0x0
                0x0000000018007d28                _i3c_target_driver_api_list_start = .
 *(SORT_BY_NAME(SORT_BY_ALIGNMENT(._i3c_target_driver_api.static.*)))
                0x0000000018007d28                _i3c_target_driver_api_list_end = .

its_driver_api_area
                0x0000000018007d28        0x0
                0x0000000018007d28                _its_driver_api_list_start = .
 *(SORT_BY_NAME(SORT_BY_ALIGNMENT(._its_driver_api.static.*)))
                0x0000000018007d28                _its_driver_api_list_end = .

vtd_driver_api_area
                0x0000000018007d28        0x0
                0x0000000018007d28                _vtd_driver_api_list_start = .
 *(SORT_BY_NAME(SORT_BY_ALIGNMENT(._vtd_driver_api.static.*)))
                0x0000000018007d28                _vtd_driver_api_list_end = .

renesas_elc_driver_api_area
                0x0000000018007d28        0x0
                0x0000000018007d28                _renesas_elc_driver_api_list_start = .
 *(SORT_BY_NAME(SORT_BY_ALIGNMENT(._renesas_elc_driver_api.static.*)))
                0x0000000018007d28                _renesas_elc_driver_api_list_end = .

tgpio_driver_api_area
                0x0000000018007d28        0x0
                0x0000000018007d28                _tgpio_driver_api_list_start = .
 *(SORT_BY_NAME(SORT_BY_ALIGNMENT(._tgpio_driver_api.static.*)))
                0x0000000018007d28                _tgpio_driver_api_list_end = .

pcie_ctrl_driver_api_area
                0x0000000018007d28        0x0
                0x0000000018007d28                _pcie_ctrl_driver_api_list_start = .
 *(SORT_BY_NAME(SORT_BY_ALIGNMENT(._pcie_ctrl_driver_api.static.*)))
                0x0000000018007d28                _pcie_ctrl_driver_api_list_end = .

pcie_ep_driver_api_area
                0x0000000018007d28        0x0
                0x0000000018007d28                _pcie_ep_driver_api_list_start = .
 *(SORT_BY_NAME(SORT_BY_ALIGNMENT(._pcie_ep_driver_api.static.*)))
                0x0000000018007d28                _pcie_ep_driver_api_list_end = .

psi5_driver_api_area
                0x0000000018007d28        0x0
                0x0000000018007d28                _psi5_driver_api_list_start = .
 *(SORT_BY_NAME(SORT_BY_ALIGNMENT(._psi5_driver_api.static.*)))
                0x0000000018007d28                _psi5_driver_api_list_end = .

sent_driver_api_area
                0x0000000018007d28        0x0
                0x0000000018007d28                _sent_driver_api_list_start = .
 *(SORT_BY_NAME(SORT_BY_ALIGNMENT(._sent_driver_api.static.*)))
                0x0000000018007d28                _sent_driver_api_list_end = .

svc_driver_api_area
                0x0000000018007d28        0x0
                0x0000000018007d28                _svc_driver_api_list_start = .
 *(SORT_BY_NAME(SORT_BY_ALIGNMENT(._svc_driver_api.static.*)))
                0x0000000018007d28                _svc_driver_api_list_end = .

uart_driver_api_area
                0x0000000018007d28       0x4c
                0x0000000018007d28                _uart_driver_api_list_start = .
 *(SORT_BY_NAME(SORT_BY_ALIGNMENT(._uart_driver_api.static.*)))
 ._uart_driver_api.static.mcux_flexcomm_driver_api_
                0x0000000018007d28       0x4c zephyr/drivers/serial/libdrivers__serial.a(uart_mcux_flexcomm.c.obj)
                0x0000000018007d74                _uart_driver_api_list_end = .

bc12_emul_driver_api_area
                0x0000000018007d74        0x0
                0x0000000018007d74                _bc12_emul_driver_api_list_start = .
 *(SORT_BY_NAME(SORT_BY_ALIGNMENT(._bc12_emul_driver_api.static.*)))
                0x0000000018007d74                _bc12_emul_driver_api_list_end = .

bc12_driver_api_area
                0x0000000018007d74        0x0
                0x0000000018007d74                _bc12_driver_api_list_start = .
 *(SORT_BY_NAME(SORT_BY_ALIGNMENT(._bc12_driver_api.static.*)))
                0x0000000018007d74                _bc12_driver_api_list_end = .

usbc_ppc_driver_api_area
                0x0000000018007d74        0x0
                0x0000000018007d74                _usbc_ppc_driver_api_list_start = .
 *(SORT_BY_NAME(SORT_BY_ALIGNMENT(._usbc_ppc_driver_api.static.*)))
                0x0000000018007d74                _usbc_ppc_driver_api_list_end = .

tcpc_driver_api_area
                0x0000000018007d74        0x0
                0x0000000018007d74                _tcpc_driver_api_list_start = .
 *(SORT_BY_NAME(SORT_BY_ALIGNMENT(._tcpc_driver_api.static.*)))
                0x0000000018007d74                _tcpc_driver_api_list_end = .

usbc_vbus_driver_api_area
                0x0000000018007d74        0x0
                0x0000000018007d74                _usbc_vbus_driver_api_list_start = .
 *(SORT_BY_NAME(SORT_BY_ALIGNMENT(._usbc_vbus_driver_api.static.*)))
                0x0000000018007d74                _usbc_vbus_driver_api_list_end = .

ivshmem_driver_api_area
                0x0000000018007d74        0x0
                0x0000000018007d74                _ivshmem_driver_api_list_start = .
 *(SORT_BY_NAME(SORT_BY_ALIGNMENT(._ivshmem_driver_api.static.*)))
                0x0000000018007d74                _ivshmem_driver_api_list_end = .

ethphy_driver_api_area
                0x0000000018007d74        0x0
                0x0000000018007d74                _ethphy_driver_api_list_start = .
 *(SORT_BY_NAME(SORT_BY_ALIGNMENT(._ethphy_driver_api.static.*)))
                0x0000000018007d74                _ethphy_driver_api_list_end = .

ztest           0x0000000018007d74        0x0
                0x0000000018007d74                _ztest_expected_result_entry_list_start = .
 *(SORT_BY_NAME(SORT_BY_ALIGNMENT(._ztest_expected_result_entry.static.*)))
                0x0000000018007d74                _ztest_expected_result_entry_list_end = .
                0x0000000018007d74                _ztest_suite_node_list_start = .
 *(SORT_BY_NAME(SORT_BY_ALIGNMENT(._ztest_suite_node.static.*)))
                0x0000000018007d74                _ztest_suite_node_list_end = .
                0x0000000018007d74                _ztest_unit_test_list_start = .
 *(SORT_BY_NAME(SORT_BY_ALIGNMENT(._ztest_unit_test.static.*)))